Java HotSpot(TM) 64-Bit Server VM (25.212-b10) for linux-amd64 JRE (1.8.0_212-b10), built on Apr  1 2019 21:31:50 by "java_re" with gcc 7.3.0
Memory: 4k page, physical 7733208k(382876k free), swap 0k(0k free)
CommandLine flags: -XX:InitialHeapSize=123731328 -XX:MaxHeapSize=1979701248 -XX:MaxNewSize=348966912 -XX:MaxTenuringThreshold=6 -XX:OldPLABSize=16 -XX:+PrintGC -XX:+PrintGCDateStamps -XX:+PrintGCDetails -XX:+PrintGCTimeStamps -XX:+PrintHeapAtGC -XX:+PrintTenuringDistribution -XX:+UseCompressedClassPointers -XX:+UseCompressedOops -XX:+UseConcMarkSweepGC -XX:+UseParNewGC 
{Heap before GC invocations=0 (full 0):
 par new generation   total 36288K, used 32320K [0x000000008a000000, 0x000000008c750000, 0x000000009ecc0000)
  eden space 32320K, 100% used [0x000000008a000000, 0x000000008bf90000, 0x000000008bf90000)
  from space 3968K,   0% used [0x000000008bf90000, 0x000000008bf90000, 0x000000008c370000)
  to   space 3968K,   0% used [0x000000008c370000, 0x000000008c370000, 0x000000008c750000)
 concurrent mark-sweep generation total 80576K, used 0K [0x000000009ecc0000, 0x00000000a3b70000, 0x0000000100000000)
 Metaspace       used 6412K, capacity 6598K, committed 6656K, reserved 1056768K
  class space    used 687K, capacity 751K, committed 768K, reserved 1048576K
2020-08-09T12:26:57.063+0800: 0.365: [GC (Allocation Failure) 2020-08-09T12:26:57.063+0800: 0.365: [ParNew
Desired survivor size 2031616 bytes, new threshold 1 (max 6)
- age   1:    2420536 bytes,    2420536 total
: 32320K->2389K(36288K), 0.0042506 secs] 32320K->2389K(116864K), 0.0043261 secs] [Times: user=0.01 sys=0.00, real=0.01 secs] 
Heap after GC invocations=1 (full 0):
 par new generation   total 36288K, used 2389K [0x000000008a000000, 0x000000008c750000, 0x000000009ecc0000)
  eden space 32320K,   0% used [0x000000008a000000, 0x000000008a000000, 0x000000008bf90000)
  from space 3968K,  60% used [0x000000008c370000, 0x000000008c5c5430, 0x000000008c750000)
  to   space 3968K,   0% used [0x000000008bf90000, 0x000000008bf90000, 0x000000008c370000)
 concurrent mark-sweep generation total 80576K, used 0K [0x000000009ecc0000, 0x00000000a3b70000, 0x0000000100000000)
 Metaspace       used 6412K, capacity 6598K, committed 6656K, reserved 1056768K
  class space    used 687K, capacity 751K, committed 768K, reserved 1048576K
}
{Heap before GC invocations=1 (full 0):
 par new generation   total 36288K, used 34709K [0x000000008a000000, 0x000000008c750000, 0x000000009ecc0000)
  eden space 32320K, 100% used [0x000000008a000000, 0x000000008bf90000, 0x000000008bf90000)
  from space 3968K,  60% used [0x000000008c370000, 0x000000008c5c5430, 0x000000008c750000)
  to   space 3968K,   0% used [0x000000008bf90000, 0x000000008bf90000, 0x000000008c370000)
 concurrent mark-sweep generation total 80576K, used 0K [0x000000009ecc0000, 0x00000000a3b70000, 0x0000000100000000)
 Metaspace       used 8499K, capacity 8794K, committed 9088K, reserved 1056768K
  class space    used 953K, capacity 1033K, committed 1152K, reserved 1048576K
2020-08-09T12:26:57.208+0800: 0.510: [GC (Allocation Failure) 2020-08-09T12:26:57.208+0800: 0.510: [ParNew
Desired survivor size 2031616 bytes, new threshold 6 (max 6)
- age   1:     580168 bytes,     580168 total
: 34709K->1580K(36288K), 0.0151922 secs] 34709K->3739K(116864K), 0.0152393 secs] [Times: user=0.04 sys=0.01, real=0.01 secs] 
Heap after GC invocations=2 (full 0):
 par new generation   total 36288K, used 1580K [0x000000008a000000, 0x000000008c750000, 0x000000009ecc0000)
  eden space 32320K,   0% used [0x000000008a000000, 0x000000008a000000, 0x000000008bf90000)
  from space 3968K,  39% used [0x000000008bf90000, 0x000000008c11b1b8, 0x000000008c370000)
  to   space 3968K,   0% used [0x000000008c370000, 0x000000008c370000, 0x000000008c750000)
 concurrent mark-sweep generation total 80576K, used 2158K [0x000000009ecc0000, 0x00000000a3b70000, 0x0000000100000000)
 Metaspace       used 8499K, capacity 8794K, committed 9088K, reserved 1056768K
  class space    used 953K, capacity 1033K, committed 1152K, reserved 1048576K
}
{Heap before GC invocations=2 (full 0):
 par new generation   total 36288K, used 33900K [0x000000008a000000, 0x000000008c750000, 0x000000009ecc0000)
  eden space 32320K, 100% used [0x000000008a000000, 0x000000008bf90000, 0x000000008bf90000)
  from space 3968K,  39% used [0x000000008bf90000, 0x000000008c11b1b8, 0x000000008c370000)
  to   space 3968K,   0% used [0x000000008c370000, 0x000000008c370000, 0x000000008c750000)
 concurrent mark-sweep generation total 80576K, used 2158K [0x000000009ecc0000, 0x00000000a3b70000, 0x0000000100000000)
 Metaspace       used 10405K, capacity 10746K, committed 11008K, reserved 1058816K
  class space    used 1189K, capacity 1275K, committed 1280K, reserved 1048576K
2020-08-09T12:26:57.354+0800: 0.656: [GC (Allocation Failure) 2020-08-09T12:26:57.354+0800: 0.656: [ParNew
Desired survivor size 2031616 bytes, new threshold 6 (max 6)
- age   1:     634024 bytes,     634024 total
- age   2:     470416 bytes,    1104440 total
: 33900K->1207K(36288K), 0.0026244 secs] 36059K->3366K(116864K), 0.0026702 secs] [Times: user=0.01 sys=0.00, real=0.00 secs] 
Heap after GC invocations=3 (full 0):
 par new generation   total 36288K, used 1207K [0x000000008a000000, 0x000000008c750000, 0x000000009ecc0000)
  eden space 32320K,   0% used [0x000000008a000000, 0x000000008a000000, 0x000000008bf90000)
  from space 3968K,  30% used [0x000000008c370000, 0x000000008c49dda0, 0x000000008c750000)
  to   space 3968K,   0% used [0x000000008bf90000, 0x000000008bf90000, 0x000000008c370000)
 concurrent mark-sweep generation total 80576K, used 2158K [0x000000009ecc0000, 0x00000000a3b70000, 0x0000000100000000)
 Metaspace       used 10405K, capacity 10746K, committed 11008K, reserved 1058816K
  class space    used 1189K, capacity 1275K, committed 1280K, reserved 1048576K
}
{Heap before GC invocations=3 (full 0):
 par new generation   total 36288K, used 33527K [0x000000008a000000, 0x000000008c750000, 0x000000009ecc0000)
  eden space 32320K, 100% used [0x000000008a000000, 0x000000008bf90000, 0x000000008bf90000)
  from space 3968K,  30% used [0x000000008c370000, 0x000000008c49dda0, 0x000000008c750000)
  to   space 3968K,   0% used [0x000000008bf90000, 0x000000008bf90000, 0x000000008c370000)
 concurrent mark-sweep generation total 80576K, used 2158K [0x000000009ecc0000, 0x00000000a3b70000, 0x0000000100000000)
 Metaspace       used 12263K, capacity 12734K, committed 12928K, reserved 1060864K
  class space    used 1493K, capacity 1626K, committed 1664K, reserved 1048576K
2020-08-09T12:26:57.506+0800: 0.807: [GC (Allocation Failure) 2020-08-09T12:26:57.506+0800: 0.807: [ParNew
Desired survivor size 2031616 bytes, new threshold 6 (max 6)
- age   1:     698696 bytes,     698696 total
- age   2:     523176 bytes,    1221872 total
- age   3:     458496 bytes,    1680368 total
: 33527K->2097K(36288K), 0.0029764 secs] 35686K->4256K(116864K), 0.0030460 secs] [Times: user=0.01 sys=0.01, real=0.00 secs] 
Heap after GC invocations=4 (full 0):
 par new generation   total 36288K, used 2097K [0x000000008a000000, 0x000000008c750000, 0x000000009ecc0000)
  eden space 32320K,   0% used [0x000000008a000000, 0x000000008a000000, 0x000000008bf90000)
  from space 3968K,  52% used [0x000000008bf90000, 0x000000008c19c5f8, 0x000000008c370000)
  to   space 3968K,   0% used [0x000000008c370000, 0x000000008c370000, 0x000000008c750000)
 concurrent mark-sweep generation total 80576K, used 2158K [0x000000009ecc0000, 0x00000000a3b70000, 0x0000000100000000)
 Metaspace       used 12263K, capacity 12734K, committed 12928K, reserved 1060864K
  class space    used 1493K, capacity 1626K, committed 1664K, reserved 1048576K
}
{Heap before GC invocations=4 (full 0):
 par new generation   total 36288K, used 34418K [0x000000008a000000, 0x000000008c750000, 0x000000009ecc0000)
  eden space 32320K, 100% used [0x000000008a000000, 0x000000008bf90000, 0x000000008bf90000)
  from space 3968K,  52% used [0x000000008bf90000, 0x000000008c19c908, 0x000000008c370000)
  to   space 3968K,   0% used [0x000000008c370000, 0x000000008c370000, 0x000000008c750000)
 concurrent mark-sweep generation total 80576K, used 2158K [0x000000009ecc0000, 0x00000000a3b70000, 0x0000000100000000)
 Metaspace       used 13244K, capacity 13760K, committed 13952K, reserved 1060864K
  class space    used 1707K, capacity 1833K, committed 1920K, reserved 1048576K
2020-08-09T12:26:57.596+0800: 0.897: [GC (GCLocker Initiated GC) 2020-08-09T12:26:57.596+0800: 0.898: [ParNew
Desired survivor size 2031616 bytes, new threshold 4 (max 6)
- age   1:     590216 bytes,     590216 total
- age   2:     594776 bytes,    1184992 total
- age   3:     507344 bytes,    1692336 total
- age   4:     455864 bytes,    2148200 total
: 34418K->2899K(36288K), 0.0032895 secs] 36577K->5058K(116864K), 0.0033622 secs] [Times: user=0.01 sys=0.00, real=0.00 secs] 
Heap after GC invocations=5 (full 0):
 par new generation   total 36288K, used 2899K [0x000000008a000000, 0x000000008c750000, 0x000000009ecc0000)
  eden space 32320K,   0% used [0x000000008a000000, 0x000000008a000000, 0x000000008bf90000)
  from space 3968K,  73% used [0x000000008c370000, 0x000000008c644eb0, 0x000000008c750000)
  to   space 3968K,   0% used [0x000000008bf90000, 0x000000008bf90000, 0x000000008c370000)
 concurrent mark-sweep generation total 80576K, used 2158K [0x000000009ecc0000, 0x00000000a3b70000, 0x0000000100000000)
 Metaspace       used 13244K, capacity 13760K, committed 13952K, reserved 1060864K
  class space    used 1707K, capacity 1833K, committed 1920K, reserved 1048576K
}
{Heap before GC invocations=5 (full 0):
 par new generation   total 36288K, used 35219K [0x000000008a000000, 0x000000008c750000, 0x000000009ecc0000)
  eden space 32320K, 100% used [0x000000008a000000, 0x000000008bf90000, 0x000000008bf90000)
  from space 3968K,  73% used [0x000000008c370000, 0x000000008c644eb0, 0x000000008c750000)
  to   space 3968K,   0% used [0x000000008bf90000, 0x000000008bf90000, 0x000000008c370000)
 concurrent mark-sweep generation total 80576K, used 2158K [0x000000009ecc0000, 0x00000000a3b70000, 0x0000000100000000)
 Metaspace       used 15037K, capacity 15544K, committed 15744K, reserved 1062912K
  class space    used 1966K, capacity 2113K, committed 2176K, reserved 1048576K
2020-08-09T12:26:57.698+0800: 0.999: [GC (Allocation Failure) 2020-08-09T12:26:57.698+0800: 0.999: [ParNew
Desired survivor size 2031616 bytes, new threshold 4 (max 6)
- age   1:     825136 bytes,     825136 total
- age   2:     442960 bytes,    1268096 total
- age   3:     550792 bytes,    1818888 total
- age   4:     454912 bytes,    2273800 total
: 35219K->2892K(36288K), 0.0095490 secs] 37378K->5506K(116864K), 0.0095991 secs] [Times: user=0.02 sys=0.00, real=0.01 secs] 
Heap after GC invocations=6 (full 0):
 par new generation   total 36288K, used 2892K [0x000000008a000000, 0x000000008c750000, 0x000000009ecc0000)
  eden space 32320K,   0% used [0x000000008a000000, 0x000000008a000000, 0x000000008bf90000)
  from space 3968K,  72% used [0x000000008bf90000, 0x000000008c2633a8, 0x000000008c370000)
  to   space 3968K,   0% used [0x000000008c370000, 0x000000008c370000, 0x000000008c750000)
 concurrent mark-sweep generation total 80576K, used 2613K [0x000000009ecc0000, 0x00000000a3b70000, 0x0000000100000000)
 Metaspace       used 15037K, capacity 15544K, committed 15744K, reserved 1062912K
  class space    used 1966K, capacity 2113K, committed 2176K, reserved 1048576K
}
{Heap before GC invocations=6 (full 0):
 par new generation   total 36288K, used 35212K [0x000000008a000000, 0x000000008c750000, 0x000000009ecc0000)
  eden space 32320K, 100% used [0x000000008a000000, 0x000000008bf90000, 0x000000008bf90000)
  from space 3968K,  72% used [0x000000008bf90000, 0x000000008c2633a8, 0x000000008c370000)
  to   space 3968K,   0% used [0x000000008c370000, 0x000000008c370000, 0x000000008c750000)
 concurrent mark-sweep generation total 80576K, used 2613K [0x000000009ecc0000, 0x00000000a3b70000, 0x0000000100000000)
 Metaspace       used 17480K, capacity 18062K, committed 18304K, reserved 1064960K
  class space    used 2234K, capacity 2394K, committed 2432K, reserved 1048576K
2020-08-09T12:26:57.839+0800: 1.141: [GC (Allocation Failure) 2020-08-09T12:26:57.839+0800: 1.141: [ParNew
Desired survivor size 2031616 bytes, new threshold 4 (max 6)
- age   1:     493184 bytes,     493184 total
- age   2:     637208 bytes,    1130392 total
- age   3:     438944 bytes,    1569336 total
- age   4:     546704 bytes,    2116040 total
: 35212K->3205K(36288K), 0.0035436 secs] 37826K->6273K(116864K), 0.0035893 secs] [Times: user=0.01 sys=0.01, real=0.00 secs] 
Heap after GC invocations=7 (full 0):
 par new generation   total 36288K, used 3205K [0x000000008a000000, 0x000000008c750000, 0x000000009ecc0000)
  eden space 32320K,   0% used [0x000000008a000000, 0x000000008a000000, 0x000000008bf90000)
  from space 3968K,  80% used [0x000000008c370000, 0x000000008c691628, 0x000000008c750000)
  to   space 3968K,   0% used [0x000000008bf90000, 0x000000008bf90000, 0x000000008c370000)
 concurrent mark-sweep generation total 80576K, used 3068K [0x000000009ecc0000, 0x00000000a3b70000, 0x0000000100000000)
 Metaspace       used 17480K, capacity 18062K, committed 18304K, reserved 1064960K
  class space    used 2234K, capacity 2394K, committed 2432K, reserved 1048576K
}
{Heap before GC invocations=7 (full 0):
 par new generation   total 36288K, used 35525K [0x000000008a000000, 0x000000008c750000, 0x000000009ecc0000)
  eden space 32320K, 100% used [0x000000008a000000, 0x000000008bf90000, 0x000000008bf90000)
  from space 3968K,  80% used [0x000000008c370000, 0x000000008c691628, 0x000000008c750000)
  to   space 3968K,   0% used [0x000000008bf90000, 0x000000008bf90000, 0x000000008c370000)
 concurrent mark-sweep generation total 80576K, used 3068K [0x000000009ecc0000, 0x00000000a3b70000, 0x0000000100000000)
 Metaspace       used 20024K, capacity 20714K, committed 20992K, reserved 1067008K
  class space    used 2603K, capacity 2786K, committed 2816K, reserved 1048576K
2020-08-09T12:26:57.951+0800: 1.252: [GC (Allocation Failure) 2020-08-09T12:26:57.951+0800: 1.253: [ParNew
Desired survivor size 2031616 bytes, new threshold 4 (max 6)
- age   1:     690784 bytes,     690784 total
- age   2:     358232 bytes,    1049016 total
- age   3:     633896 bytes,    1682912 total
- age   4:     418408 bytes,    2101320 total
: 35525K->3123K(36288K), 0.0045398 secs] 38593K->6737K(116864K), 0.0045966 secs] [Times: user=0.02 sys=0.00, real=0.01 secs] 
Heap after GC invocations=8 (full 0):
 par new generation   total 36288K, used 3123K [0x000000008a000000, 0x000000008c750000, 0x000000009ecc0000)
  eden space 32320K,   0% used [0x000000008a000000, 0x000000008a000000, 0x000000008bf90000)
  from space 3968K,  78% used [0x000000008bf90000, 0x000000008c29cca8, 0x000000008c370000)
  to   space 3968K,   0% used [0x000000008c370000, 0x000000008c370000, 0x000000008c750000)
 concurrent mark-sweep generation total 80576K, used 3613K [0x000000009ecc0000, 0x00000000a3b70000, 0x0000000100000000)
 Metaspace       used 20024K, capacity 20714K, committed 20992K, reserved 1067008K
  class space    used 2603K, capacity 2786K, committed 2816K, reserved 1048576K
}
{Heap before GC invocations=8 (full 0):
 par new generation   total 36288K, used 35443K [0x000000008a000000, 0x000000008c750000, 0x000000009ecc0000)
  eden space 32320K, 100% used [0x000000008a000000, 0x000000008bf90000, 0x000000008bf90000)
  from space 3968K,  78% used [0x000000008bf90000, 0x000000008c29cca8, 0x000000008c370000)
  to   space 3968K,   0% used [0x000000008c370000, 0x000000008c370000, 0x000000008c750000)
 concurrent mark-sweep generation total 80576K, used 3613K [0x000000009ecc0000, 0x00000000a3b70000, 0x0000000100000000)
 Metaspace       used 20870K, capacity 21538K, committed 21628K, reserved 1069056K
  class space    used 2703K, capacity 2880K, committed 2944K, reserved 1048576K
2020-08-09T12:26:58.141+0800: 1.442: [GC (Allocation Failure) 2020-08-09T12:26:58.141+0800: 1.442: [ParNew
Desired survivor size 2031616 bytes, new threshold 4 (max 6)
- age   1:     906312 bytes,     906312 total
- age   2:     557456 bytes,    1463768 total
- age   3:     347016 bytes,    1810784 total
- age   4:     633848 bytes,    2444632 total
: 35443K->3050K(36288K), 0.0243956 secs] 39057K->7091K(116864K), 0.0244648 secs] [Times: user=0.08 sys=0.01, real=0.03 secs] 
Heap after GC invocations=9 (full 0):
 par new generation   total 36288K, used 3050K [0x000000008a000000, 0x000000008c750000, 0x000000009ecc0000)
  eden space 32320K,   0% used [0x000000008a000000, 0x000000008a000000, 0x000000008bf90000)
  from space 3968K,  76% used [0x000000008c370000, 0x000000008c66ab40, 0x000000008c750000)
  to   space 3968K,   0% used [0x000000008bf90000, 0x000000008bf90000, 0x000000008c370000)
 concurrent mark-sweep generation total 80576K, used 4040K [0x000000009ecc0000, 0x00000000a3b70000, 0x0000000100000000)
 Metaspace       used 20870K, capacity 21538K, committed 21628K, reserved 1069056K
  class space    used 2703K, capacity 2880K, committed 2944K, reserved 1048576K
}
2020-08-09T12:26:58.191+0800: 1.492: [GC (CMS Initial Mark) [1 CMS-initial-mark: 4040K(80576K)] 10540K(116864K), 0.0028700 secs] [Times: user=0.01 sys=0.00, real=0.01 secs] 
2020-08-09T12:26:58.203+0800: 1.504: [CMS-concurrent-mark-start]
2020-08-09T12:26:58.218+0800: 1.520: [CMS-concurrent-mark: 0.016/0.016 secs] [Times: user=0.06 sys=0.00, real=0.02 secs] 
2020-08-09T12:26:58.218+0800: 1.520: [CMS-concurrent-preclean-start]
2020-08-09T12:26:58.219+0800: 1.521: [CMS-concurrent-preclean: 0.001/0.001 secs] [Times: user=0.00 sys=0.00, real=0.00 secs] 
2020-08-09T12:26:58.219+0800: 1.521: [CMS-concurrent-abortable-preclean-start]
{Heap before GC invocations=9 (full 1):
 par new generation   total 36288K, used 35370K [0x000000008a000000, 0x000000008c750000, 0x000000009ecc0000)
  eden space 32320K, 100% used [0x000000008a000000, 0x000000008bf90000, 0x000000008bf90000)
  from space 3968K,  76% used [0x000000008c370000, 0x000000008c66ab40, 0x000000008c750000)
  to   space 3968K,   0% used [0x000000008bf90000, 0x000000008bf90000, 0x000000008c370000)
 concurrent mark-sweep generation total 80576K, used 4040K [0x000000009ecc0000, 0x00000000a3b70000, 0x0000000100000000)
 Metaspace       used 21501K, capacity 22286K, committed 22548K, reserved 1069056K
  class space    used 2764K, capacity 2952K, committed 3020K, reserved 1048576K
2020-08-09T12:26:58.314+0800: 1.616: [GC (Allocation Failure) 2020-08-09T12:26:58.314+0800: 1.616: [ParNew2020-08-09T12:26:58.322+0800: 1.623: [CMS-concurrent-abortable-preclean: 0.067/0.102 secs] [Times: user=0.33 sys=0.00, real=0.10 secs] 

Desired survivor size 2031616 bytes, new threshold 4 (max 6)
- age   1:     497368 bytes,     497368 total
- age   2:     812960 bytes,    1310328 total
- age   3:     553912 bytes,    1864240 total
- age   4:     340272 bytes,    2204512 total
: 35370K->2844K(36288K), 0.0136342 secs] 39411K->7515K(116864K), 0.0136932 secs] [Times: user=0.03 sys=0.00, real=0.01 secs] 
Heap after GC invocations=10 (full 1):
 par new generation   total 36288K, used 2844K [0x000000008a000000, 0x000000008c750000, 0x000000009ecc0000)
  eden space 32320K,   0% used [0x000000008a000000, 0x000000008a000000, 0x000000008bf90000)
  from space 3968K,  71% used [0x000000008bf90000, 0x000000008c2571e8, 0x000000008c370000)
  to   space 3968K,   0% used [0x000000008c370000, 0x000000008c370000, 0x000000008c750000)
 concurrent mark-sweep generation total 80576K, used 4671K [0x000000009ecc0000, 0x00000000a3b70000, 0x0000000100000000)
 Metaspace       used 21501K, capacity 22286K, committed 22548K, reserved 1069056K
  class space    used 2764K, capacity 2952K, committed 3020K, reserved 1048576K
}
2020-08-09T12:26:58.340+0800: 1.642: [GC (CMS Final Remark) [YG occupancy: 5368 K (36288 K)]2020-08-09T12:26:58.340+0800: 1.642: [Rescan (parallel) , 0.0043403 secs]2020-08-09T12:26:58.345+0800: 1.647: [weak refs processing, 0.0000308 secs]2020-08-09T12:26:58.345+0800: 1.647: [class unloading, 0.0036779 secs]2020-08-09T12:26:58.349+0800: 1.650: [scrub symbol table, 0.0029077 secs]2020-08-09T12:26:58.351+0800: 1.653: [scrub string table, 0.0004237 secs][1 CMS-remark: 4671K(80576K)] 10040K(116864K), 0.0118157 secs] [Times: user=0.03 sys=0.00, real=0.01 secs] 
2020-08-09T12:26:58.352+0800: 1.654: [CMS-concurrent-sweep-start]
2020-08-09T12:26:58.355+0800: 1.656: [CMS-concurrent-sweep: 0.002/0.002 secs] [Times: user=0.01 sys=0.00, real=0.01 secs] 
2020-08-09T12:26:58.355+0800: 1.656: [CMS-concurrent-reset-start]
2020-08-09T12:26:58.426+0800: 1.727: [CMS-concurrent-reset: 0.071/0.071 secs] [Times: user=0.16 sys=0.04, real=0.07 secs] 
{Heap before GC invocations=10 (full 1):
 par new generation   total 36288K, used 35164K [0x000000008a000000, 0x000000008c750000, 0x000000009ecc0000)
  eden space 32320K, 100% used [0x000000008a000000, 0x000000008bf90000, 0x000000008bf90000)
  from space 3968K,  71% used [0x000000008bf90000, 0x000000008c2571e8, 0x000000008c370000)
  to   space 3968K,   0% used [0x000000008c370000, 0x000000008c370000, 0x000000008c750000)
 concurrent mark-sweep generation total 80576K, used 4612K [0x000000009ecc0000, 0x00000000a3b70000, 0x0000000100000000)
 Metaspace       used 22399K, capacity 23244K, committed 23444K, reserved 1069056K
  class space    used 2901K, capacity 3137K, committed 3148K, reserved 1048576K
2020-08-09T12:26:58.511+0800: 1.812: [GC (Allocation Failure) 2020-08-09T12:26:58.511+0800: 1.812: [ParNew
Desired survivor size 2031616 bytes, new threshold 4 (max 6)
- age   1:     623736 bytes,     623736 total
- age   2:     448520 bytes,    1072256 total
- age   3:     790288 bytes,    1862544 total
- age   4:     544168 bytes,    2406712 total
: 35164K->3285K(36288K), 0.0042545 secs] 39776K->8235K(116864K), 0.0043067 secs] [Times: user=0.01 sys=0.00, real=0.01 secs] 
Heap after GC invocations=11 (full 1):
 par new generation   total 36288K, used 3285K [0x000000008a000000, 0x000000008c750000, 0x000000009ecc0000)
  eden space 32320K,   0% used [0x000000008a000000, 0x000000008a000000, 0x000000008bf90000)
  from space 3968K,  82% used [0x000000008c370000, 0x000000008c6a5418, 0x000000008c750000)
  to   space 3968K,   0% used [0x000000008bf90000, 0x000000008bf90000, 0x000000008c370000)
 concurrent mark-sweep generation total 80576K, used 4950K [0x000000009ecc0000, 0x00000000a3b70000, 0x0000000100000000)
 Metaspace       used 22399K, capacity 23244K, committed 23444K, reserved 1069056K
  class space    used 2901K, capacity 3137K, committed 3148K, reserved 1048576K
}
{Heap before GC invocations=11 (full 1):
 par new generation   total 36288K, used 35605K [0x000000008a000000, 0x000000008c750000, 0x000000009ecc0000)
  eden space 32320K, 100% used [0x000000008a000000, 0x000000008bf90000, 0x000000008bf90000)
  from space 3968K,  82% used [0x000000008c370000, 0x000000008c6a5418, 0x000000008c750000)
  to   space 3968K,   0% used [0x000000008bf90000, 0x000000008bf90000, 0x000000008c370000)
 concurrent mark-sweep generation total 80576K, used 4950K [0x000000009ecc0000, 0x00000000a3b70000, 0x0000000100000000)
 Metaspace       used 23318K, capacity 24182K, committed 24268K, reserved 1071104K
  class space    used 2984K, capacity 3206K, committed 3276K, reserved 1048576K
2020-08-09T12:26:58.606+0800: 1.908: [GC (Allocation Failure) 2020-08-09T12:26:58.606+0800: 1.908: [ParNew
Desired survivor size 2031616 bytes, new threshold 4 (max 6)
- age   1:     672984 bytes,     672984 total
- age   2:     547208 bytes,    1220192 total
- age   3:     440448 bytes,    1660640 total
- age   4:     788792 bytes,    2449432 total
: 35605K->2873K(36288K), 0.0040902 secs] 40555K->8369K(116864K), 0.0041434 secs] [Times: user=0.01 sys=0.00, real=0.00 secs] 
Heap after GC invocations=12 (full 1):
 par new generation   total 36288K, used 2873K [0x000000008a000000, 0x000000008c750000, 0x000000009ecc0000)
  eden space 32320K,   0% used [0x000000008a000000, 0x000000008a000000, 0x000000008bf90000)
  from space 3968K,  72% used [0x000000008bf90000, 0x000000008c25e460, 0x000000008c370000)
  to   space 3968K,   0% used [0x000000008c370000, 0x000000008c370000, 0x000000008c750000)
 concurrent mark-sweep generation total 80576K, used 5496K [0x000000009ecc0000, 0x00000000a3b70000, 0x0000000100000000)
 Metaspace       used 23318K, capacity 24182K, committed 24268K, reserved 1071104K
  class space    used 2984K, capacity 3206K, committed 3276K, reserved 1048576K
}
{Heap before GC invocations=12 (full 1):
 par new generation   total 36288K, used 35193K [0x000000008a000000, 0x000000008c750000, 0x000000009ecc0000)
  eden space 32320K, 100% used [0x000000008a000000, 0x000000008bf90000, 0x000000008bf90000)
  from space 3968K,  72% used [0x000000008bf90000, 0x000000008c25e460, 0x000000008c370000)
  to   space 3968K,   0% used [0x000000008c370000, 0x000000008c370000, 0x000000008c750000)
 concurrent mark-sweep generation total 80576K, used 5496K [0x000000009ecc0000, 0x00000000a3b70000, 0x0000000100000000)
 Metaspace       used 24121K, capacity 24972K, committed 25164K, reserved 1071104K
  class space    used 3089K, capacity 3329K, committed 3404K, reserved 1048576K
2020-08-09T12:26:58.728+0800: 2.030: [GC (Allocation Failure) 2020-08-09T12:26:58.728+0800: 2.030: [ParNew
Desired survivor size 2031616 bytes, new threshold 4 (max 6)
- age   1:     690720 bytes,     690720 total
- age   2:     613968 bytes,    1304688 total
- age   3:     534528 bytes,    1839216 total
- age   4:     239776 bytes,    2078992 total
: 35193K->2959K(36288K), 0.0065101 secs] 40689K->9242K(116864K), 0.0065788 secs] [Times: user=0.01 sys=0.00, real=0.01 secs] 
Heap after GC invocations=13 (full 1):
 par new generation   total 36288K, used 2959K [0x000000008a000000, 0x000000008c750000, 0x000000009ecc0000)
  eden space 32320K,   0% used [0x000000008a000000, 0x000000008a000000, 0x000000008bf90000)
  from space 3968K,  74% used [0x000000008c370000, 0x000000008c653e88, 0x000000008c750000)
  to   space 3968K,   0% used [0x000000008bf90000, 0x000000008bf90000, 0x000000008c370000)
 concurrent mark-sweep generation total 80576K, used 6282K [0x000000009ecc0000, 0x00000000a3b70000, 0x0000000100000000)
 Metaspace       used 24121K, capacity 24972K, committed 25164K, reserved 1071104K
  class space    used 3089K, capacity 3329K, committed 3404K, reserved 1048576K
}
{Heap before GC invocations=13 (full 1):
 par new generation   total 36288K, used 35279K [0x000000008a000000, 0x000000008c750000, 0x000000009ecc0000)
  eden space 32320K, 100% used [0x000000008a000000, 0x000000008bf90000, 0x000000008bf90000)
  from space 3968K,  74% used [0x000000008c370000, 0x000000008c653e88, 0x000000008c750000)
  to   space 3968K,   0% used [0x000000008bf90000, 0x000000008bf90000, 0x000000008c370000)
 concurrent mark-sweep generation total 80576K, used 6282K [0x000000009ecc0000, 0x00000000a3b70000, 0x0000000100000000)
 Metaspace       used 25397K, capacity 26454K, committed 26572K, reserved 1073152K
  class space    used 3254K, capacity 3520K, committed 3532K, reserved 1048576K
2020-08-09T12:26:58.900+0800: 2.202: [GC (Allocation Failure) 2020-08-09T12:26:58.900+0800: 2.202: [ParNew
Desired survivor size 2031616 bytes, new threshold 4 (max 6)
- age   1:     694088 bytes,     694088 total
- age   2:     607056 bytes,    1301144 total
- age   3:     603040 bytes,    1904184 total
- age   4:     512872 bytes,    2417056 total
: 35279K->3167K(36288K), 0.0044318 secs] 41562K->9682K(116864K), 0.0044804 secs] [Times: user=0.02 sys=0.00, real=0.01 secs] 
Heap after GC invocations=14 (full 1):
 par new generation   total 36288K, used 3167K [0x000000008a000000, 0x000000008c750000, 0x000000009ecc0000)
  eden space 32320K,   0% used [0x000000008a000000, 0x000000008a000000, 0x000000008bf90000)
  from space 3968K,  79% used [0x000000008bf90000, 0x000000008c2a7ec8, 0x000000008c370000)
  to   space 3968K,   0% used [0x000000008c370000, 0x000000008c370000, 0x000000008c750000)
 concurrent mark-sweep generation total 80576K, used 6514K [0x000000009ecc0000, 0x00000000a3b70000, 0x0000000100000000)
 Metaspace       used 25397K, capacity 26454K, committed 26572K, reserved 1073152K
  class space    used 3254K, capacity 3520K, committed 3532K, reserved 1048576K
}
{Heap before GC invocations=14 (full 1):
 par new generation   total 36288K, used 35487K [0x000000008a000000, 0x000000008c750000, 0x000000009ecc0000)
  eden space 32320K, 100% used [0x000000008a000000, 0x000000008bf90000, 0x000000008bf90000)
  from space 3968K,  79% used [0x000000008bf90000, 0x000000008c2a7ec8, 0x000000008c370000)
  to   space 3968K,   0% used [0x000000008c370000, 0x000000008c370000, 0x000000008c750000)
 concurrent mark-sweep generation total 80576K, used 6514K [0x000000009ecc0000, 0x00000000a3b70000, 0x0000000100000000)
 Metaspace       used 26378K, capacity 27422K, committed 27468K, reserved 1073152K
  class space    used 3394K, capacity 3636K, committed 3660K, reserved 1048576K
2020-08-09T12:26:59.046+0800: 2.348: [GC (Allocation Failure) 2020-08-09T12:26:59.046+0800: 2.348: [ParNew
Desired survivor size 2031616 bytes, new threshold 4 (max 6)
- age   1:     772392 bytes,     772392 total
- age   2:     583760 bytes,    1356152 total
- age   3:     588192 bytes,    1944344 total
- age   4:     603040 bytes,    2547384 total
: 35487K->3967K(36288K), 0.0050366 secs] 42002K->11027K(116864K), 0.0050979 secs] [Times: user=0.02 sys=0.00, real=0.00 secs] 
Heap after GC invocations=15 (full 1):
 par new generation   total 36288K, used 3967K [0x000000008a000000, 0x000000008c750000, 0x000000009ecc0000)
  eden space 32320K,   0% used [0x000000008a000000, 0x000000008a000000, 0x000000008bf90000)
  from space 3968K,  99% used [0x000000008c370000, 0x000000008c74fff0, 0x000000008c750000)
  to   space 3968K,   0% used [0x000000008bf90000, 0x000000008bf90000, 0x000000008c370000)
 concurrent mark-sweep generation total 80576K, used 7059K [0x000000009ecc0000, 0x00000000a3b70000, 0x0000000100000000)
 Metaspace       used 26378K, capacity 27422K, committed 27468K, reserved 1073152K
  class space    used 3394K, capacity 3636K, committed 3660K, reserved 1048576K
}
{Heap before GC invocations=15 (full 1):
 par new generation   total 36288K, used 36287K [0x000000008a000000, 0x000000008c750000, 0x000000009ecc0000)
  eden space 32320K, 100% used [0x000000008a000000, 0x000000008bf90000, 0x000000008bf90000)
  from space 3968K,  99% used [0x000000008c370000, 0x000000008c74fff0, 0x000000008c750000)
  to   space 3968K,   0% used [0x000000008bf90000, 0x000000008bf90000, 0x000000008c370000)
 concurrent mark-sweep generation total 80576K, used 7059K [0x000000009ecc0000, 0x00000000a3b70000, 0x0000000100000000)
 Metaspace       used 27751K, capacity 28834K, committed 29004K, reserved 1075200K
  class space    used 3559K, capacity 3802K, committed 3916K, reserved 1048576K
2020-08-09T12:26:59.175+0800: 2.477: [GC (Allocation Failure) 2020-08-09T12:26:59.176+0800: 2.477: [ParNew
Desired survivor size 2031616 bytes, new threshold 4 (max 6)
- age   1:     597144 bytes,     597144 total
- age   2:     739144 bytes,    1336288 total
- age   3:     574280 bytes,    1910568 total
- age   4:     579760 bytes,    2490328 total
: 36287K->3679K(36288K), 0.0046562 secs] 43347K->11333K(116864K), 0.0047107 secs] [Times: user=0.02 sys=0.00, real=0.00 secs] 
Heap after GC invocations=16 (full 1):
 par new generation   total 36288K, used 3679K [0x000000008a000000, 0x000000008c750000, 0x000000009ecc0000)
  eden space 32320K,   0% used [0x000000008a000000, 0x000000008a000000, 0x000000008bf90000)
  from space 3968K,  92% used [0x000000008bf90000, 0x000000008c327e80, 0x000000008c370000)
  to   space 3968K,   0% used [0x000000008c370000, 0x000000008c370000, 0x000000008c750000)
 concurrent mark-sweep generation total 80576K, used 7653K [0x000000009ecc0000, 0x00000000a3b70000, 0x0000000100000000)
 Metaspace       used 27751K, capacity 28834K, committed 29004K, reserved 1075200K
  class space    used 3559K, capacity 3802K, committed 3916K, reserved 1048576K
}
{Heap before GC invocations=16 (full 1):
 par new generation   total 36288K, used 35999K [0x000000008a000000, 0x000000008c750000, 0x000000009ecc0000)
  eden space 32320K, 100% used [0x000000008a000000, 0x000000008bf90000, 0x000000008bf90000)
  from space 3968K,  92% used [0x000000008bf90000, 0x000000008c327e80, 0x000000008c370000)
  to   space 3968K,   0% used [0x000000008c370000, 0x000000008c370000, 0x000000008c750000)
 concurrent mark-sweep generation total 80576K, used 7653K [0x000000009ecc0000, 0x00000000a3b70000, 0x0000000100000000)
 Metaspace       used 28947K, capacity 30038K, committed 30156K, reserved 1075200K
  class space    used 3713K, capacity 3950K, committed 4044K, reserved 1048576K
2020-08-09T12:26:59.320+0800: 2.622: [GC (Allocation Failure) 2020-08-09T12:26:59.320+0800: 2.622: [ParNew
Desired survivor size 2031616 bytes, new threshold 4 (max 6)
- age   1:     860464 bytes,     860464 total
- age   2:     490248 bytes,    1350712 total
- age   3:     668448 bytes,    2019160 total
- age   4:     511944 bytes,    2531104 total
: 35999K->3640K(36288K), 0.0064891 secs] 43653K->11839K(116864K), 0.0065426 secs] [Times: user=0.02 sys=0.00, real=0.01 secs] 
Heap after GC invocations=17 (full 1):
 par new generation   total 36288K, used 3640K [0x000000008a000000, 0x000000008c750000, 0x000000009ecc0000)
  eden space 32320K,   0% used [0x000000008a000000, 0x000000008a000000, 0x000000008bf90000)
  from space 3968K,  91% used [0x000000008c370000, 0x000000008c6fe368, 0x000000008c750000)
  to   space 3968K,   0% used [0x000000008bf90000, 0x000000008bf90000, 0x000000008c370000)
 concurrent mark-sweep generation total 80576K, used 8198K [0x000000009ecc0000, 0x00000000a3b70000, 0x0000000100000000)
 Metaspace       used 28947K, capacity 30038K, committed 30156K, reserved 1075200K
  class space    used 3713K, capacity 3950K, committed 4044K, reserved 1048576K
}
{Heap before GC invocations=17 (full 1):
 par new generation   total 36288K, used 35960K [0x000000008a000000, 0x000000008c750000, 0x000000009ecc0000)
  eden space 32320K, 100% used [0x000000008a000000, 0x000000008bf90000, 0x000000008bf90000)
  from space 3968K,  91% used [0x000000008c370000, 0x000000008c6fe368, 0x000000008c750000)
  to   space 3968K,   0% used [0x000000008bf90000, 0x000000008bf90000, 0x000000008c370000)
 concurrent mark-sweep generation total 80576K, used 8198K [0x000000009ecc0000, 0x00000000a3b70000, 0x0000000100000000)
 Metaspace       used 29869K, capacity 31064K, committed 31180K, reserved 1077248K
  class space    used 3928K, capacity 4187K, committed 4300K, reserved 1048576K
2020-08-09T12:26:59.498+0800: 2.800: [GC (Allocation Failure) 2020-08-09T12:26:59.498+0800: 2.800: [ParNew
Desired survivor size 2031616 bytes, new threshold 4 (max 6)
- age   1:     380920 bytes,     380920 total
- age   2:     791336 bytes,    1172256 total
- age   3:     486056 bytes,    1658312 total
- age   4:     660704 bytes,    2319016 total
: 35960K->3685K(36288K), 0.0061641 secs] 44159K->12397K(116864K), 0.0062120 secs] [Times: user=0.02 sys=0.00, real=0.01 secs] 
Heap after GC invocations=18 (full 1):
 par new generation   total 36288K, used 3685K [0x000000008a000000, 0x000000008c750000, 0x000000009ecc0000)
  eden space 32320K,   0% used [0x000000008a000000, 0x000000008a000000, 0x000000008bf90000)
  from space 3968K,  92% used [0x000000008bf90000, 0x000000008c3295d0, 0x000000008c370000)
  to   space 3968K,   0% used [0x000000008c370000, 0x000000008c370000, 0x000000008c750000)
 concurrent mark-sweep generation total 80576K, used 8711K [0x000000009ecc0000, 0x00000000a3b70000, 0x0000000100000000)
 Metaspace       used 29869K, capacity 31064K, committed 31180K, reserved 1077248K
  class space    used 3928K, capacity 4187K, committed 4300K, reserved 1048576K
}
{Heap before GC invocations=18 (full 1):
 par new generation   total 36288K, used 36005K [0x000000008a000000, 0x000000008c750000, 0x000000009ecc0000)
  eden space 32320K, 100% used [0x000000008a000000, 0x000000008bf90000, 0x000000008bf90000)
  from space 3968K,  92% used [0x000000008bf90000, 0x000000008c3295d0, 0x000000008c370000)
  to   space 3968K,   0% used [0x000000008c370000, 0x000000008c370000, 0x000000008c750000)
 concurrent mark-sweep generation total 80576K, used 8711K [0x000000009ecc0000, 0x00000000a3b70000, 0x0000000100000000)
 Metaspace       used 33024K, capacity 34632K, committed 34892K, reserved 1079296K
  class space    used 4348K, capacity 4643K, committed 4684K, reserved 1048576K
2020-08-09T12:26:59.786+0800: 3.087: [GC (Allocation Failure) 2020-08-09T12:26:59.786+0800: 3.087: [ParNew
Desired survivor size 2031616 bytes, new threshold 3 (max 6)
- age   1:    1642056 bytes,    1642056 total
- age   2:     304568 bytes,    1946624 total
- age   3:     755632 bytes,    2702256 total
- age   4:     482272 bytes,    3184528 total
: 36005K->3968K(36288K), 0.0157373 secs] 44717K->13380K(116864K), 0.0158147 secs] [Times: user=0.04 sys=0.00, real=0.01 secs] 
Heap after GC invocations=19 (full 1):
 par new generation   total 36288K, used 3968K [0x000000008a000000, 0x000000008c750000, 0x000000009ecc0000)
  eden space 32320K,   0% used [0x000000008a000000, 0x000000008a000000, 0x000000008bf90000)
  from space 3968K, 100% used [0x000000008c370000, 0x000000008c750000, 0x000000008c750000)
  to   space 3968K,   0% used [0x000000008bf90000, 0x000000008bf90000, 0x000000008c370000)
 concurrent mark-sweep generation total 80576K, used 9412K [0x000000009ecc0000, 0x00000000a3b70000, 0x0000000100000000)
 Metaspace       used 33024K, capacity 34632K, committed 34892K, reserved 1079296K
  class space    used 4348K, capacity 4643K, committed 4684K, reserved 1048576K
}
{Heap before GC invocations=19 (full 1):
 par new generation   total 36288K, used 36288K [0x000000008a000000, 0x000000008c750000, 0x000000009ecc0000)
  eden space 32320K, 100% used [0x000000008a000000, 0x000000008bf90000, 0x000000008bf90000)
  from space 3968K, 100% used [0x000000008c370000, 0x000000008c750000, 0x000000008c750000)
  to   space 3968K,   0% used [0x000000008bf90000, 0x000000008bf90000, 0x000000008c370000)
 concurrent mark-sweep generation total 80576K, used 9412K [0x000000009ecc0000, 0x00000000a3b70000, 0x0000000100000000)
 Metaspace       used 34897K, capacity 36504K, committed 36684K, reserved 1081344K
  class space    used 4562K, capacity 4877K, committed 4940K, reserved 1048576K
2020-08-09T12:27:00.058+0800: 3.360: [GC (Allocation Failure) 2020-08-09T12:27:00.058+0800: 3.360: [ParNew
Desired survivor size 2031616 bytes, new threshold 2 (max 6)
- age   1:    1001080 bytes,    1001080 total
- age   2:    1496184 bytes,    2497264 total
- age   3:     270272 bytes,    2767536 total
: 36288K->3968K(36288K), 0.0228332 secs] 45700K->14874K(116864K), 0.0228911 secs] [Times: user=0.04 sys=0.00, real=0.02 secs] 
Heap after GC invocations=20 (full 1):
 par new generation   total 36288K, used 3968K [0x000000008a000000, 0x000000008c750000, 0x000000009ecc0000)
  eden space 32320K,   0% used [0x000000008a000000, 0x000000008a000000, 0x000000008bf90000)
  from space 3968K, 100% used [0x000000008bf90000, 0x000000008c370000, 0x000000008c370000)
  to   space 3968K,   0% used [0x000000008c370000, 0x000000008c370000, 0x000000008c750000)
 concurrent mark-sweep generation total 80576K, used 10906K [0x000000009ecc0000, 0x00000000a3b70000, 0x0000000100000000)
 Metaspace       used 34897K, capacity 36504K, committed 36684K, reserved 1081344K
  class space    used 4562K, capacity 4877K, committed 4940K, reserved 1048576K
}
{Heap before GC invocations=20 (full 1):
 par new generation   total 36288K, used 36288K [0x000000008a000000, 0x000000008c750000, 0x000000009ecc0000)
  eden space 32320K, 100% used [0x000000008a000000, 0x000000008bf90000, 0x000000008bf90000)
  from space 3968K, 100% used [0x000000008bf90000, 0x000000008c370000, 0x000000008c370000)
  to   space 3968K,   0% used [0x000000008c370000, 0x000000008c370000, 0x000000008c750000)
 concurrent mark-sweep generation total 80576K, used 10906K [0x000000009ecc0000, 0x00000000a3b70000, 0x0000000100000000)
 Metaspace       used 38042K, capacity 39700K, committed 39904K, reserved 1083392K
  class space    used 4968K, capacity 5313K, committed 5372K, reserved 1048576K
2020-08-09T12:27:00.240+0800: 3.541: [GC (Allocation Failure) 2020-08-09T12:27:00.240+0800: 3.541: [ParNew
Desired survivor size 2031616 bytes, new threshold 6 (max 6)
- age   1:     555808 bytes,     555808 total
- age   2:     971256 bytes,    1527064 total
: 36288K->2780K(36288K), 0.0199030 secs] 47194K->15441K(116864K), 0.0199641 secs] [Times: user=0.05 sys=0.00, real=0.02 secs] 
Heap after GC invocations=21 (full 1):
 par new generation   total 36288K, used 2780K [0x000000008a000000, 0x000000008c750000, 0x000000009ecc0000)
  eden space 32320K,   0% used [0x000000008a000000, 0x000000008a000000, 0x000000008bf90000)
  from space 3968K,  70% used [0x000000008c370000, 0x000000008c627258, 0x000000008c750000)
  to   space 3968K,   0% used [0x000000008bf90000, 0x000000008bf90000, 0x000000008c370000)
 concurrent mark-sweep generation total 80576K, used 12661K [0x000000009ecc0000, 0x00000000a3b70000, 0x0000000100000000)
 Metaspace       used 38042K, capacity 39700K, committed 39904K, reserved 1083392K
  class space    used 4968K, capacity 5313K, committed 5372K, reserved 1048576K
}
2020-08-09T12:27:00.261+0800: 3.563: [GC (CMS Initial Mark) [1 CMS-initial-mark: 12661K(80576K)] 16082K(116864K), 0.0064615 secs] [Times: user=0.01 sys=0.00, real=0.01 secs] 
2020-08-09T12:27:00.268+0800: 3.569: [CMS-concurrent-mark-start]
2020-08-09T12:27:00.304+0800: 3.605: [CMS-concurrent-mark: 0.031/0.036 secs] [Times: user=0.14 sys=0.00, real=0.03 secs] 
2020-08-09T12:27:00.304+0800: 3.605: [CMS-concurrent-preclean-start]
2020-08-09T12:27:00.305+0800: 3.606: [CMS-concurrent-preclean: 0.001/0.001 secs] [Times: user=0.00 sys=0.00, real=0.01 secs] 
2020-08-09T12:27:00.305+0800: 3.606: [CMS-concurrent-abortable-preclean-start]
{Heap before GC invocations=21 (full 2):
 par new generation   total 36288K, used 35100K [0x000000008a000000, 0x000000008c750000, 0x000000009ecc0000)
  eden space 32320K, 100% used [0x000000008a000000, 0x000000008bf90000, 0x000000008bf90000)
  from space 3968K,  70% used [0x000000008c370000, 0x000000008c627258, 0x000000008c750000)
  to   space 3968K,   0% used [0x000000008bf90000, 0x000000008bf90000, 0x000000008c370000)
 concurrent mark-sweep generation total 80576K, used 12661K [0x000000009ecc0000, 0x00000000a3b70000, 0x0000000100000000)
 Metaspace       used 39174K, capacity 40968K, committed 41156K, reserved 1085440K
  class space    used 5102K, capacity 5451K, committed 5500K, reserved 1048576K
2020-08-09T12:27:00.494+0800: 3.796: [GC (Allocation Failure) 2020-08-09T12:27:00.494+0800: 3.796: [ParNew
Desired survivor size 2031616 bytes, new threshold 6 (max 6)
- age   1:     579432 bytes,     579432 total
- age   2:     475816 bytes,    1055248 total
- age   3:     968416 bytes,    2023664 total
: 35100K->2556K(36288K), 0.0060576 secs] 47761K->15218K(116864K), 0.0061258 secs] [Times: user=0.02 sys=0.00, real=0.00 secs] 
Heap after GC invocations=22 (full 2):
 par new generation   total 36288K, used 2556K [0x000000008a000000, 0x000000008c750000, 0x000000009ecc0000)
  eden space 32320K,   0% used [0x000000008a000000, 0x000000008a000000, 0x000000008bf90000)
  from space 3968K,  64% used [0x000000008bf90000, 0x000000008c20f288, 0x000000008c370000)
  to   space 3968K,   0% used [0x000000008c370000, 0x000000008c370000, 0x000000008c750000)
 concurrent mark-sweep generation total 80576K, used 12661K [0x000000009ecc0000, 0x00000000a3b70000, 0x0000000100000000)
 Metaspace       used 39174K, capacity 40968K, committed 41156K, reserved 1085440K
  class space    used 5102K, capacity 5451K, committed 5500K, reserved 1048576K
}
{Heap before GC invocations=22 (full 2):
 par new generation   total 36288K, used 34876K [0x000000008a000000, 0x000000008c750000, 0x000000009ecc0000)
  eden space 32320K, 100% used [0x000000008a000000, 0x000000008bf90000, 0x000000008bf90000)
  from space 3968K,  64% used [0x000000008bf90000, 0x000000008c20f288, 0x000000008c370000)
  to   space 3968K,   0% used [0x000000008c370000, 0x000000008c370000, 0x000000008c750000)
 concurrent mark-sweep generation total 80576K, used 12661K [0x000000009ecc0000, 0x00000000a3b70000, 0x0000000100000000)
 Metaspace       used 39595K, capacity 41430K, committed 41488K, reserved 1085440K
  class space    used 5126K, capacity 5490K, committed 5500K, reserved 1048576K
2020-08-09T12:27:00.647+0800: 3.949: [GC (Allocation Failure) 2020-08-09T12:27:00.647+0800: 3.949: [ParNew
Desired survivor size 2031616 bytes, new threshold 4 (max 6)
- age   1:     631640 bytes,     631640 total
- age   2:     547240 bytes,    1178880 total
- age   3:     475704 bytes,    1654584 total
- age   4:     964280 bytes,    2618864 total
: 34876K->3029K(36288K), 0.0091599 secs] 47538K->15690K(116864K), 0.0092322 secs] [Times: user=0.03 sys=0.00, real=0.01 secs] 
Heap after GC invocations=23 (full 2):
 par new generation   total 36288K, used 3029K [0x000000008a000000, 0x000000008c750000, 0x000000009ecc0000)
  eden space 32320K,   0% used [0x000000008a000000, 0x000000008a000000, 0x000000008bf90000)
  from space 3968K,  76% used [0x000000008c370000, 0x000000008c6655d0, 0x000000008c750000)
  to   space 3968K,   0% used [0x000000008bf90000, 0x000000008bf90000, 0x000000008c370000)
 concurrent mark-sweep generation total 80576K, used 12661K [0x000000009ecc0000, 0x00000000a3b70000, 0x0000000100000000)
 Metaspace       used 39595K, capacity 41430K, committed 41488K, reserved 1085440K
  class space    used 5126K, capacity 5490K, committed 5500K, reserved 1048576K
}
2020-08-09T12:27:00.657+0800: 3.958: [CMS-concurrent-abortable-preclean: 0.108/0.352 secs] [Times: user=1.15 sys=0.01, real=0.35 secs] 
2020-08-09T12:27:00.666+0800: 3.967: [GC (CMS Final Remark) [YG occupancy: 6243 K (36288 K)]2020-08-09T12:27:00.666+0800: 3.967: [Rescan (parallel) , 0.0081100 secs]2020-08-09T12:27:00.674+0800: 3.975: [weak refs processing, 0.0000460 secs]2020-08-09T12:27:00.674+0800: 3.975: [class unloading, 0.0073595 secs]2020-08-09T12:27:00.681+0800: 3.983: [scrub symbol table, 0.0068124 secs]2020-08-09T12:27:00.688+0800: 3.990: [scrub string table, 0.0008239 secs][1 CMS-remark: 12661K(80576K)] 18904K(116864K), 0.0235993 secs] [Times: user=0.08 sys=0.00, real=0.02 secs] 
2020-08-09T12:27:00.689+0800: 3.991: [CMS-concurrent-sweep-start]
2020-08-09T12:27:00.696+0800: 3.998: [CMS-concurrent-sweep: 0.007/0.007 secs] [Times: user=0.02 sys=0.00, real=0.01 secs] 
2020-08-09T12:27:00.696+0800: 3.998: [CMS-concurrent-reset-start]
2020-08-09T12:27:00.699+0800: 4.001: [CMS-concurrent-reset: 0.003/0.003 secs] [Times: user=0.00 sys=0.00, real=0.00 secs] 
{Heap before GC invocations=23 (full 2):
 par new generation   total 36288K, used 35349K [0x000000008a000000, 0x000000008c750000, 0x000000009ecc0000)
  eden space 32320K, 100% used [0x000000008a000000, 0x000000008bf90000, 0x000000008bf90000)
  from space 3968K,  76% used [0x000000008c370000, 0x000000008c6655d0, 0x000000008c750000)
  to   space 3968K,   0% used [0x000000008bf90000, 0x000000008bf90000, 0x000000008c370000)
 concurrent mark-sweep generation total 80576K, used 12124K [0x000000009ecc0000, 0x00000000a3b70000, 0x0000000100000000)
 Metaspace       used 39783K, capacity 41620K, committed 41744K, reserved 1085440K
  class space    used 5138K, capacity 5499K, committed 5500K, reserved 1048576K
2020-08-09T12:27:00.793+0800: 4.094: [GC (Allocation Failure) 2020-08-09T12:27:00.793+0800: 4.094: [ParNew
Desired survivor size 2031616 bytes, new threshold 4 (max 6)
- age   1:     484584 bytes,     484584 total
- age   2:     604528 bytes,    1089112 total
- age   3:     546688 bytes,    1635800 total
- age   4:     473040 bytes,    2108840 total
: 35349K->2935K(36288K), 0.0115684 secs] 47474K->16119K(116864K), 0.0116350 secs] [Times: user=0.03 sys=0.00, real=0.02 secs] 
Heap after GC invocations=24 (full 2):
 par new generation   total 36288K, used 2935K [0x000000008a000000, 0x000000008c750000, 0x000000009ecc0000)
  eden space 32320K,   0% used [0x000000008a000000, 0x000000008a000000, 0x000000008bf90000)
  from space 3968K,  73% used [0x000000008bf90000, 0x000000008c26dec0, 0x000000008c370000)
  to   space 3968K,   0% used [0x000000008c370000, 0x000000008c370000, 0x000000008c750000)
 concurrent mark-sweep generation total 80576K, used 13184K [0x000000009ecc0000, 0x00000000a3b70000, 0x0000000100000000)
 Metaspace       used 39783K, capacity 41620K, committed 41744K, reserved 1085440K
  class space    used 5138K, capacity 5499K, committed 5500K, reserved 1048576K
}
{Heap before GC invocations=24 (full 2):
 par new generation   total 36288K, used 35255K [0x000000008a000000, 0x000000008c750000, 0x000000009ecc0000)
  eden space 32320K, 100% used [0x000000008a000000, 0x000000008bf90000, 0x000000008bf90000)
  from space 3968K,  73% used [0x000000008bf90000, 0x000000008c26dec0, 0x000000008c370000)
  to   space 3968K,   0% used [0x000000008c370000, 0x000000008c370000, 0x000000008c750000)
 concurrent mark-sweep generation total 80576K, used 13184K [0x000000009ecc0000, 0x00000000a3b70000, 0x0000000100000000)
 Metaspace       used 40110K, capacity 41988K, committed 42128K, reserved 1085440K
  class space    used 5158K, capacity 5533K, committed 5628K, reserved 1048576K
2020-08-09T12:27:00.920+0800: 4.222: [GC (Allocation Failure) 2020-08-09T12:27:00.920+0800: 4.222: [ParNew
Desired survivor size 2031616 bytes, new threshold 4 (max 6)
- age   1:     612448 bytes,     612448 total
- age   2:     469560 bytes,    1082008 total
- age   3:     604632 bytes,    1686640 total
- age   4:     546592 bytes,    2233232 total
: 35255K->3731K(36288K), 0.0044822 secs] 48439K->17396K(116864K), 0.0045489 secs] [Times: user=0.01 sys=0.00, real=0.01 secs] 
Heap after GC invocations=25 (full 2):
 par new generation   total 36288K, used 3731K [0x000000008a000000, 0x000000008c750000, 0x000000009ecc0000)
  eden space 32320K,   0% used [0x000000008a000000, 0x000000008a000000, 0x000000008bf90000)
  from space 3968K,  94% used [0x000000008c370000, 0x000000008c714c38, 0x000000008c750000)
  to   space 3968K,   0% used [0x000000008bf90000, 0x000000008bf90000, 0x000000008c370000)
 concurrent mark-sweep generation total 80576K, used 13665K [0x000000009ecc0000, 0x00000000a3b70000, 0x0000000100000000)
 Metaspace       used 40110K, capacity 41988K, committed 42128K, reserved 1085440K
  class space    used 5158K, capacity 5533K, committed 5628K, reserved 1048576K
}
{Heap before GC invocations=25 (full 2):
 par new generation   total 36288K, used 36051K [0x000000008a000000, 0x000000008c750000, 0x000000009ecc0000)
  eden space 32320K, 100% used [0x000000008a000000, 0x000000008bf90000, 0x000000008bf90000)
  from space 3968K,  94% used [0x000000008c370000, 0x000000008c714c38, 0x000000008c750000)
  to   space 3968K,   0% used [0x000000008bf90000, 0x000000008bf90000, 0x000000008c370000)
 concurrent mark-sweep generation total 80576K, used 13665K [0x000000009ecc0000, 0x00000000a3b70000, 0x0000000100000000)
 Metaspace       used 40299K, capacity 42186K, committed 42384K, reserved 1085440K
  class space    used 5164K, capacity 5534K, committed 5628K, reserved 1048576K
2020-08-09T12:27:01.010+0800: 4.312: [GC (Allocation Failure) 2020-08-09T12:27:01.010+0800: 4.312: [ParNew
Desired survivor size 2031616 bytes, new threshold 4 (max 6)
- age   1:     489544 bytes,     489544 total
- age   2:     598896 bytes,    1088440 total
- age   3:     468520 bytes,    1556960 total
- age   4:     603624 bytes,    2160584 total
: 36051K->2700K(36288K), 0.0063600 secs] 49716K->16923K(116864K), 0.0064241 secs] [Times: user=0.02 sys=0.00, real=0.01 secs] 
Heap after GC invocations=26 (full 2):
 par new generation   total 36288K, used 2700K [0x000000008a000000, 0x000000008c750000, 0x000000009ecc0000)
  eden space 32320K,   0% used [0x000000008a000000, 0x000000008a000000, 0x000000008bf90000)
  from space 3968K,  68% used [0x000000008bf90000, 0x000000008c233090, 0x000000008c370000)
  to   space 3968K,   0% used [0x000000008c370000, 0x000000008c370000, 0x000000008c750000)
 concurrent mark-sweep generation total 80576K, used 14223K [0x000000009ecc0000, 0x00000000a3b70000, 0x0000000100000000)
 Metaspace       used 40299K, capacity 42186K, committed 42384K, reserved 1085440K
  class space    used 5164K, capacity 5534K, committed 5628K, reserved 1048576K
}
{Heap before GC invocations=26 (full 2):
 par new generation   total 36288K, used 35020K [0x000000008a000000, 0x000000008c750000, 0x000000009ecc0000)
  eden space 32320K, 100% used [0x000000008a000000, 0x000000008bf90000, 0x000000008bf90000)
  from space 3968K,  68% used [0x000000008bf90000, 0x000000008c233090, 0x000000008c370000)
  to   space 3968K,   0% used [0x000000008c370000, 0x000000008c370000, 0x000000008c750000)
 concurrent mark-sweep generation total 80576K, used 14223K [0x000000009ecc0000, 0x00000000a3b70000, 0x0000000100000000)
 Metaspace       used 40550K, capacity 42396K, committed 42720K, reserved 1087488K
  class space    used 5176K, capacity 5537K, committed 5628K, reserved 1048576K
2020-08-09T12:27:01.107+0800: 4.409: [GC (Allocation Failure) 2020-08-09T12:27:01.107+0800: 4.409: [ParNew
Desired survivor size 2031616 bytes, new threshold 4 (max 6)
- age   1:     790656 bytes,     790656 total
- age   2:     475224 bytes,    1265880 total
- age   3:     598896 bytes,    1864776 total
- age   4:     465896 bytes,    2330672 total
: 35020K->3360K(36288K), 0.0073505 secs] 49243K->18189K(116864K), 0.0074254 secs] [Times: user=0.02 sys=0.00, real=0.01 secs] 
Heap after GC invocations=27 (full 2):
 par new generation   total 36288K, used 3360K [0x000000008a000000, 0x000000008c750000, 0x000000009ecc0000)
  eden space 32320K,   0% used [0x000000008a000000, 0x000000008a000000, 0x000000008bf90000)
  from space 3968K,  84% used [0x000000008c370000, 0x000000008c6b8020, 0x000000008c750000)
  to   space 3968K,   0% used [0x000000008bf90000, 0x000000008bf90000, 0x000000008c370000)
 concurrent mark-sweep generation total 80576K, used 14829K [0x000000009ecc0000, 0x00000000a3b70000, 0x0000000100000000)
 Metaspace       used 40550K, capacity 42396K, committed 42720K, reserved 1087488K
  class space    used 5176K, capacity 5537K, committed 5628K, reserved 1048576K
}
{Heap before GC invocations=27 (full 2):
 par new generation   total 36288K, used 35680K [0x000000008a000000, 0x000000008c750000, 0x000000009ecc0000)
  eden space 32320K, 100% used [0x000000008a000000, 0x000000008bf90000, 0x000000008bf90000)
  from space 3968K,  84% used [0x000000008c370000, 0x000000008c6b8020, 0x000000008c750000)
  to   space 3968K,   0% used [0x000000008bf90000, 0x000000008bf90000, 0x000000008c370000)
 concurrent mark-sweep generation total 80576K, used 14829K [0x000000009ecc0000, 0x00000000a3b70000, 0x0000000100000000)
 Metaspace       used 40736K, capacity 42536K, committed 42720K, reserved 1087488K
  class space    used 5182K, capacity 5539K, committed 5628K, reserved 1048576K
2020-08-09T12:27:01.186+0800: 4.488: [GC (Allocation Failure) 2020-08-09T12:27:01.186+0800: 4.488: [ParNew
Desired survivor size 2031616 bytes, new threshold 4 (max 6)
- age   1:     457576 bytes,     457576 total
- age   2:     535096 bytes,     992672 total
- age   3:     475224 bytes,    1467896 total
- age   4:     598896 bytes,    2066792 total
: 35680K->2733K(36288K), 0.0057367 secs] 50509K->18046K(116864K), 0.0057983 secs] [Times: user=0.01 sys=0.00, real=0.00 secs] 
Heap after GC invocations=28 (full 2):
 par new generation   total 36288K, used 2733K [0x000000008a000000, 0x000000008c750000, 0x000000009ecc0000)
  eden space 32320K,   0% used [0x000000008a000000, 0x000000008a000000, 0x000000008bf90000)
  from space 3968K,  68% used [0x000000008bf90000, 0x000000008c23b490, 0x000000008c370000)
  to   space 3968K,   0% used [0x000000008c370000, 0x000000008c370000, 0x000000008c750000)
 concurrent mark-sweep generation total 80576K, used 15313K [0x000000009ecc0000, 0x00000000a3b70000, 0x0000000100000000)
 Metaspace       used 40736K, capacity 42536K, committed 42720K, reserved 1087488K
  class space    used 5182K, capacity 5539K, committed 5628K, reserved 1048576K
}
{Heap before GC invocations=28 (full 2):
 par new generation   total 36288K, used 35053K [0x000000008a000000, 0x000000008c750000, 0x000000009ecc0000)
  eden space 32320K, 100% used [0x000000008a000000, 0x000000008bf90000, 0x000000008bf90000)
  from space 3968K,  68% used [0x000000008bf90000, 0x000000008c23b490, 0x000000008c370000)
  to   space 3968K,   0% used [0x000000008c370000, 0x000000008c370000, 0x000000008c750000)
 concurrent mark-sweep generation total 80576K, used 15313K [0x000000009ecc0000, 0x00000000a3b70000, 0x0000000100000000)
 Metaspace       used 40917K, capacity 42750K, committed 42976K, reserved 1087488K
  class space    used 5190K, capacity 5542K, committed 5628K, reserved 1048576K
2020-08-09T12:27:01.288+0800: 4.590: [GC (Allocation Failure) 2020-08-09T12:27:01.289+0800: 4.590: [ParNew
Desired survivor size 2031616 bytes, new threshold 6 (max 6)
- age   1:     493712 bytes,     493712 total
- age   2:     444752 bytes,     938464 total
- age   3:     534992 bytes,    1473456 total
- age   4:     475144 bytes,    1948600 total
: 35053K->3605K(36288K), 0.0095820 secs] 50366K->19518K(116864K), 0.0096519 secs] [Times: user=0.02 sys=0.00, real=0.01 secs] 
Heap after GC invocations=29 (full 2):
 par new generation   total 36288K, used 3605K [0x000000008a000000, 0x000000008c750000, 0x000000009ecc0000)
  eden space 32320K,   0% used [0x000000008a000000, 0x000000008a000000, 0x000000008bf90000)
  from space 3968K,  90% used [0x000000008c370000, 0x000000008c6f5638, 0x000000008c750000)
  to   space 3968K,   0% used [0x000000008bf90000, 0x000000008bf90000, 0x000000008c370000)
 concurrent mark-sweep generation total 80576K, used 15913K [0x000000009ecc0000, 0x00000000a3b70000, 0x0000000100000000)
 Metaspace       used 40917K, capacity 42750K, committed 42976K, reserved 1087488K
  class space    used 5190K, capacity 5542K, committed 5628K, reserved 1048576K
}
{Heap before GC invocations=29 (full 2):
 par new generation   total 36288K, used 35925K [0x000000008a000000, 0x000000008c750000, 0x000000009ecc0000)
  eden space 32320K, 100% used [0x000000008a000000, 0x000000008bf90000, 0x000000008bf90000)
  from space 3968K,  90% used [0x000000008c370000, 0x000000008c6f5638, 0x000000008c750000)
  to   space 3968K,   0% used [0x000000008bf90000, 0x000000008bf90000, 0x000000008c370000)
 concurrent mark-sweep generation total 80576K, used 15913K [0x000000009ecc0000, 0x00000000a3b70000, 0x0000000100000000)
 Metaspace       used 41205K, capacity 43052K, committed 43232K, reserved 1087488K
  class space    used 5220K, capacity 5577K, committed 5628K, reserved 1048576K
2020-08-09T12:27:01.399+0800: 4.701: [GC (Allocation Failure) 2020-08-09T12:27:01.399+0800: 4.701: [ParNew
Desired survivor size 2031616 bytes, new threshold 5 (max 6)
- age   1:     375168 bytes,     375168 total
- age   2:     403760 bytes,     778928 total
- age   3:     444736 bytes,    1223664 total
- age   4:     534200 bytes,    1757864 total
- age   5:     474936 bytes,    2232800 total
: 35925K->2462K(36288K), 0.0104207 secs] 51838K->18375K(116864K), 0.0104711 secs] [Times: user=0.03 sys=0.00, real=0.01 secs] 
Heap after GC invocations=30 (full 2):
 par new generation   total 36288K, used 2462K [0x000000008a000000, 0x000000008c750000, 0x000000009ecc0000)
  eden space 32320K,   0% used [0x000000008a000000, 0x000000008a000000, 0x000000008bf90000)
  from space 3968K,  62% used [0x000000008bf90000, 0x000000008c1f79e8, 0x000000008c370000)
  to   space 3968K,   0% used [0x000000008c370000, 0x000000008c370000, 0x000000008c750000)
 concurrent mark-sweep generation total 80576K, used 15913K [0x000000009ecc0000, 0x00000000a3b70000, 0x0000000100000000)
 Metaspace       used 41205K, capacity 43052K, committed 43232K, reserved 1087488K
  class space    used 5220K, capacity 5577K, committed 5628K, reserved 1048576K
}
{Heap before GC invocations=30 (full 2):
 par new generation   total 36288K, used 34782K [0x000000008a000000, 0x000000008c750000, 0x000000009ecc0000)
  eden space 32320K, 100% used [0x000000008a000000, 0x000000008bf90000, 0x000000008bf90000)
  from space 3968K,  62% used [0x000000008bf90000, 0x000000008c1f79e8, 0x000000008c370000)
  to   space 3968K,   0% used [0x000000008c370000, 0x000000008c370000, 0x000000008c750000)
 concurrent mark-sweep generation total 80576K, used 15913K [0x000000009ecc0000, 0x00000000a3b70000, 0x0000000100000000)
 Metaspace       used 42422K, capacity 44250K, committed 44512K, reserved 1087488K
  class space    used 5420K, capacity 5792K, committed 5884K, reserved 1048576K
2020-08-09T12:27:01.533+0800: 4.834: [GC (Allocation Failure) 2020-08-09T12:27:01.533+0800: 4.835: [ParNew
Desired survivor size 2031616 bytes, new threshold 5 (max 6)
- age   1:     417632 bytes,     417632 total
- age   2:     358480 bytes,     776112 total
- age   3:     403648 bytes,    1179760 total
- age   4:     444736 bytes,    1624496 total
- age   5:     534200 bytes,    2158696 total
: 34782K->3420K(36288K), 0.0138292 secs] 50695K->19829K(116864K), 0.0138887 secs] [Times: user=0.04 sys=0.00, real=0.02 secs] 
Heap after GC invocations=31 (full 2):
 par new generation   total 36288K, used 3420K [0x000000008a000000, 0x000000008c750000, 0x000000009ecc0000)
  eden space 32320K,   0% used [0x000000008a000000, 0x000000008a000000, 0x000000008bf90000)
  from space 3968K,  86% used [0x000000008c370000, 0x000000008c6c7250, 0x000000008c750000)
  to   space 3968K,   0% used [0x000000008bf90000, 0x000000008bf90000, 0x000000008c370000)
 concurrent mark-sweep generation total 80576K, used 16408K [0x000000009ecc0000, 0x00000000a3b70000, 0x0000000100000000)
 Metaspace       used 42422K, capacity 44250K, committed 44512K, reserved 1087488K
  class space    used 5420K, capacity 5792K, committed 5884K, reserved 1048576K
}
{Heap before GC invocations=31 (full 2):
 par new generation   total 36288K, used 35740K [0x000000008a000000, 0x000000008c750000, 0x000000009ecc0000)
  eden space 32320K, 100% used [0x000000008a000000, 0x000000008bf90000, 0x000000008bf90000)
  from space 3968K,  86% used [0x000000008c370000, 0x000000008c6c7250, 0x000000008c750000)
  to   space 3968K,   0% used [0x000000008bf90000, 0x000000008bf90000, 0x000000008c370000)
 concurrent mark-sweep generation total 80576K, used 16408K [0x000000009ecc0000, 0x00000000a3b70000, 0x0000000100000000)
 Metaspace       used 44199K, capacity 46144K, committed 46304K, reserved 1089536K
  class space    used 5633K, capacity 6025K, committed 6140K, reserved 1048576K
2020-08-09T12:27:01.689+0800: 4.991: [GC (Allocation Failure) 2020-08-09T12:27:01.689+0800: 4.991: [ParNew
Desired survivor size 2031616 bytes, new threshold 6 (max 6)
- age   1:     456736 bytes,     456736 total
- age   2:     364328 bytes,     821064 total
- age   3:     348992 bytes,    1170056 total
- age   4:     403648 bytes,    1573704 total
- age   5:     444736 bytes,    2018440 total
: 35740K->2584K(36288K), 0.0091875 secs] 52149K->19544K(116864K), 0.0092633 secs] [Times: user=0.02 sys=0.00, real=0.01 secs] 
Heap after GC invocations=32 (full 2):
 par new generation   total 36288K, used 2584K [0x000000008a000000, 0x000000008c750000, 0x000000009ecc0000)
  eden space 32320K,   0% used [0x000000008a000000, 0x000000008a000000, 0x000000008bf90000)
  from space 3968K,  65% used [0x000000008bf90000, 0x000000008c2161b0, 0x000000008c370000)
  to   space 3968K,   0% used [0x000000008c370000, 0x000000008c370000, 0x000000008c750000)
 concurrent mark-sweep generation total 80576K, used 16959K [0x000000009ecc0000, 0x00000000a3b70000, 0x0000000100000000)
 Metaspace       used 44199K, capacity 46144K, committed 46304K, reserved 1089536K
  class space    used 5633K, capacity 6025K, committed 6140K, reserved 1048576K
}
{Heap before GC invocations=32 (full 2):
 par new generation   total 36288K, used 34904K [0x000000008a000000, 0x000000008c750000, 0x000000009ecc0000)
  eden space 32320K, 100% used [0x000000008a000000, 0x000000008bf90000, 0x000000008bf90000)
  from space 3968K,  65% used [0x000000008bf90000, 0x000000008c2161b0, 0x000000008c370000)
  to   space 3968K,   0% used [0x000000008c370000, 0x000000008c370000, 0x000000008c750000)
 concurrent mark-sweep generation total 80576K, used 16959K [0x000000009ecc0000, 0x00000000a3b70000, 0x0000000100000000)
 Metaspace       used 44933K, capacity 46984K, committed 47200K, reserved 1089536K
  class space    used 5743K, capacity 6141K, committed 6268K, reserved 1048576K
2020-08-09T12:27:01.816+0800: 5.118: [GC (Allocation Failure) 2020-08-09T12:27:01.816+0800: 5.118: [ParNew
Desired survivor size 2031616 bytes, new threshold 5 (max 6)
- age   1:     870888 bytes,     870888 total
- age   2:     388568 bytes,    1259456 total
- age   3:     364048 bytes,    1623504 total
- age   4:     342352 bytes,    1965856 total
- age   5:     403584 bytes,    2369440 total
- age   6:     444736 bytes,    2814176 total
: 34904K->2970K(36288K), 0.0317224 secs] 51864K->19930K(116864K), 0.0317928 secs] [Times: user=0.03 sys=0.00, real=0.03 secs] 
Heap after GC invocations=33 (full 2):
 par new generation   total 36288K, used 2970K [0x000000008a000000, 0x000000008c750000, 0x000000009ecc0000)
  eden space 32320K,   0% used [0x000000008a000000