Java HotSpot(TM) 64-Bit Server VM (25.212-b10) for linux-amd64 JRE (1.8.0_212-b10), built on Apr  1 2019 21:31:50 by "java_re" with gcc 7.3.0
Memory: 4k page, physical 7733208k(532068k free), swap 0k(0k free)

## 参数说明：
	-XX:MaxTenuringThreshold=6  Young区 进入 Old区 的最大年龄值是6
	-XX:+UseCompressedClassPointers    启用压缩类指针(CCS)
	-XX:MaxNewSize=348966912	最大的新生代大小
	
##

CommandLine flags: -XX:InitialHeapSize=123731328 -XX:MaxHeapSize=1979701248 -XX:MaxNewSize=348966912 -XX:MaxTenuringThreshold=6 -XX:OldPLABSize=16 -XX:+PrintGC -XX:+PrintGCDateStamps -XX:+PrintGCDetails -XX:+PrintGCTimeStamps -XX:+UseCompressedClassPointers -XX:+UseCompressedOops -XX:+UseConcMarkSweepGC -XX:+UseParNewGC 
## (Allocation Failure) ——》 Young 里面内存不够了【Young区】
2020-08-09T12:25:21.688+0800: 0.482: [GC (Allocation Failure) 2020-08-09T12:25:21.688+0800: 0.482: [ParNew: 32320K->2393K(36288K), 0.0042491 secs] 32320K->2393K(116864K), 0.0043419 secs] [Times: user=0.01 sys=0.00, real=0.00 secs] 
2020-08-09T12:25:21.872+0800: 0.666: [GC (Allocation Failure) 2020-08-09T12:25:21.872+0800: 0.666: [ParNew: 34713K->1604K(36288K), 0.0154325 secs] 34713K->3771K(116864K), 0.0154859 secs] [Times: user=0.05 sys=0.00, real=0.02 secs] 
2020-08-09T12:25:22.028+0800: 0.822: [GC (Allocation Failure) 2020-08-09T12:25:22.028+0800: 0.822: [ParNew: 33924K->1629K(36288K), 0.0018694 secs] 36091K->3795K(116864K), 0.0019196 secs] [Times: user=0.01 sys=0.00, real=0.00 secs] 
2020-08-09T12:25:22.169+0800: 0.963: [GC (Allocation Failure) 2020-08-09T12:25:22.169+0800: 0.963: [ParNew: 33949K->2107K(36288K), 0.0033394 secs] 36115K->4273K(116864K), 0.0033926 secs] [Times: user=0.01 sys=0.00, real=0.00 secs] 
2020-08-09T12:25:22.288+0800: 1.081: [GC (Allocation Failure) 2020-08-09T12:25:22.288+0800: 1.082: [ParNew: 34427K->3067K(36288K), 0.0036704 secs] 36593K->5233K(116864K), 0.0037220 secs] [Times: user=0.01 sys=0.00, real=0.00 secs] 
2020-08-09T12:25:22.379+0800: 1.173: [GC (Allocation Failure) 2020-08-09T12:25:22.379+0800: 1.173: [ParNew: 35387K->2701K(36288K), 0.0096907 secs] 37553K->5344K(116864K), 0.0097403 secs] [Times: user=0.02 sys=0.00, real=0.01 secs] 
2020-08-09T12:25:22.517+0800: 1.311: [GC (Allocation Failure) 2020-08-09T12:25:22.517+0800: 1.311: [ParNew: 35021K->3282K(36288K), 0.0048821 secs] 37664K->6520K(116864K), 0.0049389 secs] [Times: user=0.02 sys=0.00, real=0.00 secs] 
2020-08-09T12:25:22.638+0800: 1.432: [GC (Allocation Failure) 2020-08-09T12:25:22.639+0800: 1.432: [ParNew: 35602K->3140K(36288K), 0.0061637 secs] 38840K->6803K(116864K), 0.0062225 secs] [Times: user=0.03 sys=0.00, real=0.01 secs] 
2020-08-09T12:25:22.793+0800: 1.587: [GC (Allocation Failure) 2020-08-09T12:25:22.793+0800: 1.587: [ParNew: 35460K->3585K(36288K), 0.0093637 secs] 39123K->7916K(116864K), 0.0094322 secs] [Times: user=0.03 sys=0.01, real=0.01 secs] 

## 步骤【Old区】
	1)CMS initial mark：初始标记Root，STW(需要暂停所有的工作线程)
	2)CMS concurrent mark：并发标记
	3)CSM-concurrent-preclean：并发预清理
	4)CMS remark：重新标记，STW
	5)CMS concurrent sweep：并发清除
	6)CMS-concurrent-reset：并发重置
2020-08-09T12:25:22.805+0800: 1.599: [GC (CMS Initial Mark) [1 CMS-initial-mark: 4330K(80576K)] 9069K(116864K), 0.0137903 secs] [Times: user=0.00 sys=0.01, real=0.01 secs] 
2020-08-09T12:25:22.819+0800: 1.613: [CMS-concurrent-mark-start]
2020-08-09T12:25:22.835+0800: 1.629: [CMS-concurrent-mark: 0.016/0.016 secs] [Times: user=0.06 sys=0.00, real=0.02 secs] 
2020-08-09T12:25:22.835+0800: 1.629: [CMS-concurrent-preclean-start]
2020-08-09T12:25:22.836+0800: 1.629: [CMS-concurrent-preclean: 0.000/0.001 secs] [Times: user=0.00 sys=0.00, real=0.00 secs] 
2020-08-09T12:25:22.836+0800: 1.629: [CMS-concurrent-abortable-preclean-start]
2020-08-09T12:25:22.909+0800: 1.703: [CMS-concurrent-abortable-preclean: 0.028/0.073 secs] [Times: user=0.26 sys=0.01, real=0.07 secs] 
2020-08-09T12:25:22.910+0800: 1.704: [GC (CMS Final Remark) [YG occupancy: 35541 K (36288 K)]2020-08-09T12:25:22.910+0800: 1.704: [Rescan (parallel) , 0.0142821 secs]2020-08-09T12:25:22.924+0800: 1.718: [weak refs processing, 0.0000276 secs]2020-08-09T12:25:22.924+0800: 1.718: [class unloading, 0.0030906 secs]2020-08-09T12:25:22.927+0800: 1.721: [scrub symbol table, 0.0019419 secs]2020-08-09T12:25:22.929+0800: 1.723: [scrub string table, 0.0003541 secs][1 CMS-remark: 4330K(80576K)] 39872K(116864K), 0.0200710 secs] [Times: user=0.07 sys=0.00, real=0.02 secs] 
2020-08-09T12:25:22.930+0800: 1.724: [CMS-concurrent-sweep-start]
2020-08-09T12:25:22.932+0800: 1.726: [CMS-concurrent-sweep: 0.002/0.002 secs] [Times: user=0.01 sys=0.00, real=0.00 secs] 
2020-08-09T12:25:22.933+0800: 1.727: [GC (Allocation Failure) 2020-08-09T12:25:22.933+0800: 1.727: [ParNew: 35905K->2636K(36288K), 0.0055499 secs] 40169K->7291K(116864K), 0.0055862 secs] [Times: user=0.02 sys=0.00, real=0.01 secs] 
2020-08-09T12:25:22.940+0800: 1.734: [CMS-concurrent-reset-start]
2020-08-09T12:25:22.987+0800: 1.781: [CMS-concurrent-reset: 0.048/0.048 secs] [Times: user=0.13 sys=0.04, real=0.05 secs] 
2020-08-09T12:25:23.058+0800: 1.852: [GC (Allocation Failure) 2020-08-09T12:25:23.058+0800: 1.852: [ParNew: 34956K->3152K(36288K), 0.0061183 secs] 39611K->8295K(116864K), 0.0061790 secs] [Times: user=0.02 sys=0.00, real=0.01 secs] 
2020-08-09T12:25:23.152+0800: 1.946: [GC (Allocation Failure) 2020-08-09T12:25:23.152+0800: 1.946: [ParNew: 35472K->3533K(36288K), 0.0162976 secs] 40615K->9080K(116864K), 0.0163493 secs] [Times: user=0.04 sys=0.00, real=0.02 secs] 
2020-08-09T12:25:23.267+0800: 2.061: [GC (Allocation Failure) 2020-08-09T12:25:23.267+0800: 2.061: [ParNew: 35853K->2585K(36288K), 0.0066573 secs] 41400K->8910K(116864K), 0.0067183 secs] [Times: user=0.01 sys=0.00, real=0.00 secs] 
2020-08-09T12:25:23.444+0800: 2.238: [GC (Allocation Failure) 2020-08-09T12:25:23.444+0800: 2.238: [ParNew: 34905K->2966K(36288K), 0.0108344 secs] 41230K->9291K(116864K), 0.0108960 secs] [Times: user=0.03 sys=0.00, real=0.01 secs] 
2020-08-09T12:25:23.626+0800: 2.420: [GC (Allocation Failure) 2020-08-09T12:25:23.626+0800: 2.420: [ParNew: 35286K->3242K(36288K), 0.0146578 secs] 41611K->10133K(116864K), 0.0147137 secs] [Times: user=0.04 sys=0.00, real=0.01 secs] 
2020-08-09T12:25:23.744+0800: 2.537: [GC (Allocation Failure) 2020-08-09T12:25:23.744+0800: 2.538: [ParNew: 35562K->3380K(36288K), 0.0041647 secs] 42453K->10773K(116864K), 0.0042190 secs] [Times: user=0.01 sys=0.00, real=0.01 secs] 
2020-08-09T12:25:23.905+0800: 2.699: [GC (Allocation Failure) 2020-08-09T12:25:23.905+0800: 2.699: [ParNew: 35700K->3504K(36288K), 0.0054464 secs] 43093K->11383K(116864K), 0.0054972 secs] [Times: user=0.01 sys=0.00, real=0.00 secs] 
2020-08-09T12:25:24.070+0800: 2.864: [GC (Allocation Failure) 2020-08-09T12:25:24.070+0800: 2.864: [ParNew: 35824K->3055K(36288K), 0.0090642 secs] 43703K->11521K(116864K), 0.0091307 secs] [Times: user=0.03 sys=0.00, real=0.01 secs] 
2020-08-09T12:25:24.295+0800: 3.089: [GC (Allocation Failure) 2020-08-09T12:25:24.295+0800: 3.089: [ParNew: 35375K->3968K(36288K), 0.0054249 secs] 43841K->12963K(116864K), 0.0054733 secs] [Times: user=0.02 sys=0.00, real=0.00 secs] 
2020-08-09T12:25:24.620+0800: 3.414: [GC (Allocation Failure) 2020-08-09T12:25:24.620+0800: 3.414: [ParNew: 36288K->3968K(36288K), 0.0084938 secs] 45283K->13697K(116864K), 0.0085594 secs] [Times: user=0.03 sys=0.00, real=0.01 secs] 
2020-08-09T12:25:24.807+0800: 3.601: [GC (Allocation Failure) 2020-08-09T12:25:24.807+0800: 3.601: [ParNew: 36288K->3835K(36288K), 0.0164770 secs] 46017K->15416K(116864K), 0.0165338 secs] [Times: user=0.05 sys=0.00, real=0.01 secs] 
2020-08-09T12:25:25.028+0800: 3.822: [GC (Allocation Failure) 2020-08-09T12:25:25.028+0800: 3.822: [ParNew: 36155K->1983K(36288K), 0.0063822 secs] 47736K->14966K(116864K), 0.0064351 secs] [Times: user=0.01 sys=0.00, real=0.01 secs] 
2020-08-09T12:25:25.036+0800: 3.830: [GC (CMS Initial Mark) [1 CMS-initial-mark: 12983K(80576K)] 15606K(116864K), 0.0013456 secs] [Times: user=0.00 sys=0.00, real=0.00 secs] 
2020-08-09T12:25:25.037+0800: 3.831: [CMS-concurrent-mark-start]
2020-08-09T12:25:25.069+0800: 3.863: [CMS-concurrent-mark: 0.032/0.032 secs] [Times: user=0.11 sys=0.00, real=0.03 secs] 
2020-08-09T12:25:25.069+0800: 3.863: [CMS-concurrent-preclean-start]
2020-08-09T12:25:25.070+0800: 3.864: [CMS-concurrent-preclean: 0.001/0.001 secs] [Times: user=0.00 sys=0.00, real=0.00 secs] 
2020-08-09T12:25:25.070+0800: 3.864: [CMS-concurrent-abortable-preclean-start]
2020-08-09T12:25:25.180+0800: 3.974: [GC (Allocation Failure) 2020-08-09T12:25:25.180+0800: 3.974: [ParNew: 34303K->2212K(36288K), 0.0052345 secs] 47286K->15195K(116864K), 0.0052841 secs] [Times: user=0.01 sys=0.00, real=0.01 secs] 
2020-08-09T12:25:25.286+0800: 4.080: [GC (Allocation Failure) 2020-08-09T12:25:25.286+0800: 4.080: [ParNew: 34532K->2704K(36288K), 0.0049808 secs] 47515K->15687K(116864K), 0.0050487 secs] [Times: user=0.02 sys=0.00, real=0.00 secs] 
2020-08-09T12:25:25.291+0800: 4.085: [CMS-concurrent-abortable-preclean: 0.076/0.220 secs] [Times: user=0.80 sys=0.01, real=0.22 secs] 
2020-08-09T12:25:25.295+0800: 4.089: [GC (CMS Final Remark) [YG occupancy: 5286 K (36288 K)]2020-08-09T12:25:25.295+0800: 4.089: [Rescan (parallel) , 0.0033335 secs]2020-08-09T12:25:25.299+0800: 4.092: [weak refs processing, 0.0000590 secs]2020-08-09T12:25:25.299+0800: 4.093: [class unloading, 0.0074692 secs]2020-08-09T12:25:25.306+0800: 4.100: [scrub symbol table, 0.0060381 secs]2020-08-09T12:25:25.312+0800: 4.106: [scrub string table, 0.0006405 secs][1 CMS-remark: 12983K(80576K)] 18269K(116864K), 0.0179467 secs] [Times: user=0.04 sys=0.00, real=0.01 secs] 
2020-08-09T12:25:25.313+0800: 4.107: [CMS-concurrent-sweep-start]
2020-08-09T12:25:25.320+0800: 4.114: [CMS-concurrent-sweep: 0.007/0.007 secs] [Times: user=0.02 sys=0.00, real=0.01 secs] 
2020-08-09T12:25:25.320+0800: 4.114: [CMS-concurrent-reset-start]
2020-08-09T12:25:25.323+0800: 4.117: [CMS-concurrent-reset: 0.003/0.003 secs] [Times: user=0.01 sys=0.00, real=0.00 secs] 
2020-08-09T12:25:25.411+0800: 4.205: [GC (Allocation Failure) 2020-08-09T12:25:25.411+0800: 4.205: [ParNew: 35024K->2892K(36288K), 0.0117313 secs] 47495K->16194K(116864K), 0.0117965 secs] [Times: user=0.04 sys=0.00, real=0.01 secs] 
2020-08-09T12:25:25.509+0800: 4.303: [GC (Allocation Failure) 2020-08-09T12:25:25.509+0800: 4.303: [ParNew: 35212K->2708K(36288K), 0.0140632 secs] 48514K->16680K(116864K), 0.0141368 secs] [Times: user=0.05 sys=0.00, real=0.01 secs] 
2020-08-09T12:25:25.622+0800: 4.416: [GC (Allocation Failure) 2020-08-09T12:25:25.622+0800: 4.416: [ParNew: 35028K->3151K(36288K), 0.0053040 secs] 49000K->17656K(116864K), 0.0053704 secs] [Times: user=0.02 sys=0.00, real=0.01 secs] 
2020-08-09T12:25:25.699+0800: 4.493: [GC (Allocation Failure) 2020-08-09T12:25:25.699+0800: 4.493: [ParNew: 35471K->2779K(36288K), 0.0078777 secs] 49976K->17809K(116864K), 0.0079428 secs] [Times: user=0.03 sys=0.00, real=0.01 secs] 
2020-08-09T12:25:25.777+0800: 4.571: [GC (Allocation Failure) 2020-08-09T12:25:25.777+0800: 4.571: [ParNew: 35099K->3257K(36288K), 0.0061522 secs] 50129K->18827K(116864K), 0.0062208 secs] [Times: user=0.02 sys=0.00, real=0.00 secs] 
2020-08-09T12:25:25.842+0800: 4.636: [GC (Allocation Failure) 2020-08-09T12:25:25.842+0800: 4.636: [ParNew: 35577K->3545K(36288K), 0.0099199 secs] 51147K->19115K(116864K), 0.0100001 secs] [Times: user=0.03 sys=0.00, real=0.01 secs] 
2020-08-09T12:25:25.961+0800: 4.755: [GC (Allocation Failure) 2020-08-09T12:25:25.961+0800: 4.755: [ParNew: 35865K->3877K(36288K), 0.0102510 secs] 51435K->19992K(116864K), 0.0103258 secs] [Times: user=0.04 sys=0.00, real=0.01 secs] 
2020-08-09T12:25:26.089+0800: 4.883: [GC (Allocation Failure) 2020-08-09T12:25:26.089+0800: 4.883: [ParNew: 36197K->2429K(36288K), 0.0089416 secs] 52312K->19120K(116864K), 0.0090093 secs] [Times: user=0.03 sys=0.01, real=0.01 secs] 
2020-08-09T12:25:26.211+0800: 5.005: [GC (Allocation Failure) 2020-08-09T12:25:26.211+0800: 5.005: [ParNew: 34749K->2814K(36288K), 0.0100378 secs] 51440K->19966K(116864K), 0.0101071 secs] [Times: user=0.04 sys=0.00, real=0.01 secs] 
2020-08-09T12:25:26.325+0800: 5.119: [GC (Allocation Failure) 2020-08-09T12:25:26.325+0800: 5.119: [ParNew: 35134K->3305K(36288K), 0.0131815 secs] 52286K->20457K(116864K), 0.0132479 secs] [Times: user=0.05 sys=0.00, real=0.01 secs] 
2020-08-09T12:25:26.409+0800: 5.203: [GC (Allocation Failure) 2020-08-09T12:25:26.409+0800: 5.203: [ParNew: 35625K->3093K(36288K), 0.0100707 secs] 52777K->21483K(116864K), 0.0101369 secs] [Times: user=0.04 sys=0.00, real=0.01 secs] 
2020-08-09T12:25:26.580+0800: 5.374: [GC (Allocation Failure) 2020-08-09T12:25:26.580+0800: 5.374: [ParNew: 35413K->3516K(36288K), 0.0071834 secs] 53803K->22285K(116864K), 0.0072463 secs] [Times: user=0.02 sys=0.00, real=0.01 secs] 
2020-08-09T12:25:26.739+0800: 5.533: [GC (Allocation Failure) 2020-08-09T12:25:26.739+0800: 5.533: [ParNew: 35836K->3968K(36288K), 0.0086629 secs] 54605K->24016K(116864K), 0.0087228 secs] [Times: user=0.03 sys=0.00, real=0.01 secs] 
2020-08-09T12:25:26.845+0800: 5.638: [GC (Allocation Failure) 2020-08-09T12:25:26.845+0800: 5.638: [ParNew: 36288K->2777K(36288K), 0.0074230 secs] 56336K->23495K(116864K), 0.0074798 secs] [Times: user=0.02 sys=0.00, real=0.00 secs] 
2020-08-09T12:25:27.000+0800: 5.794: [GC (Allocation Failure) 2020-08-09T12:25:27.000+0800: 5.794: [ParNew: 35097K->3499K(36288K), 0.0076379 secs] 55815K->25280K(116864K), 0.0076888 secs] [Times: user=0.03 sys=0.00, real=0.01 secs] 
2020-08-09T12:25:27.124+0800: 5.918: [GC (Allocation Failure) 2020-08-09T12:25:27.124+0800: 5.918: [ParNew: 35819K->3968K(36288K), 0.0058246 secs] 57600K->26280K(116864K), 0.0058803 secs] [Times: user=0.02 sys=0.00, real=0.00 secs] 
2020-08-09T12:25:27.282+0800: 6.076: [GC (Allocation Failure) 2020-08-09T12:25:27.282+0800: 6.076: [ParNew: 36288K->2825K(36288K), 0.0089809 secs] 58600K->27112K(116864K), 0.0090511 secs] [Times: user=0.03 sys=0.00, real=0.01 secs] 
2020-08-09T12:25:27.462+0800: 6.256: [GC (Allocation Failure) 2020-08-09T12:25:27.462+0800: 6.256: [ParNew: 35145K->3944K(36288K), 0.0189763 secs] 59432K->29244K(116864K), 0.0190398 secs] [Times: user=0.07 sys=0.00, real=0.02 secs] 
