Java HotSpot(TM) 64-Bit Server VM (25.212-b10) for linux-amd64 JRE (1.8.0_212-b10), built on Apr  1 2019 21:31:50 by "java_re" with gcc 7.3.0
Memory: 4k page, physical 7733208k(421788k free), swap 0k(0k free)
CommandLine flags: -XX:InitialHeapSize=123731328 -XX:MaxHeapSize=1979701248 -XX:+PrintGC -XX:+PrintGCDateStamps -XX:+PrintGCDetails -XX:+PrintGCTimeStamps -XX:+UseCompressedClassPointers -XX:+UseCompressedOops -XX:+UseG1GC 
2020-08-09T12:51:01.933+0800: 0.267: [GC pause (G1 Evacuation Pause) (young), 0.0145932 secs]
   ## GC Workers: 4 ——》 4个GC线程
   [Parallel Time: 3.5 ms, GC Workers: 4]  ## 会停止应用程序
      [GC Worker Start (ms): Min: 267.1, Avg: 267.8, Max: 268.4, Diff: 1.2]
      [Ext Root Scanning (ms): Min: 0.0, Avg: 0.4, Max: 1.0, Diff: 1.0, Sum: 1.4]
	  ## RSet
      [Update RS (ms): Min: 0.0, Avg: 0.0, Max: 0.0, Diff: 0.0, Sum: 0.0]
         [Processed Buffers: Min: 0, Avg: 0.0, Max: 0, Diff: 0, Sum: 0]
      [Scan RS (ms): Min: 0.0, Avg: 0.0, Max: 0.0, Diff: 0.0, Sum: 0.0]
      [Code Root Scanning (ms): Min: 0.0, Avg: 0.5, Max: 1.6, Diff: 1.6, Sum: 1.9]
      [Object Copy (ms): Min: 0.1, Avg: 1.0, Max: 1.3, Diff: 1.2, Sum: 3.9]
      [Termination (ms): Min: 0.0, Avg: 0.2, Max: 0.2, Diff: 0.2, Sum: 0.7]
         [Termination Attempts: Min: 1, Avg: 3.8, Max: 6, Diff: 5, Sum: 15]
      [GC Worker Other (ms): Min: 0.0, Avg: 0.0, Max: 0.0, Diff: 0.0, Sum: 0.0]
      [GC Worker Total (ms): Min: 1.5, Avg: 2.0, Max: 2.7, Diff: 1.2, Sum: 8.0]
      [GC Worker End (ms): Min: 269.8, Avg: 269.8, Max: 269.8, Diff: 0.0]
   [Code Root Fixup: 0.0 ms]
   [Code Root Purge: 0.0 ms]
   [Clear CT: 0.1 ms]
   [Other: 11.0 ms]
      [Choose CSet: 0.0 ms]
      [Ref Proc: 0.4 ms]
      [Ref Enq: 0.0 ms]
      [Redirty Cards: 0.0 ms]
      [Humongous Register: 0.0 ms]
      [Humongous Reclaim: 10.4 ms]
      [Free CSet: 0.0 ms]
   [Eden: 14.0M(14.0M)->0.0B(19.0M) Survivors: 0.0B->2048.0K Heap: 15.7M(118.0M)->2117.5K(118.0M)]
 [Times: user=0.00 sys=0.01, real=0.02 secs] 
2020-08-09T12:51:02.091+0800: 0.425: [GC pause (G1 Evacuation Pause) (young), 0.0027721 secs]
   [Parallel Time: 2.4 ms, GC Workers: 4]
      [GC Worker Start (ms): Min: 424.7, Avg: 425.2, Max: 426.4, Diff: 1.7]
      [Ext Root Scanning (ms): Min: 0.0, Avg: 0.3, Max: 0.6, Diff: 0.6, Sum: 1.1]
      [Update RS (ms): Min: 0.0, Avg: 0.0, Max: 0.0, Diff: 0.0, Sum: 0.0]
         [Processed Buffers: Min: 0, Avg: 0.2, Max: 1, Diff: 1, Sum: 1]
      [Scan RS (ms): Min: 0.0, Avg: 0.0, Max: 0.0, Diff: 0.0, Sum: 0.0]
      [Code Root Scanning (ms): Min: 0.0, Avg: 0.1, Max: 0.5, Diff: 0.5, Sum: 0.5]
      [Object Copy (ms): Min: 0.6, Avg: 1.5, Max: 1.9, Diff: 1.3, Sum: 5.9]
      [Termination (ms): Min: 0.0, Avg: 0.0, Max: 0.0, Diff: 0.0, Sum: 0.0]
         [Termination Attempts: Min: 1, Avg: 7.5, Max: 12, Diff: 11, Sum: 30]
      [GC Worker Other (ms): Min: 0.0, Avg: 0.0, Max: 0.0, Diff: 0.0, Sum: 0.0]
      [GC Worker Total (ms): Min: 0.6, Avg: 1.9, Max: 2.4, Diff: 1.7, Sum: 7.7]
      [GC Worker End (ms): Min: 427.1, Avg: 427.1, Max: 427.1, Diff: 0.0]
   [Code Root Fixup: 0.0 ms]
   [Code Root Purge: 0.0 ms]
   [Clear CT: 0.1 ms]
   [Other: 0.3 ms]
      [Choose CSet: 0.0 ms]
      [Ref Proc: 0.2 ms]
      [Ref Enq: 0.0 ms]
      [Redirty Cards: 0.0 ms]
      [Humongous Register: 0.0 ms]
      [Humongous Reclaim: 0.0 ms]
      [Free CSet: 0.0 ms]
   [Eden: 19.0M(19.0M)->0.0B(67.0M) Survivors: 2048.0K->3072.0K Heap: 21.1M(118.0M)->4386.5K(118.0M)]
 [Times: user=0.01 sys=0.00, real=0.00 secs] 
2020-08-09T12:51:02.435+0800: 0.769: [GC pause (G1 Evacuation Pause) (young), 0.0052893 secs]
   [Parallel Time: 4.3 ms, GC Workers: 4]
      [GC Worker Start (ms): Min: 769.0, Avg: 770.9, Max: 773.3, Diff: 4.2]
      [Ext Root Scanning (ms): Min: 0.0, Avg: 0.4, Max: 1.1, Diff: 1.1, Sum: 1.8]
      [Update RS (ms): Min: 0.0, Avg: 0.2, Max: 0.4, Diff: 0.4, Sum: 0.7]
         [Processed Buffers: Min: 0, Avg: 2.5, Max: 6, Diff: 6, Sum: 10]
      [Scan RS (ms): Min: 0.0, Avg: 0.0, Max: 0.0, Diff: 0.0, Sum: 0.0]
      [Code Root Scanning (ms): Min: 0.0, Avg: 0.0, Max: 0.1, Diff: 0.1, Sum: 0.2]
      [Object Copy (ms): Min: 0.0, Avg: 1.6, Max: 2.5, Diff: 2.5, Sum: 6.2]
      [Termination (ms): Min: 0.0, Avg: 0.2, Max: 0.3, Diff: 0.3, Sum: 0.7]
         [Termination Attempts: Min: 1, Avg: 1.5, Max: 3, Diff: 2, Sum: 6]
      [GC Worker Other (ms): Min: 0.0, Avg: 0.0, Max: 0.0, Diff: 0.0, Sum: 0.0]
      [GC Worker Total (ms): Min: 0.0, Avg: 2.4, Max: 4.3, Diff: 4.3, Sum: 9.7]
      [GC Worker End (ms): Min: 773.3, Avg: 773.3, Max: 773.3, Diff: 0.0]
   [Code Root Fixup: 0.0 ms]
   [Code Root Purge: 0.0 ms]
   [Clear CT: 0.1 ms]
   [Other: 0.9 ms]
      [Choose CSet: 0.0 ms]
      [Ref Proc: 0.7 ms]
      [Ref Enq: 0.0 ms]
      [Redirty Cards: 0.0 ms]
      [Humongous Register: 0.0 ms]
      [Humongous Reclaim: 0.0 ms]
      [Free CSet: 0.0 ms]
   [Eden: 67.0M(67.0M)->0.0B(68.0M) Survivors: 3072.0K->2048.0K Heap: 71.3M(118.0M)->3908.7K(118.0M)]
 [Times: user=0.01 sys=0.00, real=0.00 secs] 
2020-08-09T12:51:02.714+0800: 1.048: [GC pause (G1 Evacuation Pause) (young), 0.0097363 secs]
   [Parallel Time: 8.2 ms, GC Workers: 4]
      [GC Worker Start (ms): Min: 1048.0, Avg: 1052.0, Max: 1056.1, Diff: 8.1]
      [Ext Root Scanning (ms): Min: 0.0, Avg: 0.5, Max: 1.1, Diff: 1.1, Sum: 2.0]
      [Update RS (ms): Min: 0.0, Avg: 0.1, Max: 0.3, Diff: 0.3, Sum: 0.4]
         [Processed Buffers: Min: 0, Avg: 1.8, Max: 6, Diff: 6, Sum: 7]
      [Scan RS (ms): Min: 0.0, Avg: 0.0, Max: 0.0, Diff: 0.0, Sum: 0.1]
      [Code Root Scanning (ms): Min: 0.0, Avg: 0.1, Max: 0.3, Diff: 0.3, Sum: 0.4]
      [Object Copy (ms): Min: 0.0, Avg: 2.3, Max: 4.6, Diff: 4.6, Sum: 9.2]
      [Termination (ms): Min: 0.0, Avg: 1.1, Max: 2.1, Diff: 2.1, Sum: 4.4]
         [Termination Attempts: Min: 1, Avg: 1.0, Max: 1, Diff: 0, Sum: 4]
      [GC Worker Other (ms): Min: 0.0, Avg: 0.0, Max: 0.0, Diff: 0.0, Sum: 0.0]
      [GC Worker Total (ms): Min: 0.0, Avg: 4.1, Max: 8.1, Diff: 8.1, Sum: 16.5]
      [GC Worker End (ms): Min: 1056.2, Avg: 1056.2, Max: 1056.2, Diff: 0.0]
   [Code Root Fixup: 0.0 ms]
   [Code Root Purge: 0.0 ms]
   [Clear CT: 0.1 ms]
   [Other: 1.5 ms]
      [Choose CSet: 0.0 ms]
      [Ref Proc: 1.3 ms]
      [Ref Enq: 0.0 ms]
      [Redirty Cards: 0.0 ms]
      [Humongous Register: 0.0 ms]
      [Humongous Reclaim: 0.0 ms]
      [Free CSet: 0.1 ms]
   [Eden: 68.0M(68.0M)->0.0B(65.0M) Survivors: 2048.0K->5120.0K Heap: 71.8M(118.0M)->6731.7K(118.0M)]
 [Times: user=0.02 sys=0.00, real=0.01 secs] 
2020-08-09T12:51:02.925+0800: 1.259: [GC pause (G1 Evacuation Pause) (young), 0.0046292 secs]
   [Parallel Time: 4.1 ms, GC Workers: 4]
      [GC Worker Start (ms): Min: 1258.8, Avg: 1258.8, Max: 1258.9, Diff: 0.1]
      [Ext Root Scanning (ms): Min: 0.3, Avg: 0.7, Max: 1.2, Diff: 1.0, Sum: 2.8]
      [Update RS (ms): Min: 0.0, Avg: 0.1, Max: 0.2, Diff: 0.2, Sum: 0.5]
         [Processed Buffers: Min: 0, Avg: 1.8, Max: 6, Diff: 6, Sum: 7]
      [Scan RS (ms): Min: 0.0, Avg: 0.0, Max: 0.0, Diff: 0.0, Sum: 0.1]
      [Code Root Scanning (ms): Min: 0.0, Avg: 0.5, Max: 1.9, Diff: 1.9, Sum: 1.9]
      [Object Copy (ms): Min: 1.5, Avg: 2.6, Max: 3.3, Diff: 1.8, Sum: 10.6]
      [Termination (ms): Min: 0.0, Avg: 0.0, Max: 0.0, Diff: 0.0, Sum: 0.0]
         [Termination Attempts: Min: 1, Avg: 1.0, Max: 1, Diff: 0, Sum: 4]
      [GC Worker Other (ms): Min: 0.0, Avg: 0.0, Max: 0.0, Diff: 0.0, Sum: 0.1]
      [GC Worker Total (ms): Min: 3.9, Avg: 4.0, Max: 4.0, Diff: 0.1, Sum: 15.9]
      [GC Worker End (ms): Min: 1262.8, Avg: 1262.8, Max: 1262.8, Diff: 0.0]
   [Code Root Fixup: 0.0 ms]
   [Code Root Purge: 0.0 ms]
   [Clear CT: 0.1 ms]
   [Other: 0.5 ms]
      [Choose CSet: 0.0 ms]
      [Ref Proc: 0.3 ms]
      [Ref Enq: 0.0 ms]
      [Redirty Cards: 0.1 ms]
      [Humongous Register: 0.0 ms]
      [Humongous Reclaim: 0.0 ms]
      [Free CSet: 0.0 ms]
   [Eden: 65.0M(65.0M)->0.0B(65.0M) Survivors: 5120.0K->5120.0K Heap: 71.6M(118.0M)->7060.5K(118.0M)]
 [Times: user=0.02 sys=0.00, real=0.00 secs] 
 
  ## global concurrent marking ：全局的变化标记
2020-08-09T12:51:03.186+0800: 1.520: [GC pause (Metadata GC Threshold) (young) (initial-mark), 0.0809509 secs]
   [Parallel Time: 59.8 ms, GC Workers: 4]
      [GC Worker Start (ms): Min: 1529.6, Avg: 1535.8, Max: 1542.4, Diff: 12.9]
      [Ext Root Scanning (ms): Min: 0.2, Avg: 13.7, Max: 21.9, Diff: 21.8, Sum: 55.0]
      [Update RS (ms): Min: 0.0, Avg: 0.1, Max: 0.4, Diff: 0.4, Sum: 0.5]
         [Processed Buffers: Min: 0, Avg: 2.0, Max: 6, Diff: 6, Sum: 8]
      [Scan RS (ms): Min: 0.0, Avg: 0.0, Max: 0.0, Diff: 0.0, Sum: 0.0]
      [Code Root Scanning (ms): Min: 0.0, Avg: 4.5, Max: 18.0, Diff: 18.0, Sum: 18.0]
      [Object Copy (ms): Min: 0.0, Avg: 3.3, Max: 12.6, Diff: 12.6, Sum: 13.2]
      [Termination (ms): Min: 0.0, Avg: 5.6, Max: 14.1, Diff: 14.1, Sum: 22.5]
         [Termination Attempts: Min: 1, Avg: 1.5, Max: 3, Diff: 2, Sum: 6]
      [GC Worker Other (ms): Min: 0.0, Avg: 0.0, Max: 0.0, Diff: 0.0, Sum: 0.0]
      [GC Worker Total (ms): Min: 24.3, Avg: 27.3, Max: 31.3, Diff: 7.0, Sum: 109.2]
      [GC Worker End (ms): Min: 1560.9, Avg: 1563.1, Max: 1569.8, Diff: 8.9]
   [Code Root Fixup: 0.0 ms]
   [Code Root Purge: 0.0 ms]
   [Clear CT: 3.5 ms]
   [Other: 17.6 ms]
      [Choose CSet: 0.0 ms]
      [Ref Proc: 17.4 ms]
      [Ref Enq: 0.0 ms]
      [Redirty Cards: 0.0 ms]
      [Humongous Register: 0.0 ms]
      [Humongous Reclaim: 0.0 ms]
      [Free CSet: 0.0 ms]
   [Eden: 39.0M(65.0M)->0.0B(64.0M) Survivors: 5120.0K->6144.0K Heap: 45.9M(118.0M)->7572.5K(118.0M)]
 [Times: user=0.04 sys=0.00, real=0.08 secs] 
## global concurrent marking ：全局的变化标记【过程】
	a.Initial marking phase：标记GC Root，STW
	b.Root region scanning phase：标记存活Region
	c.Concurrent marking phase：标记存活的对象
	d.Remark phase：重新标记，STW
	e.Cleanup phase：部分STW
2020-08-09T12:51:03.269+0800: 1.603: [GC concurrent-root-region-scan-start]
2020-08-09T12:51:03.275+0800: 1.609: [GC concurrent-root-region-scan-end, 0.0064747 secs]
2020-08-09T12:51:03.275+0800: 1.609: [GC concurrent-mark-start]
2020-08-09T12:51:03.278+0800: 1.612: [GC concurrent-mark-end, 0.0030095 secs]
2020-08-09T12:51:03.281+0800: 1.615: [GC remark 2020-08-09T12:51:03.281+0800: 1.615: [Finalize Marking, 0.0008474 secs] 2020-08-09T12:51:03.282+0800: 1.616: [GC ref-proc, 0.0002156 secs] 2020-08-09T12:51:03.282+0800: 1.616: [Unloading, 0.0053418 secs], 0.0065394 secs]
 [Times: user=0.01 sys=0.00, real=0.01 secs] 
2020-08-09T12:51:03.292+0800: 1.626: [GC cleanup 10M->10M(118M), 0.0038656 secs]
 [Times: user=0.01 sys=0.00, real=0.01 secs] 
2020-08-09T12:51:03.531+0800: 1.865: [GC pause (G1 Evacuation Pause) (young), 0.0105253 secs]
   [Parallel Time: 9.8 ms, GC Workers: 4]
      [GC Worker Start (ms): Min: 1864.9, Avg: 1869.2, Max: 1874.6, Diff: 9.7]
      [Ext Root Scanning (ms): Min: 0.0, Avg: 0.6, Max: 1.6, Diff: 1.6, Sum: 2.5]
      [Update RS (ms): Min: 0.0, Avg: 0.1, Max: 0.3, Diff: 0.3, Sum: 0.5]
         [Processed Buffers: Min: 0, Avg: 1.8, Max: 6, Diff: 6, Sum: 7]
      [Scan RS (ms): Min: 0.0, Avg: 0.0, Max: 0.0, Diff: 0.0, Sum: 0.1]
      [Code Root Scanning (ms): Min: 0.0, Avg: 0.1, Max: 0.3, Diff: 0.3, Sum: 0.5]
      [Object Copy (ms): Min: 0.0, Avg: 4.3, Max: 7.3, Diff: 7.3, Sum: 17.1]
      [Termination (ms): Min: 0.0, Avg: 0.2, Max: 0.3, Diff: 0.3, Sum: 0.8]
         [Termination Attempts: Min: 1, Avg: 1.8, Max: 3, Diff: 2, Sum: 7]
      [GC Worker Other (ms): Min: 0.0, Avg: 0.0, Max: 0.0, Diff: 0.0, Sum: 0.0]
      [GC Worker Total (ms): Min: 0.0, Avg: 5.4, Max: 9.7, Diff: 9.7, Sum: 21.5]
      [GC Worker End (ms): Min: 1874.6, Avg: 1874.6, Max: 1874.6, Diff: 0.0]
   [Code Root Fixup: 0.0 ms]
   [Code Root Purge: 0.0 ms]
   [Clear CT: 0.1 ms]
   [Other: 0.7 ms]
      [Choose CSet: 0.0 ms]
      [Ref Proc: 0.5 ms]
      [Ref Enq: 0.0 ms]
      [Redirty Cards: 0.0 ms]
      [Humongous Register: 0.0 ms]
      [Humongous Reclaim: 0.0 ms]
      [Free CSet: 0.0 ms]
   [Eden: 64.0M(64.0M)->0.0B(63.0M) Survivors: 6144.0K->7168.0K Heap: 71.4M(118.0M)->8596.5K(118.0M)]
 [Times: user=0.03 sys=0.00, real=0.01 secs] 
2020-08-09T12:51:03.755+0800: 2.089: [GC pause (G1 Evacuation Pause) (young), 0.0227708 secs]
   [Parallel Time: 21.8 ms, GC Workers: 4]
      [GC Worker Start (ms): Min: 2088.8, Avg: 2096.0, Max: 2106.0, Diff: 17.2]
      [Ext Root Scanning (ms): Min: 0.0, Avg: 0.6, Max: 1.7, Diff: 1.7, Sum: 2.3]
      [Update RS (ms): Min: 0.0, Avg: 0.1, Max: 0.3, Diff: 0.3, Sum: 0.5]
         [Processed Buffers: Min: 0, Avg: 1.2, Max: 4, Diff: 4, Sum: 5]
      [Scan RS (ms): Min: 0.0, Avg: 0.0, Max: 0.0, Diff: 0.0, Sum: 0.1]
      [Code Root Scanning (ms): Min: 0.0, Avg: 0.2, Max: 0.6, Diff: 0.6, Sum: 0.8]
      [Object Copy (ms): Min: 0.0, Avg: 4.1, Max: 8.6, Diff: 8.6, Sum: 16.5]
      [Termination (ms): Min: 0.0, Avg: 5.1, Max: 6.8, Diff: 6.8, Sum: 20.2]
         [Termination Attempts: Min: 1, Avg: 1.0, Max: 1, Diff: 0, Sum: 4]
      [GC Worker Other (ms): Min: 0.0, Avg: 0.0, Max: 0.0, Diff: 0.0, Sum: 0.0]
      [GC Worker Total (ms): Min: 0.0, Avg: 10.1, Max: 17.2, Diff: 17.2, Sum: 40.3]
      [GC Worker End (ms): Min: 2106.0, Avg: 2106.0, Max: 2106.1, Diff: 0.1]
   [Code Root Fixup: 0.0 ms]
   [Code Root Purge: 0.0 ms]
   [Clear CT: 0.1 ms]
   [Other: 0.9 ms]
      [Choose CSet: 0.0 ms]
      [Ref Proc: 0.7 ms]
      [Ref Enq: 0.0 ms]
      [Redirty Cards: 0.0 ms]
      [Humongous Register: 0.0 ms]
      [Humongous Reclaim: 0.0 ms]
      [Free CSet: 0.1 ms]
   [Eden: 63.0M(63.0M)->0.0B(64.0M) Survivors: 7168.0K->6144.0K Heap: 71.4M(118.0M)->8948.0K(118.0M)]
 [Times: user=0.06 sys=0.00, real=0.02 secs] 
2020-08-09T12:51:04.134+0800: 2.468: [GC pause (G1 Evacuation Pause) (young), 0.0099278 secs]
   [Parallel Time: 9.2 ms, GC Workers: 4]
      [GC Worker Start (ms): Min: 2468.4, Avg: 2469.5, Max: 2471.0, Diff: 2.6]
      [Ext Root Scanning (ms): Min: 0.0, Avg: 0.6, Max: 1.4, Diff: 1.4, Sum: 2.2]
      [Update RS (ms): Min: 0.0, Avg: 0.8, Max: 1.2, Diff: 1.2, Sum: 3.2]
         [Processed Buffers: Min: 0, Avg: 3.2, Max: 6, Diff: 6, Sum: 13]
      [Scan RS (ms): Min: 0.0, Avg: 0.0, Max: 0.0, Diff: 0.0, Sum: 0.1]
      [Code Root Scanning (ms): Min: 0.0, Avg: 1.8, Max: 6.6, Diff: 6.6, Sum: 7.1]
      [Object Copy (ms): Min: 0.0, Avg: 4.7, Max: 6.3, Diff: 6.3, Sum: 18.7]
      [Termination (ms): Min: 0.0, Avg: 0.2, Max: 0.3, Diff: 0.3, Sum: 0.8]
         [Termination Attempts: Min: 1, Avg: 1.8, Max: 3, Diff: 2, Sum: 7]
      [GC Worker Other (ms): Min: 0.0, Avg: 0.0, Max: 0.0, Diff: 0.0, Sum: 0.0]
      [GC Worker Total (ms): Min: 6.5, Avg: 8.0, Max: 9.1, Diff: 2.6, Sum: 32.0]
      [GC Worker End (ms): Min: 2477.5, Avg: 2477.5, Max: 2477.6, Diff: 0.0]
   [Code Root Fixup: 0.0 ms]
   [Code Root Purge: 0.0 ms]
   [Clear CT: 0.1 ms]
   [Other: 0.7 ms]
      [Choose CSet: 0.0 ms]
      [Ref Proc: 0.5 ms]
      [Ref Enq: 0.0 ms]
      [Redirty Cards: 0.0 ms]
      [Humongous Register: 0.0 ms]
      [Humongous Reclaim: 0.0 ms]
      [Free CSet: 0.0 ms]
   [Eden: 64.0M(64.0M)->0.0B(63.0M) Survivors: 6144.0K->7168.0K Heap: 72.7M(118.0M)->9972.0K(118.0M)]
 [Times: user=0.03 sys=0.00, real=0.01 secs] 
2020-08-09T12:51:04.454+0800: 2.788: [GC pause (G1 Evacuation Pause) (young), 0.0086736 secs]
   [Parallel Time: 6.8 ms, GC Workers: 4]
      [GC Worker Start (ms): Min: 2788.4, Avg: 2788.5, Max: 2788.6, Diff: 0.1]
      [Ext Root Scanning (ms): Min: 0.2, Avg: 0.7, Max: 1.8, Diff: 1.6, Sum: 2.8]
      [Update RS (ms): Min: 0.0, Avg: 0.3, Max: 0.5, Diff: 0.5, Sum: 1.3]
         [Processed Buffers: Min: 0, Avg: 2.2, Max: 4, Diff: 4, Sum: 9]
      [Scan RS (ms): Min: 0.0, Avg: 0.0, Max: 0.0, Diff: 0.0, Sum: 0.1]
      [Code Root Scanning (ms): Min: 0.0, Avg: 0.2, Max: 0.7, Diff: 0.7, Sum: 0.8]
      [Object Copy (ms): Min: 4.9, Avg: 5.4, Max: 5.8, Diff: 0.9, Sum: 21.8]
      [Termination (ms): Min: 0.0, Avg: 0.0, Max: 0.0, Diff: 0.0, Sum: 0.0]
         [Termination Attempts: Min: 1, Avg: 1.0, Max: 1, Diff: 0, Sum: 4]
      [GC Worker Other (ms): Min: 0.0, Avg: 0.0, Max: 0.0, Diff: 0.0, Sum: 0.0]
      [GC Worker Total (ms): Min: 6.6, Avg: 6.7, Max: 6.8, Diff: 0.1, Sum: 26.8]
      [GC Worker End (ms): Min: 2795.2, Avg: 2795.2, Max: 2795.2, Diff: 0.0]
   [Code Root Fixup: 0.0 ms]
   [Code Root Purge: 0.0 ms]
   [Clear CT: 0.1 ms]
   [Other: 1.8 ms]
      [Choose CSet: 0.0 ms]
      [Ref Proc: 1.6 ms]
      [Ref Enq: 0.0 ms]
      [Redirty Cards: 0.1 ms]
      [Humongous Register: 0.0 ms]
      [Humongous Reclaim: 0.0 ms]
      [Free CSet: 0.0 ms]
   [Eden: 63.0M(63.0M)->0.0B(63.0M) Survivors: 7168.0K->7168.0K Heap: 72.7M(118.0M)->12.2M(118.0M)]
 [Times: user=0.03 sys=0.00, real=0.00 secs] 
2020-08-09T12:51:04.799+0800: 3.133: [GC pause (G1 Evacuation Pause) (young), 0.0106091 secs]
   [Parallel Time: 9.5 ms, GC Workers: 4]
      [GC Worker Start (ms): Min: 3132.8, Avg: 3135.2, Max: 3142.2, Diff: 9.4]
      [Ext Root Scanning (ms): Min: 0.0, Avg: 0.9, Max: 1.4, Diff: 1.4, Sum: 3.6]
      [Update RS (ms): Min: 0.0, Avg: 0.8, Max: 1.2, Diff: 1.2, Sum: 3.2]
         [Processed Buffers: Min: 0, Avg: 3.2, Max: 5, Diff: 5, Sum: 13]
      [Scan RS (ms): Min: 0.0, Avg: 0.2, Max: 0.3, Diff: 0.3, Sum: 0.8]
      [Code Root Scanning (ms): Min: 0.0, Avg: 0.2, Max: 0.5, Diff: 0.5, Sum: 0.7]
      [Object Copy (ms): Min: 0.0, Avg: 4.8, Max: 6.6, Diff: 6.6, Sum: 19.2]
      [Termination (ms): Min: 0.0, Avg: 0.2, Max: 0.3, Diff: 0.3, Sum: 0.8]
         [Termination Attempts: Min: 1, Avg: 2.0, Max: 5, Diff: 4, Sum: 8]
      [GC Worker Other (ms): Min: 0.0, Avg: 0.0, Max: 0.0, Diff: 0.0, Sum: 0.0]
      [GC Worker Total (ms): Min: 0.0, Avg: 7.1, Max: 9.5, Diff: 9.4, Sum: 28.3]
      [GC Worker End (ms): Min: 3142.3, Avg: 3142.3, Max: 3142.3, Diff: 0.0]
   [Code Root Fixup: 0.0 ms]
   [Code Root Purge: 0.0 ms]
   [Clear CT: 0.1 ms]
   [Other: 1.0 ms]
      [Choose CSet: 0.0 ms]
      [Ref Proc: 0.8 ms]
      [Ref Enq: 0.0 ms]
      [Redirty Cards: 0.1 ms]
      [Humongous Register: 0.0 ms]
      [Humongous Reclaim: 0.0 ms]
      [Free CSet: 0.1 ms]
   [Eden: 63.0M(63.0M)->0.0B(63.0M) Survivors: 7168.0K->7168.0K Heap: 75.2M(118.0M)->12.9M(118.0M)]
 [Times: user=0.02 sys=0.00, real=0.01 secs] 
2020-08-09T12:51:05.140+0800: 3.474: [GC pause (Metadata GC Threshold) (young) (initial-mark), 0.0132913 secs]
   [Parallel Time: 12.6 ms, GC Workers: 4]
      [GC Worker Start (ms): Min: 3474.0, Avg: 3475.1, Max: 3476.1, Diff: 2.1]
      [Ext Root Scanning (ms): Min: 0.3, Avg: 4.8, Max: 10.3, Diff: 10.0, Sum: 19.3]
      [Update RS (ms): Min: 0.0, Avg: 0.9, Max: 2.1, Diff: 2.1, Sum: 3.5]
         [Processed Buffers: Min: 0, Avg: 3.5, Max: 9, Diff: 9, Sum: 14]
      [Scan RS (ms): Min: 0.0, Avg: 0.1, Max: 0.3, Diff: 0.3, Sum: 0.4]
      [Code Root Scanning (ms): Min: 0.0, Avg: 0.2, Max: 0.6, Diff: 0.6, Sum: 0.6]
      [Object Copy (ms): Min: 0.0, Avg: 5.2, Max: 7.4, Diff: 7.4, Sum: 20.9]
      [Termination (ms): Min: 0.0, Avg: 0.2, Max: 0.3, Diff: 0.3, Sum: 0.8]
         [Termination Attempts: Min: 1, Avg: 1.8, Max: 3, Diff: 2, Sum: 7]
      [GC Worker Other (ms): Min: 0.0, Avg: 0.0, Max: 0.0, Diff: 0.0, Sum: 0.0]
      [GC Worker Total (ms): Min: 10.3, Avg: 11.4, Max: 12.4, Diff: 2.1, Sum: 45.5]
      [GC Worker End (ms): Min: 3486.4, Avg: 3486.4, Max: 3486.5, Diff: 0.0]
   [Code Root Fixup: 0.0 ms]
   [Code Root Purge: 0.0 ms]
   [Clear CT: 0.1 ms]
   [Other: 0.7 ms]
      [Choose CSet: 0.0 ms]
      [Ref Proc: 0.5 ms]
      [Ref Enq: 0.0 ms]
      [Redirty Cards: 0.0 ms]
      [Humongous Register: 0.0 ms]
      [Humongous Reclaim: 0.0 ms]
      [Free CSet: 0.0 ms]
   [Eden: 32.0M(63.0M)->0.0B(63.0M) Survivors: 7168.0K->7168.0K Heap: 44.9M(118.0M)->14.7M(118.0M)]
 [Times: user=0.03 sys=0.00, real=0.01 secs] 
2020-08-09T12:51:05.153+0800: 3.487: [GC concurrent-root-region-scan-start]
2020-08-09T12:51:05.163+0800: 3.497: [GC concurrent-root-region-scan-end, 0.0097208 secs]
2020-08-09T12:51:05.163+0800: 3.497: [GC concurrent-mark-start]
2020-08-09T12:51:05.180+0800: 3.514: [GC concurrent-mark-end, 0.0171099 secs]
2020-08-09T12:51:05.181+0800: 3.515: [GC remark 2020-08-09T12:51:05.181+0800: 3.515: [Finalize Marking, 0.0005908 secs] 2020-08-09T12:51:05.181+0800: 3.515: [GC ref-proc, 0.0003077 secs] 2020-08-09T12:51:05.182+0800: 3.516: [Unloading, 0.0088867 secs], 0.0099416 secs]
 [Times: user=0.02 sys=0.00, real=0.01 secs] 
2020-08-09T12:51:05.191+0800: 3.525: [GC cleanup 19M->19M(118M), 0.0015473 secs]
 [Times: user=0.00 sys=0.00, real=0.00 secs] 
2020-08-09T12:51:05.618+0800: 3.952: [GC pause (G1 Evacuation Pause) (young), 0.0502830 secs]
   [Parallel Time: 42.3 ms, GC Workers: 4]
      [GC Worker Start (ms): Min: 3959.6, Avg: 3981.7, Max: 3993.9, Diff: 34.3]
      [Ext Root Scanning (ms): Min: 0.0, Avg: 0.9, Max: 3.6, Diff: 3.6, Sum: 3.6]
      [Update RS (ms): Min: 0.0, Avg: 1.2, Max: 5.0, Diff: 5.0, Sum: 5.0]
         [Processed Buffers: Min: 0, Avg: 4.2, Max: 17, Diff: 17, Sum: 17]
      [Scan RS (ms): Min: 0.0, Avg: 0.0, Max: 0.0, Diff: 0.0, Sum: 0.1]
      [Code Root Scanning (ms): Min: 0.0, Avg: 0.2, Max: 0.7, Diff: 0.7, Sum: 0.7]
      [Object Copy (ms): Min: 0.0, Avg: 9.7, Max: 25.0, Diff: 25.0, Sum: 38.8]
      [Termination (ms): Min: 0.0, Avg: 0.2, Max: 0.4, Diff: 0.4, Sum: 0.7]
         [Termination Attempts: Min: 1, Avg: 1.8, Max: 4, Diff: 3, Sum: 7]
      [GC Worker Other (ms): Min: 0.0, Avg: 0.0, Max: 0.0, Diff: 0.0, Sum: 0.0]
      [GC Worker Total (ms): Min: 0.0, Avg: 12.2, Max: 34.4, Diff: 34.3, Sum: 48.9]
      [GC Worker End (ms): Min: 3994.0, Avg: 3994.0, Max: 3994.0, Diff: 0.0]
   [Code Root Fixup: 0.0 ms]
   [Code Root Purge: 0.0 ms]
   [Clear CT: 0.1 ms]
   [Other: 7.9 ms]
      [Choose CSet: 0.0 ms]
      [Ref Proc: 7.6 ms]
      [Ref Enq: 0.0 ms]
      [Redirty Cards: 0.1 ms]
      [Humongous Register: 0.0 ms]
      [Humongous Reclaim: 0.0 ms]
      [Free CSet: 0.1 ms]
   [Eden: 63.0M(63.0M)->0.0B(63.0M) Survivors: 7168.0K->7168.0K Heap: 77.7M(118.0M)->16.7M(118.0M)]
 [Times: user=0.14 sys=0.00, real=0.05 secs] 
2020-08-09T12:51:05.903+0800: 4.237: [GC pause (G1 Evacuation Pause) (young), 0.0207513 secs]
   [Parallel Time: 19.8 ms, GC Workers: 4]
      [GC Worker Start (ms): Min: 4238.6, Avg: 4247.2, Max: 4255.6, Diff: 17.0]
      [Ext Root Scanning (ms): Min: 0.0, Avg: 0.8, Max: 3.0, Diff: 3.0, Sum: 3.1]
      [Update RS (ms): Min: 0.0, Avg: 1.3, Max: 4.6, Diff: 4.6, Sum: 5.2]
         [Processed Buffers: Min: 0, Avg: 4.0, Max: 13, Diff: 13, Sum: 16]
      [Scan RS (ms): Min: 0.0, Avg: 0.4, Max: 1.0, Diff: 1.0, Sum: 1.7]
      [Code Root Scanning (ms): Min: 0.0, Avg: 0.2, Max: 0.6, Diff: 0.6, Sum: 0.7]
      [Object Copy (ms): Min: 0.0, Avg: 5.6, Max: 8.0, Diff: 8.0, Sum: 22.4]
      [Termination (ms): Min: 0.0, Avg: 0.4, Max: 1.2, Diff: 1.2, Sum: 1.8]
         [Termination Attempts: Min: 1, Avg: 3.2, Max: 6, Diff: 5, Sum: 13]
      [GC Worker Other (ms): Min: 0.0, Avg: 0.0, Max: 0.0, Diff: 0.0, Sum: 0.0]
      [GC Worker Total (ms): Min: 0.0, Avg: 8.7, Max: 17.1, Diff: 17.1, Sum: 34.9]
      [GC Worker End (ms): Min: 4255.6, Avg: 4255.9, Max: 4256.6, Diff: 0.9]
   [Code Root Fixup: 0.0 ms]
   [Code Root Purge: 0.0 ms]
   [Clear CT: 0.1 ms]
   [Other: 0.8 ms]
      [Choose CSet: 0.0 ms]
      [Ref Proc: 0.6 ms]
      [Ref Enq: 0.0 ms]
      [Redirty Cards: 0.1 ms]
      [Humongous Register: 0.0 ms]
      [Humongous Reclaim: 0.0 ms]
      [Free CSet: 0.1 ms]
   [Eden: 63.0M(63.0M)->0.0B(64.0M) Survivors: 7168.0K->6144.0K Heap: 79.7M(118.0M)->18.4M(118.0M)]
 [Times: user=0.06 sys=0.00, real=0.03 secs] 
2020-08-09T12:51:06.135+0800: 4.469: [GC pause (G1 Evacuation Pause) (young), 0.0178887 secs]
   [Parallel Time: 14.2 ms, GC Workers: 4]
      [GC Worker Start (ms): Min: 4469.3, Avg: 4474.5, Max: 4481.6, Diff: 12.4]
      [Ext Root Scanning (ms): Min: 0.0, Avg: 0.7, Max: 1.7, Diff: 1.7, Sum: 2.8]
      [Update RS (ms): Min: 0.0, Avg: 1.3, Max: 2.6, Diff: 2.6, Sum: 5.0]
         [Processed Buffers: Min: 0, Avg: 4.2, Max: 9, Diff: 9, Sum: 17]
      [Scan RS (ms): Min: 0.0, Avg: 0.3, Max: 0.7, Diff: 0.7, Sum: 1.4]
      [Code Root Scanning (ms): Min: 0.0, Avg: 0.2, Max: 0.7, Diff: 0.7, Sum: 0.7]
      [Object Copy (ms): Min: 0.1, Avg: 5.2, Max: 7.8, Diff: 7.7, Sum: 20.6]
      [Termination (ms): Min: 0.0, Avg: 1.3, Max: 1.7, Diff: 1.7, Sum: 5.0]
         [Termination Attempts: Min: 1, Avg: 1.5, Max: 3, Diff: 2, Sum: 6]
      [GC Worker Other (ms): Min: 0.0, Avg: 0.0, Max: 0.0, Diff: 0.0, Sum: 0.0]
      [GC Worker Total (ms): Min: 1.8, Avg: 8.9, Max: 14.2, Diff: 12.4, Sum: 35.6]
      [GC Worker End (ms): Min: 4483.4, Avg: 4483.4, Max: 4483.5, Diff: 0.0]
   [Code Root Fixup: 0.0 ms]
   [Code Root Purge: 0.0 ms]
   [Clear CT: 0.1 ms]
   [Other: 3.6 ms]
      [Choose CSet: 0.0 ms]
      [Ref Proc: 3.4 ms]
      [Ref Enq: 0.0 ms]
      [Redirty Cards: 0.0 ms]
      [Humongous Register: 0.0 ms]
      [Humongous Reclaim: 0.0 ms]
      [Free CSet: 0.1 ms]
   [Eden: 64.0M(64.0M)->0.0B(63.0M) Survivors: 6144.0K->7168.0K Heap: 82.4M(118.0M)->21.1M(118.0M)]
 [Times: user=0.06 sys=0.00, real=0.01 secs] 
2020-08-09T12:51:06.325+0800: 4.659: [GC pause (G1 Evacuation Pause) (young), 0.0227472 secs]
   [Parallel Time: 21.9 ms, GC Workers: 4]
      [GC Worker Start (ms): Min: 4658.8, Avg: 4668.0, Max: 4679.9, Diff: 21.2]
      [Ext Root Scanning (ms): Min: 0.0, Avg: 0.7, Max: 1.8, Diff: 1.8, Sum: 2.8]
      [Update RS (ms): Min: 0.0, Avg: 1.9, Max: 3.9, Diff: 3.9, Sum: 7.7]
         [Processed Buffers: Min: 0, Avg: 5.5, Max: 13, Diff: 13, Sum: 22]
      [Scan RS (ms): Min: 0.0, Avg: 0.0, Max: 0.0, Diff: 0.0, Sum: 0.1]
      [Code Root Scanning (ms): Min: 0.0, Avg: 0.1, Max: 0.5, Diff: 0.5, Sum: 0.6]
      [Object Copy (ms): Min: 0.0, Avg: 4.4, Max: 9.0, Diff: 9.0, Sum: 17.5]
      [Termination (ms): Min: 0.0, Avg: 4.8, Max: 6.5, Diff: 6.5, Sum: 19.2]
         [Termination Attempts: Min: 1, Avg: 1.0, Max: 1, Diff: 0, Sum: 4]
      [GC Worker Other (ms): Min: 0.0, Avg: 0.0, Max: 0.0, Diff: 0.0, Sum: 0.0]
      [GC Worker Total (ms): Min: 0.0, Avg: 12.0, Max: 21.2, Diff: 21.2, Sum: 47.9]
      [GC Worker End (ms): Min: 4680.0, Avg: 4680.0, Max: 4680.0, Diff: 0.0]
   [Code Root Fixup: 0.0 ms]
   [Code Root Purge: 0.0 ms]
   [Clear CT: 0.1 ms]
   [Other: 0.8 ms]
      [Choose CSet: 0.0 ms]
      [Ref Proc: 0.6 ms]
      [Ref Enq: 0.0 ms]
      [Redirty Cards: 0.1 ms]
      [Humongous Register: 0.0 ms]
      [Humongous Reclaim: 0.0 ms]
      [Free CSet: 0.1 ms]
   [Eden: 63.0M(63.0M)->0.0B(64.0M) Survivors: 7168.0K->6144.0K Heap: 84.1M(118.0M)->22.1M(118.0M)]
 [Times: user=0.06 sys=0.00, real=0.02 secs] 
2020-08-09T12:51:06.500+0800: 4.834: [GC pause (G1 Evacuation Pause) (young), 0.0151611 secs]
   [Parallel Time: 14.4 ms, GC Workers: 4]
      [GC Worker Start (ms): Min: 4834.0, Avg: 4842.0, Max: 4848.4, Diff: 14.4]
      [Ext Root Scanning (ms): Min: 0.0, Avg: 0.6, Max: 2.2, Diff: 2.2, Sum: 2.2]
      [Update RS (ms): Min: 0.0, Avg: 1.6, Max: 3.7, Diff: 3.7, Sum: 6.3]
         [Processed Buffers: Min: 0, Avg: 4.8, Max: 13, Diff: 13, Sum: 19]
      [Scan RS (ms): Min: 0.0, Avg: 0.0, Max: 0.0, Diff: 0.0, Sum: 0.1]
      [Code Root Scanning (ms): Min: 0.0, Avg: 0.1, Max: 0.5, Diff: 0.5, Sum: 0.5]
      [Object Copy (ms): Min: 0.0, Avg: 3.8, Max: 7.6, Diff: 7.6, Sum: 15.1]
      [Termination (ms): Min: 0.0, Avg: 0.3, Max: 0.5, Diff: 0.5, Sum: 1.2]
         [Termination Attempts: Min: 1, Avg: 1.5, Max: 3, Diff: 2, Sum: 6]
      [GC Worker Other (ms): Min: 0.0, Avg: 0.0, Max: 0.0, Diff: 0.0, Sum: 0.0]
      [GC Worker Total (ms): Min: 0.0, Avg: 6.4, Max: 14.4, Diff: 14.4, Sum: 25.5]
      [GC Worker End (ms): Min: 4848.4, Avg: 4848.4, Max: 4848.4, Diff: 0.0]
   [Code Root Fixup: 0.0 ms]
   [Code Root Purge: 0.0 ms]
   [Clear CT: 0.1 ms]
   [Other: 0.7 ms]
      [Choose CSet: 0.0 ms]
      [Ref Proc: 0.5 ms]
      [Ref Enq: 0.0 ms]
      [Redirty Cards: 0.0 ms]
      [Humongous Register: 0.0 ms]
      [Humongous Reclaim: 0.0 ms]
      [Free CSet: 0.0 ms]
   [Eden: 64.0M(64.0M)->0.0B(64.0M) Survivors: 6144.0K->6144.0K Heap: 86.1M(118.0M)->22.6M(118.0M)]
 [Times: user=0.04 sys=0.00, real=0.02 secs] 
2020-08-09T12:51:06.789+0800: 5.123: [GC pause (G1 Evacuation Pause) (young), 0.0161602 secs]
   [Parallel Time: 15.1 ms, GC Workers: 4]
      [GC Worker Start (ms): Min: 5123.2, Avg: 5131.2, Max: 5138.0, Diff: 14.8]
      [Ext Root Scanning (ms): Min: 0.0, Avg: 0.7, Max: 2.7, Diff: 2.7, Sum: 3.0]
      [Update RS (ms): Min: 0.0, Avg: 1.1, Max: 2.2, Diff: 2.2, Sum: 4.3]
         [Processed Buffers: Min: 0, Avg: 3.2, Max: 8, Diff: 8, Sum: 13]
      [Scan RS (ms): Min: 0.0, Avg: 0.0, Max: 0.0, Diff: 0.0, Sum: 0.1]
      [Code Root Scanning (ms): Min: 0.0, Avg: 0.2, Max: 0.7, Diff: 0.7, Sum: 0.7]
      [Object Copy (ms): Min: 0.0, Avg: 4.7, Max: 9.7, Diff: 9.7, Sum: 18.6]
      [Termination (ms): Min: 0.0, Avg: 0.2, Max: 0.4, Diff: 0.4, Sum: 0.8]
         [Termination Attempts: Min: 1, Avg: 1.0, Max: 1, Diff: 0, Sum: 4]
      [GC Worker Other (ms): Min: 0.0, Avg: 0.0, Max: 0.0, Diff: 0.0, Sum: 0.0]
      [GC Worker Total (ms): Min: 0.0, Avg: 6.9, Max: 14.9, Diff: 14.9, Sum: 27.4]
      [GC Worker End (ms): Min: 5138.0, Avg: 5138.1, Max: 5138.2, Diff: 0.2]
   [Code Root Fixup: 0.0 ms]
   [Code Root Purge: 0.0 ms]
   [Clear CT: 0.1 ms]
   [Other: 1.0 ms]
      [Choose CSet: 0.0 ms]
      [Ref Proc: 0.8 ms]
      [Ref Enq: 0.0 ms]
      [Redirty Cards: 0.1 ms]
      [Humongous Register: 0.0 ms]
      [Humongous Reclaim: 0.0 ms]
      [Free CSet: 0.1 ms]
   [Eden: 64.0M(64.0M)->0.0B(64.0M) Survivors: 6144.0K->6144.0K Heap: 86.6M(118.0M)->23.7M(118.0M)]
 [Times: user=0.05 sys=0.00, real=0.02 secs] 
2020-08-09T12:51:07.064+0800: 5.398: [GC pause (G1 Evacuation Pause) (young), 0.0201736 secs]
   [Parallel Time: 19.2 ms, GC Workers: 4]
      [GC Worker Start (ms): Min: 5398.5, Avg: 5408.9, Max: 5416.6, Diff: 18.1]
      [Ext Root Scanning (ms): Min: 0.0, Avg: 0.7, Max: 2.7, Diff: 2.7, Sum: 2.7]
      [Update RS (ms): Min: 0.0, Avg: 1.9, Max: 5.4, Diff: 5.4, Sum: 7.7]
         [Processed Buffers: Min: 0, Avg: 4.8, Max: 11, Diff: 11, Sum: 19]
      [Scan RS (ms): Min: 0.0, Avg: 0.0, Max: 0.0, Diff: 0.0, Sum: 0.1]
      [Code Root Scanning (ms): Min: 0.0, Avg: 0.1, Max: 0.3, Diff: 0.3, Sum: 0.3]
      [Object Copy (ms): Min: 0.0, Avg: 4.5, Max: 9.3, Diff: 9.3, Sum: 17.9]
      [Termination (ms): Min: 0.0, Avg: 0.5, Max: 0.7, Diff: 0.7, Sum: 2.0]
         [Termination Attempts: Min: 1, Avg: 1.0, Max: 1, Diff: 0, Sum: 4]
      [GC Worker Other (ms): Min: 0.0, Avg: 0.0, Max: 0.0, Diff: 0.0, Sum: 0.0]
      [GC Worker Total (ms): Min: 0.0, Avg: 7.7, Max: 18.1, Diff: 18.1, Sum: 30.7]
      [GC Worker End (ms): Min: 5416.6, Avg: 5416.6, Max: 5416.6, Diff: 0.0]
   [Code Root Fixup: 0.0 ms]
   [Code Root Purge: 0.0 ms]
   [Clear CT: 0.1 ms]
   [Other: 0.9 ms]
      [Choose CSet: 0.0 ms]
      [Ref Proc: 0.7 ms]
      [Ref Enq: 0.0 ms]
      [Redirty Cards: 0.1 ms]
      [Humongous Register: 0.0 ms]
      [Humongous Reclaim: 0.0 ms]
      [Free CSet: 0.1 ms]
   [Eden: 64.0M(64.0M)->0.0B(63.0M) Survivors: 6144.0K->7168.0K Heap: 87.7M(118.0M)->26.0M(118.0M)]
 [Times: user=0.07 sys=0.00, real=0.02 secs] 
2020-08-09T12:51:07.392+0800: 5.726: [GC pause (G1 Evacuation Pause) (young), 0.0130531 secs]
   [Parallel Time: 12.3 ms, GC Workers: 4]
      [GC Worker Start (ms): Min: 5726.4, Avg: 5726.5, Max: 5726.6, Diff: 0.2]
      [Ext Root Scanning (ms): Min: 0.8, Avg: 3.5, Max: 10.4, Diff: 9.6, Sum: 14.2]
      [Update RS (ms): Min: 0.0, Avg: 1.7, Max: 2.5, Diff: 2.5, Sum: 6.8]
         [Processed Buffers: Min: 0, Avg: 4.8, Max: 9, Diff: 9, Sum: 19]
      [Scan RS (ms): Min: 0.0, Avg: 0.0, Max: 0.0, Diff: 0.0, Sum: 0.0]
      [Code Root Scanning (ms): Min: 0.0, Avg: 0.0, Max: 0.2, Diff: 0.2, Sum: 0.2]
      [Object Copy (ms): Min: 0.8, Avg: 5.8, Max: 7.9, Diff: 7.2, Sum: 23.1]
      [Termination (ms): Min: 0.0, Avg: 0.0, Max: 0.0, Diff: 0.0, Sum: 0.0]
         [Termination Attempts: Min: 1, Avg: 1.5, Max: 3, Diff: 2, Sum: 6]
      [GC Worker Other (ms): Min: 0.0, Avg: 0.0, Max: 0.0, Diff: 0.0, Sum: 0.1]
      [GC Worker Total (ms): Min: 11.0, Avg: 11.1, Max: 11.2, Diff: 0.2, Sum: 44.4]
      [GC Worker End (ms): Min: 5737.6, Avg: 5737.6, Max: 5737.6, Diff: 0.0]
   [Code Root Fixup: 0.0 ms]
   [Code Root Purge: 0.0 ms]
   [Clear CT: 0.1 ms]
   [Other: 0.7 ms]
      [Choose CSet: 0.0 ms]
      [Ref Proc: 0.6 ms]
      [Ref Enq: 0.0 ms]
      [Redirty Cards: 0.0 ms]
      [Humongous Register: 0.0 ms]
      [Humongous Reclaim: 0.0 ms]
      [Free CSet: 0.0 ms]
   [Eden: 63.0M(63.0M)->0.0B(62.0M) Survivors: 7168.0K->8192.0K Heap: 89.0M(118.0M)->28.5M(118.0M)]
 [Times: user=0.04 sys=0.00, real=0.02 secs] 
2020-08-09T12:51:07.694+0800: 6.028: [GC pause (G1 Evacuation Pause) (young), 0.0181782 secs]
   [Parallel Time: 17.3 ms, GC Workers: 4]
      [GC Worker Start (ms): Min: 6028.4, Avg: 6036.9, Max: 6045.5, Diff: 17.2]
      [Ext Root Scanning (ms): Min: 0.0, Avg: 0.8, Max: 2.7, Diff: 2.7, Sum: 3.4]
      [Update RS (ms): Min: 0.0, Avg: 1.9, Max: 4.0, Diff: 4.0, Sum: 7.7]
         [Processed Buffers: Min: 0, Avg: 5.8, Max: 14, Diff: 14, Sum: 23]
      [Scan RS (ms): Min: 0.0, Avg: 0.0, Max: 0.0, Diff: 0.0, Sum: 0.1]
      [Code Root Scanning (ms): Min: 0.0, Avg: 0.0, Max: 0.2, Diff: 0.2, Sum: 0.2]
      [Object Copy (ms): Min: 0.0, Avg: 5.6, Max: 10.3, Diff: 10.3, Sum: 22.3]
      [Termination (ms): Min: 0.0, Avg: 0.2, Max: 0.3, Diff: 0.3, Sum: 0.8]
         [Termination Attempts: Min: 1, Avg: 2.0, Max: 3, Diff: 2, Sum: 8]
      [GC Worker Other (ms): Min: 0.0, Avg: 0.0, Max: 0.0, Diff: 0.0, Sum: 0.0]
      [GC Worker Total (ms): Min: 0.0, Avg: 8.6, Max: 17.2, Diff: 17.2, Sum: 34.4]
      [GC Worker End (ms): Min: 6045.5, Avg: 6045.5, Max: 6045.6, Diff: 0.0]
   [Code Root Fixup: 0.0 ms]
   [Code Root Purge: 0.0 ms]
   [Clear CT: 0.1 ms]
   [Other: 0.8 ms]
      [Choose CSet: 0.0 ms]
      [Ref Proc: 0.6 ms]
      [Ref Enq: 0.0 ms]
      [Redirty Cards: 0.1 ms]
      [Humongous Register: 0.0 ms]
      [Humongous Reclaim: 0.0 ms]
      [Free CSet: 0.1 ms]
   [Eden: 62.0M(62.0M)->0.0B(63.0M) Survivors: 8192.0K->7168.0K Heap: 90.5M(118.0M)->30.3M(118.0M)]
 [Times: user=0.05 sys=0.00, real=0.01 secs] 
2020-08-09T12:51:08.152+0800: 6.486: [GC pause (G1 Evacuation Pause) (young), 0.0303139 secs]
   [Parallel Time: 29.4 ms, GC Workers: 4]
      [GC Worker Start (ms): Min: 6486.2, Avg: 6496.6, Max: 6502.6, Diff: 16.3]
      [Ext Root Scanning (ms): Min: 0.0, Avg: 0.9, Max: 3.4, Diff: 3.4, Sum: 3.4]
      [Update RS (ms): Min: 0.0, Avg: 2.7, Max: 9.2, Diff: 9.2, Sum: 10.9]
         [Processed Buffers: Min: 0, Avg: 6.5, Max: 18, Diff: 18, Sum: 26]
      [Scan RS (ms): Min: 0.0, Avg: 0.0, Max: 0.0, Diff: 0.0, Sum: 0.1]
      [Code Root Scanning (ms): Min: 0.0, Avg: 4.0, Max: 15.9, Diff: 15.9, Sum: 16.1]
      [Object Copy (ms): Min: 0.8, Avg: 11.2, Max: 15.6, Diff: 14.8, Sum: 44.9]
      [Termination (ms): Min: 0.0, Avg: 0.1, Max: 0.3, Diff: 0.3, Sum: 0.5]
         [Termination Attempts: Min: 1, Avg: 10.8, Max: 23, Diff: 22, Sum: 43]
      [GC Worker Other (ms): Min: 0.0, Avg: 0.0, Max: 0.0, Diff: 0.0, Sum: 0.0]
      [GC Worker Total (ms): Min: 13.0, Avg: 19.0, Max: 29.3, Diff: 16.3, Sum: 75.9]
      [GC Worker End (ms): Min: 6515.6, Avg: 6515.6, Max: 6515.6, Diff: 0.0]
   [Code Root Fixup: 0.0 ms]
   [Code Root Purge: 0.0 ms]
   [Clear CT: 0.1 ms]
   [Other: 0.9 ms]
      [Choose CSet: 0.0 ms]
      [Ref Proc: 0.7 ms]
      [Ref Enq: 0.0 ms]
      [Redirty Cards: 0.1 ms]
      [Humongous Register: 0.0 ms]
      [Humongous Reclaim: 0.0 ms]
      [Free CSet: 0.0 ms]
   [Eden: 63.0M(63.0M)->0.0B(61.0M) Survivors: 7168.0K->9216.0K Heap: 93.3M(118.0M)->34.9M(118.0M)]
 [Times: user=0.09 sys=0.00, real=0.03 secs] 
