Java HotSpot(TM) 64-Bit Server VM (25.212-b10) for linux-amd64 JRE (1.8.0_212-b10), built on Apr  1 2019 21:31:50 by "java_re" with gcc 7.3.0
Memory: 4k page, physical 7733208k(433904k free), swap 0k(0k free)
CommandLine flags: -XX:InitialHeapSize=123731328 -XX:MaxHeapSize=1979701248 -XX:+PrintGC -XX:+PrintGCDateStamps -XX:+PrintGCDetails -XX:+PrintGCTimeStamps -XX:+PrintHeapAtGC -XX:+PrintTenuringDistribution -XX:+UseCompressedClassPointers -XX:+UseCompressedOops -XX:+UseG1GC 
{Heap before GC invocations=0 (full 0):
 garbage-first heap   total 120832K, used 16104K [0x000000008a000000, 0x000000008a1003b0, 0x0000000100000000)
  region size 1024K, 14 young (14336K), 0 survivors (0K)
 Metaspace       used 5047K, capacity 5252K, committed 5504K, reserved 1056768K
  class space    used 532K, capacity 621K, committed 640K, reserved 1048576K
2020-08-09T12:51:35.396+0800: 0.235: [GC pause (G1 Evacuation Pause) (young)
Desired survivor size 1048576 bytes, new threshold 15 (max 15)
, 0.0029020 secs]
   [Parallel Time: 2.2 ms, GC Workers: 4]
      [GC Worker Start (ms): Min: 235.4, Avg: 235.5, Max: 235.8, Diff: 0.5]
      [Ext Root Scanning (ms): Min: 0.0, Avg: 0.2, Max: 0.4, Diff: 0.4, Sum: 1.0]
      [Update RS (ms): Min: 0.0, Avg: 0.0, Max: 0.0, Diff: 0.0, Sum: 0.0]
         [Processed Buffers: Min: 0, Avg: 0.0, Max: 0, Diff: 0, Sum: 0]
      [Scan RS (ms): Min: 0.0, Avg: 0.0, Max: 0.0, Diff: 0.0, Sum: 0.0]
      [Code Root Scanning (ms): Min: 0.0, Avg: 0.4, Max: 1.7, Diff: 1.7, Sum: 1.8]
      [Object Copy (ms): Min: 0.2, Avg: 1.0, Max: 1.3, Diff: 1.1, Sum: 4.0]
      [Termination (ms): Min: 0.0, Avg: 0.3, Max: 0.4, Diff: 0.4, Sum: 1.2]
         [Termination Attempts: Min: 1, Avg: 1.0, Max: 1, Diff: 0, Sum: 4]
      [GC Worker Other (ms): Min: 0.0, Avg: 0.0, Max: 0.0, Diff: 0.0, Sum: 0.0]
      [GC Worker Total (ms): Min: 1.7, Avg: 2.0, Max: 2.2, Diff: 0.5, Sum: 8.1]
      [GC Worker End (ms): Min: 237.5, Avg: 237.5, Max: 237.5, Diff: 0.1]
   [Code Root Fixup: 0.0 ms]
   [Code Root Purge: 0.0 ms]
   [Clear CT: 0.1 ms]
   [Other: 0.6 ms]
      [Choose CSet: 0.0 ms]
      [Ref Proc: 0.5 ms]
      [Ref Enq: 0.0 ms]
      [Redirty Cards: 0.0 ms]
      [Humongous Register: 0.0 ms]
      [Humongous Reclaim: 0.0 ms]
      [Free CSet: 0.0 ms]
   [Eden: 14.0M(14.0M)->0.0B(20.0M) Survivors: 0.0B->2048.0K Heap: 15.7M(118.0M)->2092.5K(118.0M)]
Heap after GC invocations=1 (full 0):
 garbage-first heap   total 120832K, used 2092K [0x000000008a000000, 0x000000008a1003b0, 0x0000000100000000)
  region size 1024K, 2 young (2048K), 2 survivors (2048K)
 Metaspace       used 5047K, capacity 5252K, committed 5504K, reserved 1056768K
  class space    used 532K, capacity 621K, committed 640K, reserved 1048576K
}
 [Times: user=0.01 sys=0.01, real=0.00 secs] 
{Heap before GC invocations=1 (full 0):
 garbage-first heap   total 120832K, used 22572K [0x000000008a000000, 0x000000008a1003b0, 0x0000000100000000)
  region size 1024K, 22 young (22528K), 2 survivors (2048K)
 Metaspace       used 6606K, capacity 6822K, committed 7040K, reserved 1056768K
  class space    used 707K, capacity 783K, committed 896K, reserved 1048576K
2020-08-09T12:51:35.534+0800: 0.373: [GC pause (G1 Evacuation Pause) (young)
Desired survivor size 1572864 bytes, new threshold 1 (max 15)
- age   1:    1888712 bytes,    1888712 total
, 0.0036632 secs]
   [Parallel Time: 3.1 ms, GC Workers: 4]
      [GC Worker Start (ms): Min: 372.6, Avg: 373.4, Max: 375.6, Diff: 2.9]
      [Ext Root Scanning (ms): Min: 0.0, Avg: 0.3, Max: 0.6, Diff: 0.6, Sum: 1.2]
      [Update RS (ms): Min: 0.0, Avg: 0.0, Max: 0.0, Diff: 0.0, Sum: 0.0]
         [Processed Buffers: Min: 0, Avg: 0.2, Max: 1, Diff: 1, Sum: 1]
      [Scan RS (ms): Min: 0.0, Avg: 0.0, Max: 0.0, Diff: 0.0, Sum: 0.0]
      [Code Root Scanning (ms): Min: 0.0, Avg: 0.1, Max: 0.5, Diff: 0.5, Sum: 0.6]
      [Object Copy (ms): Min: 0.0, Avg: 1.6, Max: 2.2, Diff: 2.2, Sum: 6.5]
      [Termination (ms): Min: 0.0, Avg: 0.2, Max: 0.4, Diff: 0.4, Sum: 0.8]
         [Termination Attempts: Min: 1, Avg: 1.0, Max: 1, Diff: 0, Sum: 4]
      [GC Worker Other (ms): Min: 0.0, Avg: 0.0, Max: 0.0, Diff: 0.0, Sum: 0.0]
      [GC Worker Total (ms): Min: 0.1, Avg: 2.3, Max: 3.1, Diff: 3.0, Sum: 9.1]
      [GC Worker End (ms): Min: 375.6, Avg: 375.7, Max: 375.7, Diff: 0.0]
   [Code Root Fixup: 0.0 ms]
   [Code Root Purge: 0.0 ms]
   [Clear CT: 0.0 ms]
   [Other: 0.5 ms]
      [Choose CSet: 0.0 ms]
      [Ref Proc: 0.4 ms]
      [Ref Enq: 0.0 ms]
      [Redirty Cards: 0.0 ms]
      [Humongous Register: 0.0 ms]
      [Humongous Reclaim: 0.0 ms]
      [Free CSet: 0.0 ms]
   [Eden: 20.0M(20.0M)->0.0B(68.0M) Survivors: 2048.0K->2048.0K Heap: 22.0M(118.0M)->3726.2K(118.0M)]
Heap after GC invocations=2 (full 0):
 garbage-first heap   total 120832K, used 3726K [0x000000008a000000, 0x000000008a1003b0, 0x0000000100000000)
  region size 1024K, 2 young (2048K), 2 survivors (2048K)
 Metaspace       used 6606K, capacity 6822K, committed 7040K, reserved 1056768K
  class space    used 707K, capacity 783K, committed 896K, reserved 1048576K
}
 [Times: user=0.01 sys=0.00, real=0.01 secs] 
{Heap before GC invocations=2 (full 0):
 garbage-first heap   total 120832K, used 73358K [0x000000008a000000, 0x000000008a1003b0, 0x0000000100000000)
  region size 1024K, 70 young (71680K), 2 survivors (2048K)
 Metaspace       used 11244K, capacity 11614K, committed 11776K, reserved 1058816K
  class space    used 1327K, capacity 1435K, committed 1536K, reserved 1048576K
2020-08-09T12:51:35.871+0800: 0.710: [GC pause (G1 Evacuation Pause) (young)
Desired survivor size 4718592 bytes, new threshold 15 (max 15)
- age   1:     423608 bytes,     423608 total
, 0.0037150 secs]
   [Parallel Time: 2.9 ms, GC Workers: 4]
      [GC Worker Start (ms): Min: 709.6, Avg: 709.6, Max: 709.7, Diff: 0.1]
      [Ext Root Scanning (ms): Min: 0.3, Avg: 0.7, Max: 1.1, Diff: 0.9, Sum: 2.8]
      [Update RS (ms): Min: 0.0, Avg: 0.2, Max: 0.4, Diff: 0.4, Sum: 0.9]
         [Processed Buffers: Min: 0, Avg: 2.2, Max: 6, Diff: 6, Sum: 9]
      [Scan RS (ms): Min: 0.0, Avg: 0.0, Max: 0.0, Diff: 0.0, Sum: 0.1]
      [Code Root Scanning (ms): Min: 0.0, Avg: 0.3, Max: 1.1, Diff: 1.1, Sum: 1.2]
      [Object Copy (ms): Min: 1.1, Avg: 1.6, Max: 1.8, Diff: 0.7, Sum: 6.4]
      [Termination (ms): Min: 0.0, Avg: 0.0, Max: 0.0, Diff: 0.0, Sum: 0.0]
         [Termination Attempts: Min: 1, Avg: 2.0, Max: 3, Diff: 2, Sum: 8]
      [GC Worker Other (ms): Min: 0.0, Avg: 0.0, Max: 0.0, Diff: 0.0, Sum: 0.0]
      [GC Worker Total (ms): Min: 2.8, Avg: 2.8, Max: 2.9, Diff: 0.1, Sum: 11.4]
      [GC Worker End (ms): Min: 712.5, Avg: 712.5, Max: 712.5, Diff: 0.0]
   [Code Root Fixup: 0.0 ms]
   [Code Root Purge: 0.0 ms]
   [Clear CT: 0.1 ms]
   [Other: 0.7 ms]
      [Choose CSet: 0.0 ms]
      [Ref Proc: 0.6 ms]
      [Ref Enq: 0.0 ms]
      [Redirty Cards: 0.0 ms]
      [Humongous Register: 0.0 ms]
      [Humongous Reclaim: 0.0 ms]
      [Free CSet: 0.0 ms]
   [Eden: 68.0M(68.0M)->0.0B(68.0M) Survivors: 2048.0K->2048.0K Heap: 71.6M(118.0M)->3943.5K(118.0M)]
Heap after GC invocations=3 (full 0):
 garbage-first heap   total 120832K, used 3943K [0x000000008a000000, 0x000000008a1003b0, 0x0000000100000000)
  region size 1024K, 2 young (2048K), 2 survivors (2048K)
 Metaspace       used 11244K, capacity 11614K, committed 11776K, reserved 1058816K
  class space    used 1327K, capacity 1435K, committed 1536K, reserved 1048576K
}
 [Times: user=0.01 sys=0.00, real=0.01 secs] 
{Heap before GC invocations=3 (full 0):
 garbage-first heap   total 120832K, used 73575K [0x000000008a000000, 0x000000008a1003b0, 0x0000000100000000)
  region size 1024K, 70 young (71680K), 2 survivors (2048K)
 Metaspace       used 14307K, capacity 14862K, committed 15104K, reserved 1062912K
  class space    used 1876K, capacity 2040K, committed 2048K, reserved 1048576K
2020-08-09T12:51:36.100+0800: 0.939: [GC pause (G1 Evacuation Pause) (young)
Desired survivor size 4718592 bytes, new threshold 15 (max 15)
- age   1:    1287184 bytes,    1287184 total
- age   2:     346664 bytes,    1633848 total
, 0.0071205 secs]
   [Parallel Time: 6.2 ms, GC Workers: 4]
      [GC Worker Start (ms): Min: 938.8, Avg: 941.2, Max: 944.6, Diff: 5.9]
      [Ext Root Scanning (ms): Min: 0.0, Avg: 0.4, Max: 1.6, Diff: 1.6, Sum: 1.6]
      [Update RS (ms): Min: 0.0, Avg: 0.1, Max: 0.2, Diff: 0.2, Sum: 0.4]
         [Processed Buffers: Min: 0, Avg: 2.2, Max: 5, Diff: 5, Sum: 9]
      [Scan RS (ms): Min: 0.0, Avg: 0.0, Max: 0.0, Diff: 0.0, Sum: 0.1]
      [Code Root Scanning (ms): Min: 0.0, Avg: 0.1, Max: 0.3, Diff: 0.3, Sum: 0.3]
      [Object Copy (ms): Min: 0.0, Avg: 2.7, Max: 3.9, Diff: 3.9, Sum: 10.6]
      [Termination (ms): Min: 0.0, Avg: 0.2, Max: 0.4, Diff: 0.4, Sum: 0.9]
         [Termination Attempts: Min: 1, Avg: 1.0, Max: 1, Diff: 0, Sum: 4]
      [GC Worker Other (ms): Min: 0.0, Avg: 0.0, Max: 0.0, Diff: 0.0, Sum: 0.0]
      [GC Worker Total (ms): Min: 0.0, Avg: 3.5, Max: 5.9, Diff: 5.9, Sum: 13.9]
      [GC Worker End (ms): Min: 944.7, Avg: 944.7, Max: 944.8, Diff: 0.1]
   [Code Root Fixup: 0.0 ms]
   [Code Root Purge: 0.0 ms]
   [Clear CT: 0.1 ms]
   [Other: 0.8 ms]
      [Choose CSet: 0.0 ms]
      [Ref Proc: 0.6 ms]
      [Ref Enq: 0.0 ms]
      [Redirty Cards: 0.0 ms]
      [Humongous Register: 0.0 ms]
      [Humongous Reclaim: 0.0 ms]
      [Free CSet: 0.0 ms]
   [Eden: 68.0M(68.0M)->0.0B(65.0M) Survivors: 2048.0K->5120.0K Heap: 71.9M(118.0M)->6705.5K(118.0M)]
Heap after GC invocations=4 (full 0):
 garbage-first heap   total 120832K, used 6705K [0x000000008a000000, 0x000000008a1003b0, 0x0000000100000000)
  region size 1024K, 5 young (5120K), 5 survivors (5120K)
 Metaspace       used 14307K, capacity 14862K, committed 15104K, reserved 1062912K
  class space    used 1876K, capacity 2040K, committed 2048K, reserved 1048576K
}
 [Times: user=0.03 sys=0.00, real=0.01 secs] 
{Heap before GC invocations=4 (full 0):
 garbage-first heap   total 120832K, used 73265K [0x000000008a000000, 0x000000008a1003b0, 0x0000000100000000)
  region size 1024K, 70 young (71680K), 5 survivors (5120K)
 Metaspace       used 18689K, capacity 19354K, committed 19584K, reserved 1067008K
  class space    used 2408K, capacity 2608K, committed 2688K, reserved 1048576K
2020-08-09T12:51:36.299+0800: 1.138: [GC pause (G1 Evacuation Pause) (young)
Desired survivor size 4718592 bytes, new threshold 15 (max 15)
- age   1:    1366264 bytes,    1366264 total
- age   2:    1085192 bytes,    2451456 total
- age   3:     324312 bytes,    2775768 total
, 0.0052405 secs]
   [Parallel Time: 4.4 ms, GC Workers: 4]
      [GC Worker Start (ms): Min: 1138.0, Avg: 1138.4, Max: 1139.6, Diff: 1.7]
      [Ext Root Scanning (ms): Min: 0.0, Avg: 0.6, Max: 1.3, Diff: 1.3, Sum: 2.4]
      [Update RS (ms): Min: 0.0, Avg: 0.1, Max: 0.2, Diff: 0.2, Sum: 0.4]
         [Processed Buffers: Min: 0, Avg: 2.0, Max: 6, Diff: 6, Sum: 8]
      [Scan RS (ms): Min: 0.0, Avg: 0.0, Max: 0.0, Diff: 0.0, Sum: 0.0]
      [Code Root Scanning (ms): Min: 0.0, Avg: 0.1, Max: 0.2, Diff: 0.2, Sum: 0.3]
      [Object Copy (ms): Min: 2.6, Avg: 3.1, Max: 3.5, Diff: 0.9, Sum: 12.4]
      [Termination (ms): Min: 0.0, Avg: 0.0, Max: 0.0, Diff: 0.0, Sum: 0.0]
         [Termination Attempts: Min: 1, Avg: 1.0, Max: 1, Diff: 0, Sum: 4]
      [GC Worker Other (ms): Min: 0.0, Avg: 0.0, Max: 0.0, Diff: 0.0, Sum: 0.0]
      [GC Worker Total (ms): Min: 2.6, Avg: 3.9, Max: 4.3, Diff: 1.7, Sum: 15.6]
      [GC Worker End (ms): Min: 1142.3, Avg: 1142.3, Max: 1142.3, Diff: 0.0]
   [Code Root Fixup: 0.0 ms]
   [Code Root Purge: 0.0 ms]
   [Clear CT: 0.1 ms]
   [Other: 0.8 ms]
      [Choose CSet: 0.0 ms]
      [Ref Proc: 0.6 ms]
      [Ref Enq: 0.0 ms]
      [Redirty Cards: 0.0 ms]
      [Humongous Register: 0.0 ms]
      [Humongous Reclaim: 0.0 ms]
      [Free CSet: 0.0 ms]
   [Eden: 65.0M(65.0M)->0.0B(65.0M) Survivors: 5120.0K->5120.0K Heap: 71.5M(118.0M)->7040.0K(118.0M)]
Heap after GC invocations=5 (full 0):
 garbage-first heap   total 120832K, used 7039K [0x000000008a000000, 0x000000008a1003b0, 0x0000000100000000)
  region size 1024K, 5 young (5120K), 5 survivors (5120K)
 Metaspace       used 18689K, capacity 19354K, committed 19584K, reserved 1067008K
  class space    used 2408K, capacity 2608K, committed 2688K, reserved 1048576K
}
 [Times: user=0.01 sys=0.00, real=0.01 secs] 
{Heap before GC invocations=5 (full 0):
 garbage-first heap   total 120832K, used 36735K [0x000000008a000000, 0x000000008a1003b0, 0x0000000100000000)
  region size 1024K, 35 young (35840K), 5 survivors (5120K)
 Metaspace       used 20493K, capacity 21128K, committed 21296K, reserved 1067008K
  class space    used 2667K, capacity 2839K, committed 2944K, reserved 1048576K
2020-08-09T12:51:36.395+0800: 1.234: [GC pause (Metadata GC Threshold) (young) (initial-mark)
Desired survivor size 4718592 bytes, new threshold 15 (max 15)
- age   1:    1024336 bytes,    1024336 total
- age   2:    1213088 bytes,    2237424 total
- age   3:    1059096 bytes,    3296520 total
- age   4:     324184 bytes,    3620704 total
, 0.0055355 secs]
   [Parallel Time: 5.1 ms, GC Workers: 4]
      [GC Worker Start (ms): Min: 1233.9, Avg: 1234.1, Max: 1234.6, Diff: 0.7]
      [Ext Root Scanning (ms): Min: 0.8, Avg: 1.2, Max: 1.5, Diff: 0.7, Sum: 4.9]
      [Update RS (ms): Min: 0.0, Avg: 0.1, Max: 0.2, Diff: 0.2, Sum: 0.5]
         [Processed Buffers: Min: 1, Avg: 1.8, Max: 4, Diff: 3, Sum: 7]
      [Scan RS (ms): Min: 0.0, Avg: 0.0, Max: 0.0, Diff: 0.0, Sum: 0.0]
      [Code Root Scanning (ms): Min: 0.0, Avg: 0.1, Max: 0.3, Diff: 0.3, Sum: 0.4]
      [Object Copy (ms): Min: 3.3, Avg: 3.3, Max: 3.5, Diff: 0.3, Sum: 13.4]
      [Termination (ms): Min: 0.0, Avg: 0.0, Max: 0.0, Diff: 0.0, Sum: 0.0]
         [Termination Attempts: Min: 2, Avg: 3.8, Max: 9, Diff: 7, Sum: 15]
      [GC Worker Other (ms): Min: 0.0, Avg: 0.0, Max: 0.0, Diff: 0.0, Sum: 0.0]
      [GC Worker Total (ms): Min: 4.3, Avg: 4.8, Max: 5.0, Diff: 0.7, Sum: 19.3]
      [GC Worker End (ms): Min: 1238.9, Avg: 1238.9, Max: 1238.9, Diff: 0.0]
   [Code Root Fixup: 0.0 ms]
   [Code Root Purge: 0.0 ms]
   [Clear CT: 0.0 ms]
   [Other: 0.4 ms]
      [Choose CSet: 0.0 ms]
      [Ref Proc: 0.2 ms]
      [Ref Enq: 0.0 ms]
      [Redirty Cards: 0.0 ms]
      [Humongous Register: 0.0 ms]
      [Humongous Reclaim: 0.0 ms]
      [Free CSet: 0.0 ms]
   [Eden: 30.0M(65.0M)->0.0B(64.0M) Survivors: 5120.0K->6144.0K Heap: 36.4M(118.0M)->7552.0K(118.0M)]
Heap after GC invocations=6 (full 0):
 garbage-first heap   total 120832K, used 7551K [0x000000008a000000, 0x000000008a1003b0, 0x0000000100000000)
  region size 1024K, 6 young (6144K), 6 survivors (6144K)
 Metaspace       used 20493K, capacity 21128K, committed 21296K, reserved 1067008K
  class space    used 2667K, capacity 2839K, committed 2944K, reserved 1048576K
}
 [Times: user=0.02 sys=0.00, real=0.00 secs] 
2020-08-09T12:51:36.400+0800: 1.239: [GC concurrent-root-region-scan-start]
2020-08-09T12:51:36.406+0800: 1.245: [GC concurrent-root-region-scan-end, 0.0059212 secs]
2020-08-09T12:51:36.406+0800: 1.245: [GC concurrent-mark-start]
2020-08-09T12:51:36.409+0800: 1.248: [GC concurrent-mark-end, 0.0029818 secs]
2020-08-09T12:51:36.410+0800: 1.249: [GC remark 2020-08-09T12:51:36.410+0800: 1.249: [Finalize Marking, 0.0014210 secs] 2020-08-09T12:51:36.411+0800: 1.250: [GC ref-proc, 0.0001753 secs] 2020-08-09T12:51:36.411+0800: 1.250: [Unloading, 0.0033582 secs], 0.0050759 secs]
 [Times: user=0.02 sys=0.00, real=0.01 secs] 
2020-08-09T12:51:36.419+0800: 1.258: [GC cleanup 9599K->9599K(118M), 0.0012454 secs]
 [Times: user=0.00 sys=0.00, real=0.00 secs] 
{Heap before GC invocations=7 (full 0):
 garbage-first heap   total 120832K, used 73087K [0x000000008a000000, 0x000000008a1003b0, 0x0000000100000000)
  region size 1024K, 70 young (71680K), 6 survivors (6144K)
 Metaspace       used 21661K, capacity 22460K, committed 22784K, reserved 1069056K
  class space    used 2776K, capacity 2985K, committed 3072K, reserved 1048576K
2020-08-09T12:51:36.613+0800: 1.452: [GC pause (G1 Evacuation Pause) (young)
Desired survivor size 4718592 bytes, new threshold 15 (max 15)
- age   1:     488544 bytes,     488544 total
- age   2:     845728 bytes,    1334272 total
- age   3:    1212904 bytes,    2547176 total
- age   4:    1058184 bytes,    3605360 total
- age   5:     324184 bytes,    3929544 total
, 0.0137666 secs]
   [Parallel Time: 13.0 ms, GC Workers: 4]
      [GC Worker Start (ms): Min: 1452.2, Avg: 1459.5, Max: 1465.1, Diff: 12.9]
      [Ext Root Scanning (ms): Min: 0.0, Avg: 0.6, Max: 2.3, Diff: 2.3, Sum: 2.3]
      [Update RS (ms): Min: 0.0, Avg: 0.1, Max: 0.5, Diff: 0.5, Sum: 0.5]
         [Processed Buffers: Min: 0, Avg: 2.2, Max: 9, Diff: 9, Sum: 9]
      [Scan RS (ms): Min: 0.0, Avg: 0.0, Max: 0.1, Diff: 0.1, Sum: 0.1]
      [Code Root Scanning (ms): Min: 0.0, Avg: 0.2, Max: 0.6, Diff: 0.6, Sum: 0.6]
      [Object Copy (ms): Min: 0.0, Avg: 4.6, Max: 9.2, Diff: 9.2, Sum: 18.3]
      [Termination (ms): Min: 0.0, Avg: 0.2, Max: 0.3, Diff: 0.3, Sum: 0.8]
         [Termination Attempts: Min: 1, Avg: 8.8, Max: 17, Diff: 16, Sum: 35]
      [GC Worker Other (ms): Min: 0.0, Avg: 0.0, Max: 0.0, Diff: 0.0, Sum: 0.0]
      [GC Worker Total (ms): Min: 0.0, Avg: 5.6, Max: 12.9, Diff: 12.9, Sum: 22.6]
      [GC Worker End (ms): Min: 1465.1, Avg: 1465.1, Max: 1465.1, Diff: 0.0]
   [Code Root Fixup: 0.0 ms]
   [Code Root Purge: 0.0 ms]
   [Clear CT: 0.1 ms]
   [Other: 0.7 ms]
      [Choose CSet: 0.0 ms]
      [Ref Proc: 0.5 ms]
      [Ref Enq: 0.0 ms]
      [Redirty Cards: 0.0 ms]
      [Humongous Register: 0.0 ms]
      [Humongous Reclaim: 0.0 ms]
      [Free CSet: 0.1 ms]
   [Eden: 64.0M(64.0M)->0.0B(64.0M) Survivors: 6144.0K->6144.0K Heap: 71.4M(118.0M)->8064.0K(118.0M)]
Heap after GC invocations=8 (full 0):
 garbage-first heap   total 120832K, used 8063K [0x000000008a000000, 0x000000008a1003b0, 0x0000000100000000)
  region size 1024K, 6 young (6144K), 6 survivors (6144K)
 Metaspace       used 21661K, capacity 22460K, committed 22784K, reserved 1069056K
  class space    used 2776K, capacity 2985K, committed 3072K, reserved 1048576K
}
 [Times: user=0.04 sys=0.00, real=0.02 secs] 
{Heap before GC invocations=8 (full 0):
 garbage-first heap   total 120832K, used 73599K [0x000000008a000000, 0x000000008a1003b0, 0x0000000100000000)
  region size 1024K, 70 young (71680K), 6 survivors (6144K)
 Metaspace       used 23406K, capacity 24192K, committed 24576K, reserved 1071104K
  class space    used 2989K, capacity 3207K, committed 3328K, reserved 1048576K
2020-08-09T12:51:36.861+0800: 1.700: [GC pause (G1 Evacuation Pause) (young)
Desired survivor size 4718592 bytes, new threshold 6 (max 15)
- age   1:    1150304 bytes,    1150304 total
- age   2:     431024 bytes,    1581328 total
- age   3:     819992 bytes,    2401320 total
- age   4:    1210744 bytes,    3612064 total
- age   5:    1054984 bytes,    4667048 total
- age   6:     323128 bytes,    4990176 total
, 0.0099840 secs]
   [Parallel Time: 9.2 ms, GC Workers: 4]
      [GC Worker Start (ms): Min: 1700.5, Avg: 1703.9, Max: 1709.6, Diff: 9.1]
      [Ext Root Scanning (ms): Min: 0.0, Avg: 0.5, Max: 1.9, Diff: 1.9, Sum: 2.0]
      [Update RS (ms): Min: 0.0, Avg: 0.1, Max: 0.3, Diff: 0.3, Sum: 0.5]
         [Processed Buffers: Min: 0, Avg: 1.2, Max: 3, Diff: 3, Sum: 5]
      [Scan RS (ms): Min: 0.0, Avg: 0.0, Max: 0.0, Diff: 0.0, Sum: 0.1]
      [Code Root Scanning (ms): Min: 0.0, Avg: 0.2, Max: 0.8, Diff: 0.8, Sum: 0.9]
      [Object Copy (ms): Min: 0.0, Avg: 4.9, Max: 7.0, Diff: 7.0, Sum: 19.6]
      [Termination (ms): Min: 0.0, Avg: 0.0, Max: 0.0, Diff: 0.0, Sum: 0.1]
         [Termination Attempts: Min: 1, Avg: 4.2, Max: 10, Diff: 9, Sum: 17]
      [GC Worker Other (ms): Min: 0.0, Avg: 0.0, Max: 0.0, Diff: 0.0, Sum: 0.0]
      [GC Worker Total (ms): Min: 0.0, Avg: 5.8, Max: 9.2, Diff: 9.2, Sum: 23.2]
      [GC Worker End (ms): Min: 1709.6, Avg: 1709.6, Max: 1709.6, Diff: 0.0]
   [Code Root Fixup: 0.0 ms]
   [Code Root Purge: 0.0 ms]
   [Clear CT: 0.1 ms]
   [Other: 0.7 ms]
      [Choose CSet: 0.0 ms]
      [Ref Proc: 0.5 ms]
      [Ref Enq: 0.0 ms]
      [Redirty Cards: 0.1 ms]
      [Humongous Register: 0.0 ms]
      [Humongous Reclaim: 0.0 ms]
      [Free CSet: 0.1 ms]
   [Eden: 64.0M(64.0M)->0.0B(63.0M) Survivors: 6144.0K->7168.0K Heap: 71.9M(118.0M)->9412.0K(118.0M)]
Heap after GC invocations=9 (full 0):
 garbage-first heap   total 120832K, used 9411K [0x000000008a000000, 0x000000008a1003b0, 0x0000000100000000)
  region size 1024K, 7 young (7168K), 7 survivors (7168K)
 Metaspace       used 23406K, capacity 24192K, committed 24576K, reserved 1071104K
  class space    used 2989K, capacity 3207K, committed 3328K, reserved 1048576K
}
 [Times: user=0.03 sys=0.00, real=0.01 secs] 
{Heap before GC invocations=9 (full 0):
 garbage-first heap   total 120832K, used 73923K [0x000000008a000000, 0x000000008a1003b0, 0x0000000100000000)
  region size 1024K, 70 young (71680K), 7 survivors (7168K)
 Metaspace       used 25592K, capacity 26608K, committed 26880K, reserved 1073152K
  class space    used 3270K, capacity 3521K, committed 3584K, reserved 1048576K
2020-08-09T12:51:37.143+0800: 1.982: [GC pause (G1 Evacuation Pause) (young)
Desired survivor size 4718592 bytes, new threshold 6 (max 15)
- age   1:    1269064 bytes,    1269064 total
- age   2:    1073008 bytes,    2342072 total
- age   3:     425520 bytes,    2767592 total
- age   4:     789112 bytes,    3556704 total
- age   5:    1143368 bytes,    4700072 total
- age   6:    1036568 bytes,    5736640 total
, 0.0099967 secs]
   [Parallel Time: 9.2 ms, GC Workers: 4]
      [GC Worker Start (ms): Min: 1981.6, Avg: 1981.9, Max: 1983.1, Diff: 1.5]
      [Ext Root Scanning (ms): Min: 0.0, Avg: 0.7, Max: 1.8, Diff: 1.8, Sum: 3.0]
      [Update RS (ms): Min: 0.0, Avg: 0.3, Max: 0.6, Diff: 0.6, Sum: 1.1]
         [Processed Buffers: Min: 0, Avg: 2.2, Max: 7, Diff: 7, Sum: 9]
      [Scan RS (ms): Min: 0.0, Avg: 0.0, Max: 0.0, Diff: 0.0, Sum: 0.1]
      [Code Root Scanning (ms): Min: 0.0, Avg: 2.0, Max: 7.6, Diff: 7.6, Sum: 8.0]
      [Object Copy (ms): Min: 0.4, Avg: 5.1, Max: 6.8, Diff: 6.4, Sum: 20.3]
      [Termination (ms): Min: 0.0, Avg: 0.6, Max: 0.8, Diff: 0.8, Sum: 2.3]
         [Termination Attempts: Min: 1, Avg: 1.2, Max: 2, Diff: 1, Sum: 5]
      [GC Worker Other (ms): Min: 0.0, Avg: 0.0, Max: 0.0, Diff: 0.0, Sum: 0.0]
      [GC Worker Total (ms): Min: 7.5, Avg: 8.7, Max: 9.1, Diff: 1.6, Sum: 34.7]
      [GC Worker End (ms): Min: 1990.6, Avg: 1990.6, Max: 1990.7, Diff: 0.1]
   [Code Root Fixup: 0.0 ms]
   [Code Root Purge: 0.0 ms]
   [Clear CT: 0.1 ms]
   [Other: 0.8 ms]
      [Choose CSet: 0.0 ms]
      [Ref Proc: 0.6 ms]
      [Ref Enq: 0.0 ms]
      [Redirty Cards: 0.0 ms]
      [Humongous Register: 0.0 ms]
      [Humongous Reclaim: 0.0 ms]
      [Free CSet: 0.1 ms]
   [Eden: 63.0M(63.0M)->0.0B(62.0M) Survivors: 7168.0K->8192.0K Heap: 72.2M(118.0M)->10.8M(118.0M)]
Heap after GC invocations=10 (full 0):
 garbage-first heap   total 120832K, used 11052K [0x000000008a000000, 0x000000008a1003b0, 0x0000000100000000)
  region size 1024K, 8 young (8192K), 8 survivors (8192K)
 Metaspace       used 25592K, capacity 26608K, committed 26880K, reserved 1073152K
  class space    used 3270K, capacity 3521K, committed 3584K, reserved 1048576K
}
 [Times: user=0.04 sys=0.00, real=0.01 secs] 
{Heap before GC invocations=10 (full 0):
 garbage-first heap   total 120832K, used 74540K [0x000000008a000000, 0x000000008a1003b0, 0x0000000100000000)
  region size 1024K, 70 young (71680K), 8 survivors (8192K)
 Metaspace       used 28021K, capacity 29134K, committed 29184K, reserved 1075200K
  class space    used 3580K, capacity 3836K, committed 3840K, reserved 1048576K
2020-08-09T12:51:37.443+0800: 2.282: [GC pause (G1 Evacuation Pause) (young)
Desired survivor size 4718592 bytes, new threshold 6 (max 15)
- age   1:    1278904 bytes,    1278904 total
- age   2:    1175208 bytes,    2454112 total
- age   3:     834392 bytes,    3288504 total
- age   4:     417640 bytes,    3706144 total
- age   5:     777488 bytes,    4483632 total
- age   6:    1142888 bytes,    5626520 total
, 0.0076394 secs]
   [Parallel Time: 6.9 ms, GC Workers: 4]
      [GC Worker Start (ms): Min: 2282.5, Avg: 2282.5, Max: 2282.5, Diff: 0.0]
      [Ext Root Scanning (ms): Min: 0.3, Avg: 0.7, Max: 1.7, Diff: 1.4, Sum: 2.7]
      [Update RS (ms): Min: 0.0, Avg: 0.7, Max: 0.9, Diff: 0.9, Sum: 2.7]
         [Processed Buffers: Min: 0, Avg: 2.8, Max: 4, Diff: 4, Sum: 11]
      [Scan RS (ms): Min: 0.0, Avg: 0.0, Max: 0.0, Diff: 0.0, Sum: 0.1]
      [Code Root Scanning (ms): Min: 0.0, Avg: 0.3, Max: 0.7, Diff: 0.7, Sum: 1.3]
      [Object Copy (ms): Min: 4.8, Avg: 5.1, Max: 5.5, Diff: 0.7, Sum: 20.4]
      [Termination (ms): Min: 0.0, Avg: 0.0, Max: 0.0, Diff: 0.0, Sum: 0.0]
         [Termination Attempts: Min: 1, Avg: 1.5, Max: 2, Diff: 1, Sum: 6]
      [GC Worker Other (ms): Min: 0.0, Avg: 0.0, Max: 0.0, Diff: 0.0, Sum: 0.1]
      [GC Worker Total (ms): Min: 6.8, Avg: 6.8, Max: 6.8, Diff: 0.0, Sum: 27.2]
      [GC Worker End (ms): Min: 2289.3, Avg: 2289.3, Max: 2289.3, Diff: 0.0]
   [Code Root Fixup: 0.0 ms]
   [Code Root Purge: 0.0 ms]
   [Clear CT: 0.1 ms]
   [Other: 0.7 ms]
      [Choose CSet: 0.0 ms]
      [Ref Proc: 0.5 ms]
      [Ref Enq: 0.0 ms]
      [Redirty Cards: 0.0 ms]
      [Humongous Register: 0.0 ms]
      [Humongous Reclaim: 0.0 ms]
      [Free CSet: 0.1 ms]
   [Eden: 62.0M(62.0M)->0.0B(63.0M) Survivors: 8192.0K->7168.0K Heap: 72.8M(118.0M)->11.5M(118.0M)]
Heap after GC invocations=11 (full 0):
 garbage-first heap   total 120832K, used 11758K [0x000000008a000000, 0x000000008a1003b0, 0x0000000100000000)
  region size 1024K, 7 young (7168K), 7 survivors (7168K)
 Metaspace       used 28021K, capacity 29134K, committed 29184K, reserved 1075200K
  class space    used 3580K, capacity 3836K, committed 3840K, reserved 1048576K
}
 [Times: user=0.03 sys=0.00, real=0.01 secs] 
{Heap before GC invocations=11 (full 0):
 garbage-first heap   total 120832K, used 76270K [0x000000008a000000, 0x000000008a1003b0, 0x0000000100000000)
  region size 1024K, 70 young (71680K), 7 survivors (7168K)
 Metaspace       used 29983K, capacity 31134K, committed 31360K, reserved 1077248K
  class space    used 3940K, capacity 4188K, committed 4224K, reserved 1048576K
2020-08-09T12:51:37.743+0800: 2.582: [GC pause (G1 Evacuation Pause) (young)
Desired survivor size 4718592 bytes, new threshold 5 (max 15)
- age   1:    1306104 bytes,    1306104 total
- age   2:    1128528 bytes,    2434632 total
- age   3:    1126512 bytes,    3561144 total
- age   4:     787792 bytes,    4348936 total
- age   5:     415264 bytes,    4764200 total
- age   6:     774456 bytes,    5538656 total
, 0.0127836 secs]
   [Parallel Time: 11.7 ms, GC Workers: 4]
      [GC Worker Start (ms): Min: 2582.6, Avg: 2584.1, Max: 2586.2, Diff: 3.6]
      [Ext Root Scanning (ms): Min: 0.0, Avg: 0.9, Max: 2.0, Diff: 2.0, Sum: 3.7]
      [Update RS (ms): Min: 0.0, Avg: 1.0, Max: 1.3, Diff: 1.3, Sum: 3.9]
         [Processed Buffers: Min: 0, Avg: 3.8, Max: 6, Diff: 6, Sum: 15]
      [Scan RS (ms): Min: 0.0, Avg: 0.0, Max: 0.0, Diff: 0.0, Sum: 0.1]
      [Code Root Scanning (ms): Min: 0.0, Avg: 0.6, Max: 1.7, Diff: 1.7, Sum: 2.4]
      [Object Copy (ms): Min: 6.3, Avg: 7.2, Max: 8.0, Diff: 1.7, Sum: 28.9]
      [Termination (ms): Min: 0.0, Avg: 0.2, Max: 0.2, Diff: 0.2, Sum: 0.7]
         [Termination Attempts: Min: 1, Avg: 6.0, Max: 14, Diff: 13, Sum: 24]
      [GC Worker Other (ms): Min: 0.0, Avg: 0.0, Max: 0.0, Diff: 0.0, Sum: 0.0]
      [GC Worker Total (ms): Min: 7.8, Avg: 9.9, Max: 11.4, Diff: 3.6, Sum: 39.8]
      [GC Worker End (ms): Min: 2594.0, Avg: 2594.0, Max: 2594.0, Diff: 0.0]
   [Code Root Fixup: 0.0 ms]
   [Code Root Purge: 0.0 ms]
   [Clear CT: 0.1 ms]
   [Other: 1.0 ms]
      [Choose CSet: 0.0 ms]
      [Ref Proc: 0.8 ms]
      [Ref Enq: 0.0 ms]
      [Redirty Cards: 0.0 ms]
      [Humongous Register: 0.0 ms]
      [Humongous Reclaim: 0.0 ms]
      [Free CSet: 0.1 ms]
   [Eden: 63.0M(63.0M)->0.0B(63.0M) Survivors: 7168.0K->7168.0K Heap: 74.5M(118.0M)->13.8M(118.0M)]
Heap after GC invocations=12 (full 0):
 garbage-first heap   total 120832K, used 14083K [0x000000008a000000, 0x000000008a1003b0, 0x0000000100000000)
  region size 1024K, 7 young (7168K), 7 survivors (7168K)
 Metaspace       used 29983K, capacity 31134K, committed 31360K, reserved 1077248K
  class space    used 3940K, capacity 4188K, committed 4224K, reserved 1048576K
}
 [Times: user=0.04 sys=0.00, real=0.02 secs] 
{Heap before GC invocations=12 (full 0):
 garbage-first heap   total 120832K, used 55043K [0x000000008a000000, 0x000000008a1003b0, 0x0000000100000000)
  region size 1024K, 48 young (49152K), 7 survivors (7168K)
 Metaspace       used 33799K, capacity 35416K, committed 35584K, reserved 1079296K
  class space    used 4436K, capacity 4777K, committed 4864K, reserved 1048576K
2020-08-09T12:51:38.158+0800: 2.997: [GC pause (Metadata GC Threshold) (young) (initial-mark)
Desired survivor size 4718592 bytes, new threshold 5 (max 15)
- age   1:    1083712 bytes,    1083712 total
- age   2:    1141456 bytes,    2225168 total
- age   3:    1008576 bytes,    3233744 total
- age   4:    1092592 bytes,    4326336 total
- age   5:     782560 bytes,    5108896 total
, 0.0100992 secs]
   [Parallel Time: 9.5 ms, GC Workers: 4]
      [GC Worker Start (ms): Min: 2996.7, Avg: 2997.8, Max: 2998.6, Diff: 2.0]
      [Ext Root Scanning (ms): Min: 0.4, Avg: 1.1, Max: 2.4, Diff: 2.0, Sum: 4.5]
      [Update RS (ms): Min: 0.8, Avg: 1.0, Max: 1.2, Diff: 0.4, Sum: 3.9]
         [Processed Buffers: Min: 2, Avg: 4.0, Max: 6, Diff: 4, Sum: 16]
      [Scan RS (ms): Min: 0.0, Avg: 0.1, Max: 0.2, Diff: 0.2, Sum: 0.5]
      [Code Root Scanning (ms): Min: 0.0, Avg: 0.2, Max: 0.4, Diff: 0.4, Sum: 0.8]
      [Object Copy (ms): Min: 5.5, Avg: 5.8, Max: 6.2, Diff: 0.7, Sum: 23.3]
      [Termination (ms): Min: 0.0, Avg: 0.0, Max: 0.0, Diff: 0.0, Sum: 0.0]
         [Termination Attempts: Min: 1, Avg: 5.8, Max: 10, Diff: 9, Sum: 23]
      [GC Worker Other (ms): Min: 0.0, Avg: 0.0, Max: 0.0, Diff: 0.0, Sum: 0.0]
      [GC Worker Total (ms): Min: 7.4, Avg: 8.2, Max: 9.4, Diff: 2.0, Sum: 33.0]
      [GC Worker End (ms): Min: 3006.0, Avg: 3006.0, Max: 3006.0, Diff: 0.0]
   [Code Root Fixup: 0.0 ms]
   [Code Root Purge: 0.0 ms]
   [Clear CT: 0.0 ms]
   [Other: 0.5 ms]
      [Choose CSet: 0.0 ms]
      [Ref Proc: 0.3 ms]
      [Ref Enq: 0.0 ms]
      [Redirty Cards: 0.1 ms]
      [Humongous Register: 0.0 ms]
      [Humongous Reclaim: 0.0 ms]
      [Free CSet: 0.0 ms]
   [Eden: 41.0M(63.0M)->0.0B(62.0M) Survivors: 7168.0K->8192.0K Heap: 54.8M(118.0M)->16.3M(118.0M)]
Heap after GC invocations=13 (full 0):
 garbage-first heap   total 120832K, used 16718K [0x000000008a000000, 0x000000008a1003b0, 0x0000000100000000)
  region size 1024K, 8 young (8192K), 8 survivors (8192K)
 Metaspace       used 33799K, capacity 35416K, committed 35584K, reserved 1079296K
  class space    used 4436K, capacity 4777K, committed 4864K, reserved 1048576K
}
 [Times: user=0.03 sys=0.00, real=0.01 secs] 
2020-08-09T12:51:38.168+0800: 3.007: [GC concurrent-root-region-scan-start]
2020-08-09T12:51:38.178+0800: 3.017: [GC concurrent-root-region-scan-end, 0.0099039 secs]
2020-08-09T12:51:38.178+0800: 3.017: [GC concurrent-mark-start]
2020-08-09T12:51:38.195+0800: 3.034: [GC concurrent-mark-end, 0.0171666 secs]
2020-08-09T12:51:38.195+0800: 3.034: [GC remark 2020-08-09T12:51:38.195+0800: 3.034: [Finalize Marking, 0.0003044 secs] 2020-08-09T12:51:38.195+0800: 3.034: [GC ref-proc, 0.0003092 secs] 2020-08-09T12:51:38.196+0800: 3.035: [Unloading, 0.0075103 secs], 0.0082916 secs]
 [Times: user=0.03 sys=0.00, real=0.00 secs] 
2020-08-09T12:51:38.203+0800: 3.042: [GC cleanup 19M->19M(118M), 0.0003120 secs]
 [Times: user=0.00 sys=0.00, real=0.01 secs] 
{Heap before GC invocations=14 (full 0):
 garbage-first heap   total 120832K, used 80206K [0x000000008a000000, 0x000000008a1003b0, 0x0000000100000000)
  region size 1024K, 70 young (71680K), 8 survivors (8192K)
 Metaspace       used 38597K, capacity 40314K, committed 40576K, reserved 1085440K
  class space    used 5043K, capacity 5410K, committed 5504K, reserved 1048576K
2020-08-09T12:51:38.550+0800: 3.389: [GC pause (G1 Evacuation Pause) (young)
Desired survivor size 4718592 bytes, new threshold 4 (max 15)
- age   1:    1970184 bytes,    1970184 total
- age   2:     995400 bytes,    2965584 total
- age   3:    1120488 bytes,    4086072 total
- age   4:     999736 bytes,    5085808 total
- age   5:    1090720 bytes,    6176528 total
, 0.0119246 secs]
   [Parallel Time: 10.6 ms, GC Workers: 4]
      [GC Worker Start (ms): Min: 3389.5, Avg: 3389.6, Max: 3389.8, Diff: 0.3]
      [Ext Root Scanning (ms): Min: 0.9, Avg: 1.8, Max: 3.4, Diff: 2.5, Sum: 7.2]
      [Update RS (ms): Min: 0.0, Avg: 1.1, Max: 1.6, Diff: 1.6, Sum: 4.4]
         [Processed Buffers: Min: 0, Avg: 4.0, Max: 6, Diff: 6, Sum: 16]
      [Scan RS (ms): Min: 0.0, Avg: 0.1, Max: 0.2, Diff: 0.2, Sum: 0.2]
      [Code Root Scanning (ms): Min: 0.0, Avg: 1.1, Max: 3.3, Diff: 3.3, Sum: 4.3]
      [Object Copy (ms): Min: 4.5, Avg: 6.4, Max: 7.1, Diff: 2.7, Sum: 25.5]
      [Termination (ms): Min: 0.0, Avg: 0.0, Max: 0.0, Diff: 0.0, Sum: 0.0]
         [Termination Attempts: Min: 1, Avg: 1.0, Max: 1, Diff: 0, Sum: 4]
      [GC Worker Other (ms): Min: 0.0, Avg: 0.0, Max: 0.0, Diff: 0.0, Sum: 0.0]
      [GC Worker Total (ms): Min: 10.2, Avg: 10.4, Max: 10.5, Diff: 0.3, Sum: 41.6]
      [GC Worker End (ms): Min: 3400.0, Avg: 3400.0, Max: 3400.0, Diff: 0.0]
   [Code Root Fixup: 0.0 ms]
   [Code Root Purge: 0.0 ms]
   [Clear CT: 0.1 ms]
   [Other: 1.3 ms]
      [Choose CSet: 0.0 ms]
      [Ref Proc: 1.1 ms]
      [Ref Enq: 0.0 ms]
      [Redirty Cards: 0.1 ms]
      [Humongous Register: 0.0 ms]
      [Humongous Reclaim: 0.0 ms]
      [Free CSet: 0.1 ms]
   [Eden: 62.0M(62.0M)->0.0B(63.0M) Survivors: 8192.0K->7168.0K Heap: 78.3M(118.0M)->18.4M(118.0M)]
Heap after GC invocations=15 (full 0):
 garbage-first heap   total 120832K, used 18858K [0x000000008a000000, 0x000000008a1003b0, 0x0000000100000000)
  region size 1024K, 7 young (7168K), 7 survivors (7168K)
 Metaspace       used 38597K, capacity 40314K, committed 40576K, reserved 1085440K
  class space    used 5043K, capacity 5410K, committed 5504K, reserved 1048576K
}
 [Times: user=0.03 sys=0.00, real=0.01 secs] 
{Heap before GC invocations=15 (full 0):
 garbage-first heap   total 120832K, used 83370K [0x000000008a000000, 0x000000008a1003b0, 0x0000000100000000)
  region size 1024K, 70 young (71680K), 7 survivors (7168K)
 Metaspace       used 39730K, capacity 41494K, committed 41600K, reserved 1085440K
  class space    used 5128K, capacity 5490K, committed 5504K, reserved 1048576K
2020-08-09T12:51:38.784+0800: 3.623: [GC pause (G1 Evacuation Pause) (young)
Desired survivor size 4718592 bytes, new threshold 4 (max 15)
- age   1:    1555904 bytes,    1555904 total
- age   2:    1884472 bytes,    3440376 total
- age   3:     986048 bytes,    4426424 total
- age   4:    1097112 bytes,    5523536 total
, 0.0160606 secs]
   [Parallel Time: 15.2 ms, GC Workers: 4]
      [GC Worker Start (ms): Min: 3625.6, Avg: 3627.1, Max: 3629.8, Diff: 4.2]
      [Ext Root Scanning (ms): Min: 0.0, Avg: 0.6, Max: 1.6, Diff: 1.6, Sum: 2.5]
      [Update RS (ms): Min: 0.0, Avg: 1.2, Max: 2.0, Diff: 2.0, Sum: 4.9]
         [Processed Buffers: Min: 0, Avg: 4.0, Max: 8, Diff: 8, Sum: 16]
      [Scan RS (ms): Min: 0.0, Avg: 0.5, Max: 0.9, Diff: 0.9, Sum: 2.1]
      [Code Root Scanning (ms): Min: 0.0, Avg: 1.6, Max: 6.4, Diff: 6.4, Sum: 6.6]
      [Object Copy (ms): Min: 0.6, Avg: 5.2, Max: 7.3, Diff: 6.7, Sum: 20.9]
      [Termination (ms): Min: 0.0, Avg: 0.6, Max: 2.0, Diff: 2.0, Sum: 2.5]
         [Termination Attempts: Min: 1, Avg: 1.0, Max: 1, Diff: 0, Sum: 4]
      [GC Worker Other (ms): Min: 0.0, Avg: 0.0, Max: 0.0, Diff: 0.0, Sum: 0.0]
      [GC Worker Total (ms): Min: 6.7, Avg: 9.9, Max: 12.7, Diff: 6.0, Sum: 39.6]
      [GC Worker End (ms): Min: 3636.5, Avg: 3637.0, Max: 3638.3, Diff: 1.8]
   [Code Root Fixup: 0.0 ms]
   [Code Root Purge: 0.0 ms]
   [Clear CT: 0.1 ms]
   [Other: 0.8 ms]
      [Choose CSet: 0.0 ms]
      [Ref Proc: 0.6 ms]
      [Ref Enq: 0.0 ms]
      [Redirty Cards: 0.0 ms]
      [Humongous Register: 0.0 ms]
      [Humongous Reclaim: 0.0 ms]
      [Free CSet: 0.1 ms]
   [Eden: 63.0M(63.0M)->0.0B(63.0M) Survivors: 7168.0K->7168.0K Heap: 81.4M(118.0M)->20.3M(118.0M)]
Heap after GC invocations=16 (full 0):
 garbage-first heap   total 120832K, used 20775K [0x000000008a000000, 0x000000008a1003b0, 0x0000000100000000)
  region size 1024K, 7 young (7168K), 7 survivors (7168K)
 Metaspace       used 39730K, capacity 41494K, committed 41600K, reserved 1085440K
  class space    used 5128K, capacity 5490K, committed 5504K, reserved 1048576K
}
 [Times: user=0.06 sys=0.00, real=0.01 secs] 
{Heap before GC invocations=16 (full 0):
 garbage-first heap   total 120832K, used 85287K [0x000000008a000000, 0x000000008a1003b0, 0x0000000100000000)
  region size 1024K, 70 young (71680K), 7 survivors (7168K)
 Metaspace       used 40275K, capacity 42176K, committed 42496K, reserved 1085440K
  class space    used 5159K, capacity 5533K, committed 5632K, reserved 1048576K
2020-08-09T12:51:38.964+0800: 3.803: [GC pause (G1 Evacuation Pause) (young)
Desired survivor size 4718592 bytes, new threshold 4 (max 15)
- age   1:     997768 bytes,     997768 total
- age   2:    1499328 bytes,    2497096 total
- age   3:    1883952 bytes,    4381048 total
- age   4:     968912 bytes,    5349960 total
, 0.0161190 secs]
   [Parallel Time: 15.3 ms, GC Workers: 4]
      [GC Worker Start (ms): Min: 3803.4, Avg: 3809.8, Max: 3818.7, Diff: 15.3]
      [Ext Root Scanning (ms): Min: 0.0, Avg: 0.7, Max: 1.6, Diff: 1.6, Sum: 2.8]
      [Update RS (ms): Min: 0.0, Avg: 1.9, Max: 3.7, Diff: 3.7, Sum: 7.5]
         [Processed Buffers: Min: 0, Avg: 5.8, Max: 13, Diff: 13, Sum: 23]
      [Scan RS (ms): Min: 0.0, Avg: 0.0, Max: 0.0, Diff: 0.0, Sum: 0.1]
      [Code Root Scanning (ms): Min: 0.0, Avg: 0.2, Max: 0.5, Diff: 0.5, Sum: 0.7]
      [Object Copy (ms): Min: 0.0, Avg: 6.0, Max: 9.7, Diff: 9.7, Sum: 24.2]
      [Termination (ms): Min: 0.0, Avg: 0.1, Max: 0.3, Diff: 0.3, Sum: 0.5]
         [Termination Attempts: Min: 1, Avg: 1.0, Max: 1, Diff: 0, Sum: 4]
      [GC Worker Other (ms): Min: 0.0, Avg: 0.0, Max: 0.0, Diff: 0.0, Sum: 0.0]
      [GC Worker Total (ms): Min: 0.0, Avg: 8.9, Max: 15.3, Diff: 15.3, Sum: 35.7]
      [GC Worker End (ms): Min: 3818.7, Avg: 3818.7, Max: 3818.7, Diff: 0.0]
   [Code Root Fixup: 0.0 ms]
   [Code Root Purge: 0.0 ms]
   [Clear CT: 0.1 ms]
   [Other: 0.7 ms]
      [Choose CSet: 0.0 ms]
      [Ref Proc: 0.5 ms]
      [Ref Enq: 0.0 ms]
      [Redirty Cards: 0.0 ms]
      [Humongous Register: 0.0 ms]
      [Humongous Reclaim: 0.0 ms]
      [Free CSet: 0.0 ms]
   [Eden: 63.0M(63.0M)->0.0B(64.0M) Survivors: 7168.0K->6144.0K Heap: 83.3M(118.0M)->21.0M(118.0M)]
Heap after GC invocations=17 (full 0):
 garbage-first heap   total 120832K, used 21485K [0x000000008a000000, 0x000000008a1003b0, 0x0000000100000000)
  region size 1024K, 6 young (6144K), 6 survivors (6144K)
 Metaspace       used 40275K, capacity 42176K, committed 42496K, reserved 1085440K
  class space    used 5159K, capacity 5533K, committed 5632K, reserved 1048576K
}
 [Times: user=0.06 sys=0.00, real=0.01 secs] 
{Heap before GC invocations=17 (full 0):
 garbage-first heap   total 120832K, used 87021K [0x000000008a000000, 0x000000008a1003b0, 0x0000000100000000)
  region size 1024K, 70 young (71680K), 6 survivors (6144K)
 Metaspace       used 40759K, capacity 42590K, committed 42752K, reserved 1087488K
  class space    used 5179K, capacity 5538K, committed 5632K, reserved 1048576K
2020-08-09T12:51:39.126+0800: 3.965: [GC pause (G1 Evacuation Pause) (young)
Desired survivor size 4718592 bytes, new threshold 4 (max 15)
- age   1:    1090056 bytes,    1090056 total
- age   2:     968456 bytes,    2058512 total
- age   3:    1495200 bytes,    3553712 total
- age   4:    1870976 bytes,    5424688 total
, 0.0159491 secs]
   [Parallel Time: 15.2 ms, GC Workers: 4]
      [GC Worker Start (ms): Min: 3964.8, Avg: 3972.3, Max: 3979.9, Diff: 15.1]
      [Ext Root Scanning (ms): Min: 0.0, Avg: 0.7, Max: 1.6, Diff: 1.6, Sum: 2.7]
      [Update RS (ms): Min: 0.0, Avg: 1.6, Max: 3.2, Diff: 3.2, Sum: 6.3]
         [Processed Buffers: Min: 0, Avg: 4.8, Max: 10, Diff: 10, Sum: 19]
      [Scan RS (ms): Min: 0.0, Avg: 0.1, Max: 0.2, Diff: 0.2, Sum: 0.4]
      [Code Root Scanning (ms): Min: 0.0, Avg: 0.1, Max: 0.6, Diff: 0.6, Sum: 0.6]
      [Object Copy (ms): Min: 0.0, Avg: 4.8, Max: 9.6, Diff: 9.6, Sum: 19.3]
      [Termination (ms): Min: 0.0, Avg: 0.3, Max: 0.5, Diff: 0.5, Sum: 1.2]
         [Termination Attempts: Min: 1, Avg: 1.0, Max: 1, Diff: 0, Sum: 4]
      [GC Worker Other (ms): Min: 0.0, Avg: 0.0, Max: 0.0, Diff: 0.0, Sum: 0.0]
      [GC Worker Total (ms): Min: 0.0, Avg: 7.6, Max: 15.1, Diff: 15.1, Sum: 30.5]
      [GC Worker End (ms): Min: 3979.9, Avg: 3979.9, Max: 3980.0, Diff: 0.1]
   [Code Root Fixup: 0.0 ms]
   [Code Root Purge: 0.0 ms]
   [Clear CT: 0.1 ms]
   [Other: 0.7 ms]
      [Choose CSet: 0.0 ms]
      [Ref Proc: 0.5 ms]
      [Ref Enq: 0.0 ms]
      [Redirty Cards: 0.1 ms]
      [Humongous Register: 0.0 ms]
      [Humongous Reclaim: 0.0 ms]
      [Free CSet: 0.1 ms]
   [Eden: 64.0M(64.0M)->0.0B(65.0M) Survivors: 6144.0K->5120.0K Heap: 85.0M(118.0M)->22.2M(118.0M)]
Heap after GC invocations=18 (full 0):
 garbage-first heap   total 120832K, used 22754K [0x000000008a000000, 0x000000008a1003b0, 0x0000000100000000)
  region size 1024K, 5 young (5120K), 5 survivors (5120K)
 Metaspace       used 40759K, capacity 42590K, committed 42752K, reserved 1087488K
  class space    used 5179K, capacity 5538K, committed 5632K, reserved 1048576K
}
 [Times: user=0.06 sys=0.00, real=0.01 secs] 
{Heap before GC invocations=18 (full 0):
 garbage-first heap   total 120832K, used 89314K [0x000000008a000000, 0x000000008a1003b0, 0x0000000100000000)
  region size 1024K, 70 young (71680K), 5 survivors (5120K)
 Metaspace       used 41054K, capacity 42870K, committed 43008K, reserved 1087488K
  class space    used 5191K, capacity 5542K, committed 5632K, reserved 1048576K
2020-08-09T12:51:39.250+0800: 4.089: [GC pause (G1 Evacuation Pause) (young)
Desired survivor size 4718592 bytes, new threshold 15 (max 15)
- age   1:    1038928 bytes,    1038928 total
- age   2:    1073808 bytes,    2112736 total
- age   3:     964296 bytes,    3077032 total
- age   4:    1493672 bytes,    4570704 total
, 0.0117480 secs]
   [Parallel Time: 11.2 ms, GC Workers: 4]
      [GC Worker Start (ms): Min: 4088.6, Avg: 4090.0, Max: 4092.3, Diff: 3.7]
      [Ext Root Scanning (ms): Min: 0.0, Avg: 0.6, Max: 1.3, Diff: 1.3, Sum: 2.5]
      [Update RS (ms): Min: 1.1, Avg: 4.3, Max: 9.6, Diff: 8.5, Sum: 17.2]
         [Processed Buffers: Min: 1, Avg: 5.5, Max: 8, Diff: 7, Sum: 22]
      [Scan RS (ms): Min: 0.0, Avg: 0.0, Max: 0.0, Diff: 0.0, Sum: 0.1]
      [Code Root Scanning (ms): Min: 0.0, Avg: 0.2, Max: 0.6, Diff: 0.6, Sum: 0.6]
      [Object Copy (ms): Min: 0.1, Avg: 4.4, Max: 6.2, Diff: 6.0, Sum: 17.4]
      [Termination (ms): Min: 0.0, Avg: 0.3, Max: 0.4, Diff: 0.4, Sum: 1.2]
         [Termination Attempts: Min: 1, Avg: 3.8, Max: 8, Diff: 7, Sum: 15]
      [GC Worker Other (ms): Min: 0.0, Avg: 0.0, Max: 0.0, Diff: 0.0, Sum: 0.0]
      [GC Worker Total (ms): Min: 7.4, Avg: 9.8, Max: 11.1, Diff: 3.7, Sum: 39.1]
      [GC Worker End (ms): Min: 4099.7, Avg: 4099.7, Max: 4099.8, Diff: 0.0]
   [Code Root Fixup: 0.0 ms]
   [Code Root Purge: 0.0 ms]
   [Clear CT: 0.1 ms]
   [Other: 0.5 ms]
      [Choose CSet: 0.0 ms]
      [Ref Proc: 0.3 ms]
      [Ref Enq: 0.0 ms]
      [Redirty Cards: 0.0 ms]
      [Humongous Register: 0.0 ms]
      [Humongous Reclaim: 0.0 ms]
      [Free CSet: 0.1 ms]
   [Eden: 65.0M(65.0M)->0.0B(63.0M) Survivors: 5120.0K->7168.0K Heap: 87.2M(118.0M)->23.7M(118.0M)]
Heap after GC invocations=19 (full 0):
 garbage-first heap   total 120832K, used 24290K [0x000000008a000000, 0x000000008a1003b0, 0x0000000100000000)
  region size 1024K, 7 young (7168K), 7 survivors (7168K)
 Metaspace       used 41054K, capacity 42870K, committed 43008K, reserved 1087488K
  class space    used 5191K, capacity 5542K, committed 5632K, reserved 1048576K
}
 [Times: user=0.04 sys=0.00, real=0.01 secs] 
{Heap before GC invocations=19 (full 0):
 garbage-first heap   total 120832K, used 88802K [0x000000008a000000, 0x000000008a1003b0, 0x0000000100000000)
  region size 1024K, 70 young (71680K), 7 survivors (7168K)
 Metaspace       used 42864K, capacity 44724K, committed 44800K, reserved 1087488K
  class space    used 5465K, capacity 5847K, committed 5888K, reserved 1048576K
2020-08-09T12:51:39.486+0800: 4.325: [GC pause (G1 Evacuation Pause) (young)
Desired survivor size 4718592 bytes, new threshold 5 (max 15)
- age   1:     930288 bytes,     930288 total
- age   2:    1020776 bytes,    1951064 total
- age   3:    1072520 bytes,    3023584 total
- age   4:     963832 bytes,    3987416 total
- age   5:    1493352 bytes,    5480768 total
, 0.0111520 secs]
   [Parallel Time: 10.5 ms, GC Workers: 4]
      [GC Worker Start (ms): Min: 4324.6, Avg: 4325.6, Max: 4327.8, Diff: 3.1]
      [Ext Root Scanning (ms): Min: 0.0, Avg: 0.8, Max: 1.5, Diff: 1.5, Sum: 3.1]
      [Update RS (ms): Min: 0.0, Avg: 1.1, Max: 1.5, Diff: 1.5, Sum: 4.3]
         [Processed Buffers: Min: 0, Avg: 3.2, Max: 6, Diff: 6, Sum: 13]
      [Scan RS (ms): Min: 0.0, Avg: 0.0, Max: 0.0, Diff: 0.0, Sum: 0.1]
      [Code Root Scanning (ms): Min: 0.0, Avg: 2.0, Max: 7.4, Diff: 7.4, Sum: 8.0]
      [Object Copy (ms): Min: 0.4, Avg: 5.3, Max: 7.1, Diff: 6.7, Sum: 21.3]
      [Termination (ms): Min: 0.0, Avg: 0.2, Max: 0.3, Diff: 0.3, Sum: 1.0]
         [Termination Attempts: Min: 1, Avg: 1.2, Max: 2, Diff: 1, Sum: 5]
      [GC Worker Other (ms): Min: 0.0, Avg: 0.0, Max: 0.0, Diff: 0.0, Sum: 0.0]
      [GC Worker Total (ms): Min: 7.3, Avg: 9.4, Max: 10.4, Diff: 3.1, Sum: 37.8]
      [GC Worker End (ms): Min: 4335.0, Avg: 4335.0, Max: 4335.1, Diff: 0.0]
   [Code Root Fixup: 0.0 ms]
   [Code Root Purge: 0.0 ms]
   [Clear CT: 0.1 ms]
   [Other: 0.6 ms]
      [Choose CSet: 0.0 ms]
      [Ref Proc: 0.4 ms]
      [Ref Enq: 0.0 ms]
      [Redirty Cards: 0.0 ms]
      [Humongous Register: 0.0 ms]
      [Humongous Reclaim: 0.0 ms]
      [Free CSet: 0.0 ms]
   [Eden: 63.0M(63.0M)->0.0B(64.0M) Survivors: 7168.0K->6144.0K Heap: 86.7M(118.0M)->24.9M(118.0M)]
Heap after GC invocations=20 (full 0):
 garbage-first heap   total 120832K, used 25473K [0x000000008a000000, 0x000000008a1003b0, 0x0000000100000000)
  region size 1024K, 6 young (6144K), 6 survivors (6144K)
 Metaspace       used 42864K, capacity 44724K, committed 44800K, reserved 1087488K
  class space    used 5465K, capacity 5847K, committed 5888K, reserved 1048576K
}
 [Times: user=0.05 sys=0.00, real=0.01 secs] 
{Heap before GC invocations=20 (full 0):
 garbage-first heap   total 120832K, used 91009K [0x000000008a000000, 0x000000008a1003b0, 0x0000000100000000)
  region size 1024K, 70 young (71680K), 6 survivors (6144K)
 Metaspace       used 45119K, capacity 47122K, committed 47360K, reserved 1091584K
  class space    used 5747K, capacity 6142K, committed 6144K, reserved 1048576K
2020-08-09T12:51:39.729+0800: 4.568: [GC pause (G1 Evacuation Pause) (young)
Desired survivor size 4718592 bytes, new threshold 5 (max 15)
- age   1:     895664 bytes,     895664 total
- age   2:     789104 bytes,    1684768 total
- age   3:    1020184 bytes,    2704952 total
- age   4:    1071008 bytes,    3775960 total
- age   5:     963472 bytes,    4739432 total
, 0.0165065 secs]
   [Parallel Time: 15.8 ms, GC Workers: 4]
      [GC Worker Start (ms): Min: 4568.6, Avg: 4574.4, Max: 4583.6, Diff: 15.0]
      [Ext Root Scanning (ms): Min: 0.0, Avg: 0.8, Max: 3.1, Diff: 3.1, Sum: 3.1]
      [Update RS (ms): Min: 0.0, Avg: 2.0, Max: 3.0, Diff: 3.0, Sum: 8.0]
         [Processed Buffers: Min: 0, Avg: 6.5, Max: 14, Diff: 14, Sum: 26]
      [Scan RS (ms): Min: 0.0, Avg: 0.0, Max: 0.0, Diff: 0.0, Sum: 0.1]
      [Code Root Scanning (ms): Min: 0.0, Avg: 0.1, Max: 0.2, Diff: 0.2, Sum: 0.4]
      [Object Copy (ms): Min: 0.0, Avg: 5.4, Max: 7.4, Diff: 7.4, Sum: 21.5]
      [Termination (ms): Min: 0.0, Avg: 1.0, Max: 1.3, Diff: 1.3, Sum: 3.9]
         [Termination Attempts: Min: 1, Avg: 7.2, Max: 18, Diff: 17, Sum: 29]
      [GC Worker Other (ms): Min: 0.0, Avg: 0.0, Max: 0.0, Diff: 0.0, Sum: 0.0]
      [GC Worker Total (ms): Min: 0.0, Avg: 9.3, Max: 15.0, Diff: 15.0, Sum: 37.0]
      [GC Worker End (ms): Min: 4583.6, Avg: 4583.6, Max: 4583.7, Diff: 0.0]
   [Code Root Fixup: 0.0 ms]
   [Code Root Purge: 0.0 ms]
   [Clear CT: 0.1 ms]
   [Other: 0.6 ms]
      [Choose CSet: 0.0 ms]
      [Ref Proc: 0.4 ms]
      [Ref Enq: 0.0 ms]
      [Redirty Cards: 0.1 ms]
      [Humongous Register: 0.0 ms]
      [Humongous Reclaim: 0.0 ms]
      [Free CSet: 0.0 ms]
   [Eden: 64.0M(64.0M)->0.0B(64.0M) Survivors: 6144.0K->6144.0K Heap: 88.9M(118.0M)->26.6M(118.0M)]
Heap after GC invocations=21 (full 0):
 garbage-first heap   total 120832K, used 27204K [0x000000008a000000, 0x000000008a1003b0, 0x0000000100000000)
  region size 1024K, 6 young (6144K), 6 survivors (6144K)
 Metaspace       used 45119K, capacity 47122K, committed 47360K, reserved 1091584K
  class space    used 5747K, capacity 6142K, committed 6144K, reserved 1048576K
}
 [Times: user=0.06 sys=0.00, real=0.02 secs] 
{Heap before GC invocations=21 (full 0):
 garbage-first heap   total 120832K, used 92740K [0x000000008a000000, 0x000000008a1003b0, 0x0000000100000000)
  region size 1024K, 70 young (71680K), 6 survivors (6144K)
 Metaspace       used 47103K, capacity 49234K, committed 49408K, reserved 1091584K
  class space    used 5959K, capacity 6356K, committed 6400K, reserved 1048576K
2020-08-09T12:51:39.991+0800: 4.830: [GC pause (G1 Evacuation Pause) (young)
Desired survivor size 4718592 bytes, new threshold 5 (max 15)
- age   1:    1283328 bytes,    1283328 total
- age   2:     792416 bytes,    2075744 total
- age   3:     788416 bytes,    2864160 total
- age   4:    1020072 bytes,    3884232 total
- age   5:    1070640 bytes,    4954872 total
, 0.0187715 secs]
   [Parallel Time: 17.8 ms, GC Workers: 4]
      [GC Worker Start (ms): Min: 4830.1, Avg: 4834.9, Max: 4845.6, Diff: 15.6]
      [Ext Root Scanning (ms): Min: 0.0, Avg: 0.8, Max: 1.7, Diff: 1.7, Sum: 3.2]
      [Update RS (ms): Min: 0.0, Avg: 5.1, Max: 15.7, Diff: 15.7, Sum: 20.5]
         [Processed Buffers: Min: 0, Avg: 5.0, Max: 12, Diff: 12, Sum: 20]
      [Scan RS (ms): Min: 0.0, Avg: 0.0, Max: 0.0, Diff: 0.0, Sum: 0.1]
      [Code Root Scanning (ms): Min: 0.0, Avg: 0.1, Max: 0.3, Diff: 0.3, Sum: 0.3]
      [Object Copy (ms): Min: 0.3, Avg: 6.5, Max: 12.9, Diff: 12.6, Sum: 26.1]
      [Termination (ms): Min: 0.0, Avg: 0.4, Max: 0.7, Diff: 0.7, Sum: 1.5]
         [Termination Attempts: Min: 1, Avg: 13.0, Max: 25, Diff: 24, Sum: 52]
      [GC Worker Other (ms): Min: 0.0, Avg: 0.0, Max: 0.0, Diff: 0.0, Sum: 0.0]
      [GC Worker Total (ms): Min: 2.2, Avg: 12.9, Max: 17.7, Diff: 15.5, Sum: 51.7]
      [GC Worker End (ms): Min: 4847.8, Avg: 4847.8, Max: 4847.8, Diff: 0.0]
   [Code Root Fixup: 0.0 ms]
   [Code Root Purge: 0.0 ms]
   [Clear CT: 0.1 ms]
   [Other: 0.9 ms]
      [Choose CSet: 0.0 ms]
      [Ref Proc: 0.7 ms]
      [Ref Enq: 0.0 ms]
      [Redirty Cards: 0.1 ms]
      [Humongous Register: 0.0 ms]
      [Humongous Reclaim: 0.0 ms]
      [Free CSet: 0.1 ms]
   [Eden: 64.0M(64.0M)->0.0B(63.0M) Survivors: 6144.0K->7168.0K Heap: 90.6M(118.0M)->29.5M(118.0M)]
Heap after GC invocations=22 (full 0):
 garbage-first heap   total 120832K, used 30193K [0x000000008a000000, 0x000000008a1003b0, 0x0000000100000000)
  region size 1024K, 7 young (7168K), 7 survivors (7168K)
 Metaspace       used 47103K, capacity 49234K, committed 49408K, reserved 1091584K
  class space    used 5959K, capacity 6356K, committed 6400K, reserved 1048576K
}
 [Times: user=0.07 sys=0.01, real=0.02 secs] 
{Heap before GC invocations=22 (full 0):
 garbage-first heap   total 120832K, used 94705K [0x000000008a000000, 0x000000008a1003b0, 0x0000000100000000)
  region size 1024K, 70 young (71680K), 7 survivors (7168K)
 Metaspace       used 49005K, capacity 51222K, committed 51328K, reserved 1093632K
  class space    used 6249K, capacity 6678K, committed 6784K, reserved 1048576K
2020-08-09T12:51:40.287+0800: 5.126: [GC pause (G1 Evacuation Pause) (young)
Desired survivor size 4718592 bytes, new threshold 5 (max 15)
- age   1:    1805888 bytes,    1805888 total
- age   2:    1212848 bytes,    3018736 total
- age   3:     783496 bytes,    3802232 total
- age   4:     788264 bytes,    4590496 total
- age   5:    1019832 bytes,    5610328 total
, 0.0098448 secs]
   [Parallel Time: 9.4 ms, GC Workers: 4]
      [GC Worker Start (ms): Min: 5126.5, Avg: 5127.6, Max: 5128.7, Diff: 2.2]
      [Ext Root Scanning (ms): Min: 0.0, Avg: 0.9, Max: 1.8, Diff: 1.8, Sum: 3.5]
      [Update RS (ms): Min: 1.8, Avg: 1.8, Max: 1.9, Diff: 0.1, Sum: 7.4]
         [Processed Buffers: Min: 4, Avg: 5.8, Max: 9, Diff: 5, Sum: 23]
      [Scan RS (ms): Min: 0.0, Avg: 0.0, Max: 0.0, Diff: 0.0, Sum: 0.0]
      [Code Root Scanning (ms): Min: 0.0, Avg: 0.0, Max: 0.2, Diff: 0.2, Sum: 0.2]
      [Object Copy (ms): Min: 5.3, Avg: 5.5, Max: 5.8, Diff: 0.5, Sum: 22.0]
      [Termination (ms): Min: 0.0, Avg: 0.0, Max: 0.0, Diff: 0.0, Sum: 0.0]
         [Termination Attempts: Min: 1, Avg: 1.5, Max: 3, Diff: 2, Sum: 6]
      [GC Worker Other (ms): Min: 0.0, Avg: 0.0, Max: 0.0, Diff: 0.0, Sum: 0.0]
      [GC Worker Total (ms): Min: 7.2, Avg: 8.3, Max: 9.4, Diff: 2.2, Sum: 33.2]
      [GC Worker End (ms): Min: 5135.9, Avg: 5135.9, Max: 5135.9, Diff: 0.0]
   [Code Root Fixup: 0.0 ms]
   [Code Root Purge: 0.0 ms]
   [Clear CT: 0.1 ms]
   [Other: 0.4 ms]
      [Choose CSet: 0.0 ms]
      [Ref Proc: 0.2 ms]
      [Ref Enq: 0.0 ms]
      [Redirty Cards: 0.0 ms]
      [Humongous Register: 0.0 ms]
      [Humongous Reclaim: 0.0 ms]
      [Free CSet: 0.0 ms]
   [Eden: 63.0M(63.0M)->0.0B(63.0M) Survivors: 7168.0K->7168.0K Heap: 92.5M(118.0M)->30.8M(118.0M)]
Heap after GC invocations=23 (full 0):
 garbage-first heap   total 120832K, used 31520K [0x000000008a000000, 0x000000008a1003b0, 0x0000000100000000)
  region size 1024K, 7 young (7168K), 7 survivors (7168K)
 Metaspace       used 49005K, capacity 51222K, committed 51328K, reserved 1093632K
  class space    used 6249K, capacity 6678K, committed 6784K, reserved 1048576K
}
 [Times: user=0.04 sys=0.00, real=0.01 secs] 
{Heap before GC invocations=23 (full 0):
 garbage-first heap   total 120832K, used 96032K [0x000000008a000000, 0x000000008a1003b0, 0x0000000100000000)
  region size 1024K, 70 young (71680K), 7 survivors (7168K)
 Metaspace       used 50651K, capacity 52970K, committed 52992K, reserved 1095680K
  class space    used 6454K, capacity 6898K, committed 6912K, reserved 1048576K
2020-08-09T12:51:40.576+0800: 5.415: [GC pause (G1 Evacuation Pause) (young)
Desired survivor size 4718592 bytes, new threshold 4 (max 15)
- age   1:    1245912 bytes,    1245912 total
- age   2:    1751064 bytes,    2996976 total
- age   3:    1200064 bytes,    4197040 total
- age   4:     776896 bytes,    4973936 total
- age   5:     788232 bytes,    5762168 total
, 0.0142863 secs]
   [Parallel Time: 13.6 ms, GC Workers: 4]
      [GC Worker Start (ms): Min: 5415.5, Avg: 5418.1, Max: 5425.6, Diff: 10.1]
      [Ext Root Scanning (ms): Min: 0.0, Avg: 1.1, Max: 1.7, Diff: 1.7, Sum: 4.3]
      [Update RS (ms): Min: 0.0, Avg: 2.1, Max: 2.9, Diff: 2.9, Sum: 8.4]
         [Processed Buffers: Min: 0, Avg: 6.0, Max: 12, Diff: 12, Sum: 24]
      [Scan RS (ms): Min: 0.0, Avg: 0.0, Max: 0.0, Diff: 0.0, Sum: 0.1]
      [Code Root Scanning (ms): Min: 0.0, Avg: 0.1, Max: 0.2, Diff: 0.2, Sum: 0.2]
      [Object Copy (ms): Min: 3.2, Avg: 7.6, Max: 9.1, Diff: 5.9, Sum: 30.3]
      [Termination (ms): Min: 0.0, Avg: 0.2, Max: 0.2, Diff: 0.2, Sum: 0.7]
         [Termination Attempts: Min: 1, Avg: 2.2, Max: 4, Diff: 3, Sum: 9]
      [GC Worker Other (ms): Min: 0.0, Avg: 0.0, Max: 0.0, Diff: 0.0, Sum: 0.0]
      [GC Worker Total (ms): Min: 3.5, Avg: 11.0, Max: 13.6, Diff: 10.1, Sum: 44.0]
      [GC Worker End (ms): Min: 5429.1, Avg: 5429.1, Max: 5429.1, Diff: 0.0]
   [Code Root Fixup: 0.0 ms]
   [Code Root Purge: 0.0 ms]
   [Clear CT: 0.1 ms]
   [Other: 0.6 ms]
      [Choose CSet: 0.0 ms]
      [Ref Proc: 0.4 ms]
      [Ref Enq: 0.0 ms]
      [Redirty Cards: 0.1 ms]
      [Humongous Register: 0.0 ms]
      [Humongous Reclaim: 0.0 ms]
      [Free CSet: 0.0 ms]
   [Eden: 63.0M(63.0M)->0.0B(62.0M) Survivors: 7168.0K->8192.0K Heap: 93.8M(118.0M)->33.4M(118.0M)]
Heap after GC invocations=24 (full 0):
 garbage-first heap   total 120832K, used 34187K [0x000000008a000000, 0x000000008a1003b0, 0x0000000100000000)
  region size 1024K, 8 young (8192K), 8 survivors (8192K)
 Metaspace       used 50651K, capacity 52970K, committed 52992K, reserved 1095680K
  class space    used 6454K, capacity 6898K, committed 6912K, reserved 1048576K
}
 [Times: user=0.05 sys=0.01, real=0.01 secs] 
{Heap before GC invocations=24 (full 0):
 garbage-first heap   total 120832K, used 97675K [0x000000008a000000, 0x000000008a1003b0, 0x0000000100000000)
  region size 1024K, 70 young (71680K), 8 survivors (8192K)
 Metaspace       used 52534K, capacity 55092K, committed 55424K, reserved 1097728K
  class space    used 6697K, capacity 7175K, committed 7296K, reserved 1048576K
2020-08-09T12:51:40.922+0800: 5.761: [GC pause (G1 Evacuation Pause) (young)
Desired survivor size 4718592 bytes, new threshold 3 (max 15)
- age   1:    1840296 bytes,    1840296 total
- age   2:    1210096 bytes,    3050392 total
- age   3:    1749336 bytes,    4799728 total
- age   4:    1109480 bytes,    5909208 total
, 0.0164475 secs]
   [Parallel Time: 15.7 ms, GC Workers: 4]
      [GC Worker Start (ms): Min: 5761.3, Avg: 5763.6, Max: 5770.6, Diff: 9.4]
      [Ext Root Scanning (ms): Min: 0.0, Avg: 1.0, Max: 1.7, Diff: 1.7, Sum: 3.9]
      [Update RS (ms): Min: 0.0, Avg: 2.8, Max: 3.9, Diff: 3.9, Sum: 11.2]
         [Processed Buffers: Min: 0, Avg: 6.5, Max: 9, Diff: 9, Sum: 26]
      [Scan RS (ms): Min: 0.0, Avg: 0.0, Max: 0.0, Diff: 0.0, Sum: 0.1]
      [Code Root Scanning (ms): Min: 0.0, Avg: 0.1, Max: 0.2, Diff: 0.2, Sum: 0.3]
      [Object Copy (ms): Min: 6.1, Avg: 9.3, Max: 10.7, Diff: 4.6, Sum: 37.3]
      [Termination (ms): Min: 0.0, Avg: 0.2, Max: 0.2, Diff: 0.2, Sum: 0.7]
         [Termination Attempts: Min: 1, Avg: 16.0, Max: 38, Diff: 37, Sum: 64]
      [GC Worker Other (ms): Min: 0.0, Avg: 0.0, Max: 0.0, Diff: 0.0, Sum: 0.0]
      [GC Worker Total (ms): Min: 6.3, Avg: 13.3, Max: 15.7, Diff: 9.4, Sum: 53.4]
      [GC Worker End (ms): Min: 5777.0, Avg: 5777.0, Max: 5777.0, Diff: 0.0]
   [Code Root Fixup: 0.0 ms]
   [Code Root Purge: 0.0 ms]
   [Clear CT: 0.1 ms]
   [Other: 0.6 ms]
      [Choose CSet: 0.0 ms]
      [Ref Proc: 0.4 ms]
      [Ref Enq: 0.0 ms]
      [Redirty Cards: 0.1 ms]
      [Humongous Register: 0.0 ms]
      [Humongous Reclaim: 0.0 ms]
      [Free CSet: 0.1 ms]
   [Eden: 62.0M(62.0M)->0.0B(61.0M) Survivors: 8192.0K->7168.0K Heap: 95.4M(118.0M)->37.3M(118.0M)]
Heap after GC invocations=25 (full 0):
 garbage-first heap   total 120832K, used 38231K [0x000000008a000000, 0x000000008a1003b0, 0x0000000100000000)
  region size 1024K, 7 young (7168K), 7 survivors (7168K)
 Metaspace       used 52534K, capacity 55092K, committed 55424K, reserved 1097728K
  class space    used 6697K, capacity 7175K, committed 7296K, reserved 1048576K
}
 [Times: user=0.07 sys=0.00, real=0.02 secs] 
